RealVNC(R) Server 7.13.1 (r57) ARMv8-A (Dec 6 2024 18:49:25)
Copyright (C) RealVNC Ltd.
RealVNC and VNC are trademarks of RealVNC Ltd and are protected by trademark
registrations and/or pending trademark applications in the European Union,
United States of America and other jurisdictions.
Protected by UK patent 2481870; US patent 8760366; EU patent 2652951.
See https://www.realvnc.com for information on VNC.
For third party acknowledgements see:
https://www.realvnc.com/docs/7/foss.html
OS: Debian GNU/Linux 12, Linux 6.12.47+rpt, aarch64
<14> 2026-02-16T12:47:23.201Z aria vncserver-x11[238949]: LogDestMem: Start replaying stored messages
<14> 2026-02-16T12:47:23.201Z aria vncserver-x11[238949]: Localize: Locales en_US
<14> 2026-02-16T12:47:23.201Z aria vncserver-x11[238949]: JoinMgr: Getting CloudConfig.pkg from built-in resource
<14> 2026-02-16T12:47:23.201Z aria vncserver-x11[238949]: JoinMgr: Using business identifier 196c2445-fdd5-449d-a80c-fd87b47b6318
<14> 2026-02-16T12:47:23.201Z aria vncserver-x11[238949]: Licensing: Using online license token 0, changed 0
<14> 2026-02-16T12:47:23.201Z aria vncserver-x11[238949]: RootHelperIpc: Coprocess on fd 3
<14> 2026-02-16T12:47:23.201Z aria vncserver-x11[238949]: Licensing: Using default license: Raspberry Pi Edition
<14> 2026-02-16T12:47:23.201Z aria vncserver-x11[238949]: LogDestMem: Finished replaying stored messages
<13> 2026-02-16T12:47:23.201Z aria vncserver-x11[238949]: ServerManager: Server started
<14> 2026-02-16T12:47:23.201Z aria vncserver-x11[238949]: Licensing: Using default license: Raspberry Pi Edition
<14> 2026-02-16T12:47:23.201Z aria vncserver-x11[238949]: SFeatureRaspberryPi: Raspberry Pi edition on Raspberry Pi 5 Model B Rev 1.1
<14> 2026-02-16T12:47:23.201Z aria vncserver-x11[238949]: RsaPrivateKey: Generating RSA private key
<11> 2026-02-16T12:47:23.302Z aria vncserver-x11[238949]: TcpListenerManager: not listening on [::]::5900: bind: Address already in use (98)
<11> 2026-02-16T12:47:23.302Z aria vncserver-x11[238949]: TcpListenerManager: not accepting connections: failed to listen on at least one address.
<14> 2026-02-16T12:47:23.302Z aria vncserver-x11[238949]: Licensing: Using default license: Raspberry Pi Edition
<11> 2026-02-16T12:47:23.303Z aria vncserver-x11[238949]: TcpListenerManager: not listening on [::]::5900: bind: Address already in use (98)
<11> 2026-02-16T12:47:23.303Z aria vncserver-x11[238949]: TcpListenerManager: not accepting connections: failed to listen on at least one address.
<11> 2026-02-16T12:47:23.303Z aria vncserver-x11[238949]: TcpListenerManager: not listening on [::]::5900: bind: Address already in use (98)
<11> 2026-02-16T12:47:23.303Z aria vncserver-x11[238949]: TcpListenerManager: not accepting connections: failed to listen on at least one address.
<11> 2026-02-16T12:47:23.303Z aria vncserver-x11[238949]: TcpListenerManager: not listening on [::]::5900: bind: Address already in use (98)
<11> 2026-02-16T12:47:23.303Z aria vncserver-x11[238949]: TcpListenerManager: not accepting connections: failed to listen on at least one address.
<11> 2026-02-16T12:47:23.303Z aria vncserver-x11[238949]: TcpListenerManager: not listening on [::]::5900: bind: Address already in use (98)
<11> 2026-02-16T12:47:23.303Z aria vncserver-x11[238949]: TcpListenerManager: not accepting connections: failed to listen on at least one address.
<11> 2026-02-16T12:47:23.304Z aria vncserver-x11[238949]: TcpListenerManager: not listening on [::]::5900: bind: Address already in use (98)
<11> 2026-02-16T12:47:23.304Z aria vncserver-x11[238949]: TcpListenerManager: not accepting connections: failed to listen on at least one address.
<14> 2026-02-16T12:47:23.338Z aria vncserver-x11[238949]: SModuleCtrlCommsListen: listening on /tmp/.vnc-1005/vncserver-x11.CtrlComms
<11> 2026-02-16T12:47:23.400Z aria vncserver-x11[238949]: AgentInitCheck: agent comms failure
<14> 2026-02-16T12:47:23.401Z aria vncserver-x11[238949]: AgentMgrLauncher: Restarting agent in 5000ms
<14> 2026-02-16T12:47:23.696Z aria vncserver-x11[238949]: SModuleRsaKey: Using new key: bf-57-e2-b4-75-c0-ca-b2 (catchphrase "Dollar flood Memphis. David helium Joshua.")
<11> 2026-02-16T12:47:28.328Z aria vncserver-x11[238949]: AgentInitCheck: no response from agent
<14> 2026-02-16T12:47:28.328Z aria vncserver-x11[238949]: AgentMgrLauncher: Restarting agent in 5000ms
<11> 2026-02-16T12:47:33.332Z aria vncserver-x11[238949]: AgentInitCheck: agent comms failure
<14> 2026-02-16T12:47:33.332Z aria vncserver-x11[238949]: AgentMgrLauncher: Restarting agent in 5000ms
<11> 2026-02-16T12:47:38.333Z aria vncserver-x11[238949]: AgentInitCheck: no response from agent
<14> 2026-02-16T12:47:38.333Z aria vncserver-x11[238949]: AgentMgrLauncher: Restarting agent in 5000ms
<11> 2026-02-16T12:47:43.337Z aria vncserver-x11[238949]: AgentInitCheck: agent comms failure
<14> 2026-02-16T12:47:43.337Z aria vncserver-x11[238949]: AgentMgrLauncher: Restarting agent in 5000ms
<14> 2026-02-16T12:47:47.201Z aria vncserver-x11[238949]: main: Got signal SIGINT
<13> 2026-02-16T12:47:47.202Z aria vncserver-x11[238949]: ServerManager: Server stopped
