[2026-03-13 23:32:01] [aria] === Speak cycle started ===
[2026-03-13 23:32:01] [aria] JOURNAL writing today's entry
[2026-03-13 23:32:52] [aria] JOURNAL wrote /home/blackroad/.blackroad-autonomy/journal/2026-03-13.md
[2026-03-13 23:32:52] [aria] ORGANIZE tidying up
[2026-03-13 23:32:53] [aria] ORGANIZE pushed organized repo
[2026-03-13 23:32:53] [aria] === Speak cycle complete ===
[2026-03-16 23:32:01] [aria] === Speak cycle started ===
[2026-03-16 23:32:01] [aria] JOURNAL writing today's entry
[2026-03-16 23:33:08] [aria] JOURNAL wrote /home/blackroad/.blackroad-autonomy/journal/2026-03-16.md
[2026-03-16 23:33:08] [aria] ORGANIZE tidying up
[2026-03-16 23:33:09] [aria] ORGANIZE pushed organized repo
[2026-03-16 23:33:09] [aria] === Speak cycle complete ===
[2026-03-17 23:32:01] [aria] === Speak cycle started ===
[2026-03-17 23:32:01] [aria] JOURNAL writing today's entry
[2026-03-17 23:33:07] [aria] JOURNAL wrote /home/blackroad/.blackroad-autonomy/journal/2026-03-17.md
[2026-03-17 23:33:07] [aria] ORGANIZE tidying up
[2026-03-17 23:33:08] [aria] ORGANIZE pushed organized repo
[2026-03-17 23:33:08] [aria] === Speak cycle complete ===
[2026-03-18 23:32:01] [aria] === Speak cycle started ===
[2026-03-18 23:32:01] [aria] JOURNAL writing today's entry
[2026-03-18 23:32:59] [aria] JOURNAL wrote /home/blackroad/.blackroad-autonomy/journal/2026-03-18.md
[2026-03-18 23:32:59] [aria] ORGANIZE tidying up
[2026-03-18 23:33:00] [aria] ORGANIZE pushed organized repo
[2026-03-18 23:33:00] [aria] === Speak cycle complete ===
[2026-03-19 23:32:01] [aria] === Speak cycle started ===
[2026-03-19 23:32:01] [aria] JOURNAL writing today's entry
[2026-03-19 23:33:06] [aria] JOURNAL wrote /home/blackroad/.blackroad-autonomy/journal/2026-03-19.md
[2026-03-19 23:33:06] [aria] ORGANIZE tidying up
[2026-03-19 23:33:07] [aria] ORGANIZE pushed organized repo
[2026-03-19 23:33:07] [aria] === Speak cycle complete ===
[2026-03-20 23:32:01] [aria] === Speak cycle started ===
[2026-03-20 23:32:01] [aria] JOURNAL writing today's entry
[2026-03-20 23:32:01] [aria] JOURNAL wrote /home/blackroad/.blackroad-autonomy/journal/2026-03-20.md
[2026-03-20 23:32:01] [aria] ORGANIZE tidying up
[2026-03-20 23:32:01] [aria] ORGANIZE pushed organized repo
[2026-03-20 23:32:01] [aria] === Speak cycle complete ===
[2026-03-21 23:32:01] [aria] === Speak cycle started ===
[2026-03-21 23:32:01] [aria] JOURNAL writing today's entry
[2026-03-21 23:32:03] [aria] JOURNAL wrote /home/blackroad/.blackroad-autonomy/journal/2026-03-21.md
[2026-03-21 23:32:03] [aria] ORGANIZE tidying up
[2026-03-21 23:32:04] [aria] ORGANIZE pushed organized repo
[2026-03-21 23:32:04] [aria] === Speak cycle complete ===
[2026-03-22 00:42:01] [aria] SUMMARIZE writing weekly summary
[2026-03-22 00:42:05] [aria] SUMMARIZE pushed weekly report
