[38;5;205m╔═══════════════════════════════════════════╗[0m
[38;5;205m║  BlackRoad Production Enhancer             ║[0m
[38;5;205m╚═══════════════════════════════════════════╝[0m
Mode: LIVE
[38;5;205m━━━ BlackRoad-Security ━━━[0m
  [38;5;82m+2[0m BlackRoad-Security/blackroad-incident-response (generic)
  [38;5;82m+2[0m BlackRoad-Security/security-audits (shell)
  [38;5;82m+2[0m BlackRoad-Security/blackroad-cert-manager (generic)
  [38;5;82m+2[0m BlackRoad-Security/blackroad-password-manager (generic)
  [38;5;82m+2[0m BlackRoad-Security/blackroad-siem (generic)
  [38;5;82m+2[0m BlackRoad-Security/blackroad-threat-intel (python)
  [38;5;82m+2[0m BlackRoad-Security/blackroad-identity-provider (python)
  [38;5;82m+2[0m BlackRoad-Security/blackroad-compliance-framework (python)
  [38;5;82m+2[0m BlackRoad-Security/blackroad-secret-scanner (python)
  [38;5;82m+2[0m BlackRoad-Security/blackroad-encryption-suite (python)
  [38;5;82m+2[0m BlackRoad-Security/blackroad-access-control (python)
  [38;5;82m+2[0m BlackRoad-Security/blackroad-pen-test (python)
  [38;5;82m+2[0m BlackRoad-Security/blackroad-security-audit (python)
  [38;5;82m+2[0m BlackRoad-Security/penetration-testing (shell)

[38;5;82mEnhanced:[0m 14 | [38;5;135mSkipped:[0m 2 | [38;5;196mFailed:[0m 0 | Total: 16
Log: /Users/alexa/.blackroad-production-enhance/enhance-20260309-064114.log
