[38;5;205m╔═══════════════════════════════════════════╗[0m
[38;5;205m║  BlackRoad Production Enhancer             ║[0m
[38;5;205m╚═══════════════════════════════════════════╝[0m
Mode: LIVE
[38;5;205m━━━ BlackRoad-OS-Inc ━━━[0m
  [38;5;135mok[0m BlackRoad-OS-Inc/blackroad-agents
  [38;5;82m+1[0m BlackRoad-OS-Inc/blackroad-core (worker)
  [38;5;82m+1[0m BlackRoad-OS-Inc/blackroad-cli (worker)
  [38;5;82m+1[0m BlackRoad-OS-Inc/blackroad-web (nextjs)
  [38;5;82m+2[0m BlackRoad-OS-Inc/blackroad (nextjs)
  [38;5;135mok[0m BlackRoad-OS-Inc/blackroad-docs
  [38;5;82m+2[0m BlackRoad-OS-Inc/blackroad-design (worker)
  [38;5;82m+2[0m BlackRoad-OS-Inc/blackroad-workerd-edge (worker)
  [38;5;82m+2[0m BlackRoad-OS-Inc/blackroad-infra (nextjs)
  [38;5;82m+2[0m BlackRoad-OS-Inc/blackroad-hardware (python)
  [38;5;82m+2[0m BlackRoad-OS-Inc/blackroad-chat (worker)
  [38;5;82m+3[0m BlackRoad-OS-Inc/demo-repository (worker)
  [38;5;82m+1[0m BlackRoad-OS-Inc/blackroad-gateway (worker)
  [38;5;82m+2[0m BlackRoad-OS-Inc/blackroad-math (worker)
  [38;5;82m+2[0m BlackRoad-OS-Inc/blackroad-sdk (worker)
  [38;5;82m+1[0m BlackRoad-OS-Inc/blackroad-api (worker)
  [38;5;82m+2[0m BlackRoad-OS-Inc/blackroad-operator (nextjs)
  [38;5;82m+2[0m BlackRoad-OS-Inc/blackroad-brand-kit (shell)
  [38;5;82m+2[0m BlackRoad-OS-Inc/blackroad-sf (node)

[38;5;82mEnhanced:[0m 17 | [38;5;135mSkipped:[0m 4 | [38;5;196mFailed:[0m 0 | Total: 21
Log: /Users/alexa/.blackroad-production-enhance/enhance-20260309-064645.log
