0 verbose cli /home/blackroad/.nvm/versions/node/v20.20.0/bin/node /home/blackroad/.nvm/versions/node/v20.20.0/bin/npm
1 info using npm@10.8.2
2 info using node@v20.20.0
3 silly config load:file:/home/blackroad/.nvm/versions/node/v20.20.0/lib/node_modules/npm/npmrc
4 silly config load:file:/home/blackroad/actions-runner/_work/blackroad/blackroad/.npmrc
5 silly config load:file:/home/blackroad/.npmrc
6 silly config load:file:/home/blackroad/.nvm/versions/node/v20.20.0/etc/npmrc
7 verbose title npm audit
8 verbose argv "audit" "--audit-level" "high"
9 verbose logfile logs-max:10 dir:/home/blackroad/.npm/_logs/2026-03-22T08_53_52_817Z-
10 verbose logfile /home/blackroad/.npm/_logs/2026-03-22T08_53_52_817Z-debug-0.log
11 silly packumentCache heap:2197815296 maxSize:549453824 maxEntrySize:274726912
12 silly logfile start cleaning logs, removing 1 files
13 silly logfile done cleaning log files
14 silly audit bulk request {
14 silly audit   '@cloudflare/kv-asset-handler': [ '0.4.2' ],
14 silly audit   '@cloudflare/unenv-preset': [ '2.14.0' ],
14 silly audit   '@cloudflare/workerd-darwin-64': [ '1.20260305.0' ],
14 silly audit   '@cloudflare/workerd-darwin-arm64': [ '1.20260305.0' ],
14 silly audit   '@cloudflare/workerd-linux-64': [ '1.20260305.0' ],
14 silly audit   '@cloudflare/workerd-linux-arm64': [ '1.20260305.0' ],
14 silly audit   '@cloudflare/workerd-windows-64': [ '1.20260305.0' ],
14 silly audit   '@cspotcode/source-map-support': [ '0.8.1' ],
14 silly audit   '@emnapi/runtime': [ '1.8.1' ],
14 silly audit   '@esbuild/aix-ppc64': [ '0.27.3' ],
14 silly audit   '@esbuild/android-arm': [ '0.27.3' ],
14 silly audit   '@esbuild/android-arm64': [ '0.27.3' ],
14 silly audit   '@esbuild/android-x64': [ '0.27.3' ],
14 silly audit   '@esbuild/darwin-arm64': [ '0.27.3' ],
14 silly audit   '@esbuild/darwin-x64': [ '0.27.3' ],
14 silly audit   '@esbuild/freebsd-arm64': [ '0.27.3' ],
14 silly audit   '@esbuild/freebsd-x64': [ '0.27.3' ],
14 silly audit   '@esbuild/linux-arm': [ '0.27.3' ],
14 silly audit   '@esbuild/linux-arm64': [ '0.27.3' ],
14 silly audit   '@esbuild/linux-ia32': [ '0.27.3' ],
14 silly audit   '@esbuild/linux-loong64': [ '0.27.3' ],
14 silly audit   '@esbuild/linux-mips64el': [ '0.27.3' ],
14 silly audit   '@esbuild/linux-ppc64': [ '0.27.3' ],
14 silly audit   '@esbuild/linux-riscv64': [ '0.27.3' ],
14 silly audit   '@esbuild/linux-s390x': [ '0.27.3' ],
14 silly audit   '@esbuild/linux-x64': [ '0.27.3' ],
14 silly audit   '@esbuild/netbsd-arm64': [ '0.27.3' ],
14 silly audit   '@esbuild/netbsd-x64': [ '0.27.3' ],
14 silly audit   '@esbuild/openbsd-arm64': [ '0.27.3' ],
14 silly audit   '@esbuild/openbsd-x64': [ '0.27.3' ],
14 silly audit   '@esbuild/openharmony-arm64': [ '0.27.3' ],
14 silly audit   '@esbuild/sunos-x64': [ '0.27.3' ],
14 silly audit   '@esbuild/win32-arm64': [ '0.27.3' ],
14 silly audit   '@esbuild/win32-ia32': [ '0.27.3' ],
14 silly audit   '@esbuild/win32-x64': [ '0.27.3' ],
14 silly audit   '@img/colour': [ '1.1.0' ],
14 silly audit   '@img/sharp-darwin-arm64': [ '0.34.5' ],
14 silly audit   '@img/sharp-darwin-x64': [ '0.34.5' ],
14 silly audit   '@img/sharp-libvips-darwin-arm64': [ '1.2.4' ],
14 silly audit   '@img/sharp-libvips-darwin-x64': [ '1.2.4' ],
14 silly audit   '@img/sharp-libvips-linux-arm': [ '1.2.4' ],
14 silly audit   '@img/sharp-libvips-linux-arm64': [ '1.2.4' ],
14 silly audit   '@img/sharp-libvips-linux-ppc64': [ '1.2.4' ],
14 silly audit   '@img/sharp-libvips-linux-riscv64': [ '1.2.4' ],
14 silly audit   '@img/sharp-libvips-linux-s390x': [ '1.2.4' ],
14 silly audit   '@img/sharp-libvips-linux-x64': [ '1.2.4' ],
14 silly audit   '@img/sharp-libvips-linuxmusl-arm64': [ '1.2.4' ],
14 silly audit   '@img/sharp-libvips-linuxmusl-x64': [ '1.2.4' ],
14 silly audit   '@img/sharp-linux-arm': [ '0.34.5' ],
14 silly audit   '@img/sharp-linux-arm64': [ '0.34.5' ],
14 silly audit   '@img/sharp-linux-ppc64': [ '0.34.5' ],
14 silly audit   '@img/sharp-linux-riscv64': [ '0.34.5' ],
14 silly audit   '@img/sharp-linux-s390x': [ '0.34.5' ],
14 silly audit   '@img/sharp-linux-x64': [ '0.34.5' ],
14 silly audit   '@img/sharp-linuxmusl-arm64': [ '0.34.5' ],
14 silly audit   '@img/sharp-linuxmusl-x64': [ '0.34.5' ],
14 silly audit   '@img/sharp-wasm32': [ '0.34.5' ],
14 silly audit   '@img/sharp-win32-arm64': [ '0.34.5' ],
14 silly audit   '@img/sharp-win32-ia32': [ '0.34.5' ],
14 silly audit   '@img/sharp-win32-x64': [ '0.34.5' ],
14 silly audit   '@jridgewell/resolve-uri': [ '3.1.2' ],
14 silly audit   '@jridgewell/sourcemap-codec': [ '1.5.5' ],
14 silly audit   '@jridgewell/trace-mapping': [ '0.3.9' ],
14 silly audit   '@poppinss/colors': [ '4.1.6' ],
14 silly audit   '@poppinss/dumper': [ '0.6.5' ],
14 silly audit   '@poppinss/exception': [ '1.2.3' ],
14 silly audit   '@rollup/rollup-android-arm-eabi': [ '4.59.0' ],
14 silly audit   '@rollup/rollup-android-arm64': [ '4.59.0' ],
14 silly audit   '@rollup/rollup-darwin-arm64': [ '4.59.0' ],
14 silly audit   '@rollup/rollup-darwin-x64': [ '4.59.0' ],
14 silly audit   '@rollup/rollup-freebsd-arm64': [ '4.59.0' ],
14 silly audit   '@rollup/rollup-freebsd-x64': [ '4.59.0' ],
14 silly audit   '@rollup/rollup-linux-arm-gnueabihf': [ '4.59.0' ],
14 silly audit   '@rollup/rollup-linux-arm-musleabihf': [ '4.59.0' ],
14 silly audit   '@rollup/rollup-linux-arm64-gnu': [ '4.59.0' ],
14 silly audit   '@rollup/rollup-linux-arm64-musl': [ '4.59.0' ],
14 silly audit   '@rollup/rollup-linux-loong64-gnu': [ '4.59.0' ],
14 silly audit   '@rollup/rollup-linux-loong64-musl': [ '4.59.0' ],
14 silly audit   '@rollup/rollup-linux-ppc64-gnu': [ '4.59.0' ],
14 silly audit   '@rollup/rollup-linux-ppc64-musl': [ '4.59.0' ],
14 silly audit   '@rollup/rollup-linux-riscv64-gnu': [ '4.59.0' ],
14 silly audit   '@rollup/rollup-linux-riscv64-musl': [ '4.59.0' ],
14 silly audit   '@rollup/rollup-linux-s390x-gnu': [ '4.59.0' ],
14 silly audit   '@rollup/rollup-linux-x64-gnu': [ '4.59.0' ],
14 silly audit   '@rollup/rollup-linux-x64-musl': [ '4.59.0' ],
14 silly audit   '@rollup/rollup-openbsd-x64': [ '4.59.0' ],
14 silly audit   '@rollup/rollup-openharmony-arm64': [ '4.59.0' ],
14 silly audit   '@rollup/rollup-win32-arm64-msvc': [ '4.59.0' ],
14 silly audit   '@rollup/rollup-win32-ia32-msvc': [ '4.59.0' ],
14 silly audit   '@rollup/rollup-win32-x64-gnu': [ '4.59.0' ],
14 silly audit   '@rollup/rollup-win32-x64-msvc': [ '4.59.0' ],
14 silly audit   '@sindresorhus/is': [ '7.2.0' ],
14 silly audit   '@speed-highlight/core': [ '1.2.14' ],
14 silly audit   '@standard-schema/spec': [ '1.1.0' ],
14 silly audit   '@types/chai': [ '5.2.3' ],
14 silly audit   '@types/deep-eql': [ '4.0.2' ],
14 silly audit   '@types/estree': [ '1.0.8' ],
14 silly audit   '@types/node': [ '25.3.3' ],
14 silly audit   '@vitest/expect': [ '4.0.18' ],
14 silly audit   '@vitest/mocker': [ '4.0.18' ],
14 silly audit   '@vitest/pretty-format': [ '4.0.18' ],
14 silly audit   '@vitest/runner': [ '4.0.18' ],
14 silly audit   '@vitest/snapshot': [ '4.0.18' ],
14 silly audit   '@vitest/spy': [ '4.0.18' ],
14 silly audit   '@vitest/utils': [ '4.0.18' ],
14 silly audit   ajv: [ '8.18.0' ],
14 silly audit   'ajv-formats': [ '3.0.1' ],
14 silly audit   'ansi-regex': [ '6.2.2' ],
14 silly audit   'assertion-error': [ '2.0.1' ],
14 silly audit   atomically: [ '2.1.1' ],
14 silly audit   'blake3-wasm': [ '2.1.5' ],
14 silly audit   chai: [ '6.2.2' ],
14 silly audit   chalk: [ '5.6.2' ],
14 silly audit   'cli-cursor': [ '5.0.0' ],
14 silly audit   'cli-spinners': [ '3.4.0' ],
14 silly audit   commander: [ '14.0.3' ],
14 silly audit   conf: [ '15.1.0' ],
14 silly audit   cookie: [ '1.1.1' ],
14 silly audit   'debounce-fn': [ '6.0.0' ],
14 silly audit   'detect-libc': [ '2.1.2' ],
14 silly audit   'dot-prop': [ '10.1.0' ],
14 silly audit   'env-paths': [ '3.0.0' ],
14 silly audit   'error-stack-parser-es': [ '1.0.5' ],
14 silly audit   'es-module-lexer': [ '1.7.0' ],
14 silly audit   esbuild: [ '0.27.3' ],
14 silly audit   'estree-walker': [ '3.0.3' ],
14 silly audit   'expect-type': [ '1.3.0' ],
14 silly audit   'fast-deep-equal': [ '3.1.3' ],
14 silly audit   'fast-uri': [ '3.1.0' ],
14 silly audit   fdir: [ '6.5.0' ],
14 silly audit   fsevents: [ '2.3.3' ],
14 silly audit   'get-east-asian-width': [ '1.5.0' ],
14 silly audit   'get-tsconfig': [ '4.13.6' ],
14 silly audit   'is-interactive': [ '2.0.0' ],
14 silly audit   'is-unicode-supported': [ '2.1.0' ],
14 silly audit   'json-schema-traverse': [ '1.0.0' ],
14 silly audit   'json-schema-typed': [ '8.0.2' ],
14 silly audit   kleur: [ '4.1.5' ],
14 silly audit   'log-symbols': [ '7.0.1' ],
14 silly audit   'magic-string': [ '0.30.21' ],
14 silly audit   'mimic-function': [ '5.0.1' ],
14 silly audit   miniflare: [ '4.20260305.0' ],
14 silly audit   nanoid: [ '3.3.11' ],
14 silly audit   obug: [ '2.1.1' ],
14 silly audit   onetime: [ '7.0.0' ],
14 silly audit   ora: [ '9.3.0' ],
14 silly audit   'path-to-regexp': [ '6.3.0' ],
14 silly audit   pathe: [ '2.0.3' ],
14 silly audit   picocolors: [ '1.1.1' ],
14 silly audit   picomatch: [ '4.0.3' ],
14 silly audit   postcss: [ '8.5.6' ],
14 silly audit   prettier: [ '3.8.1' ],
14 silly audit   'require-from-string': [ '2.0.2' ],
14 silly audit   'resolve-pkg-maps': [ '1.0.0' ],
14 silly audit   'restore-cursor': [ '5.1.0' ],
14 silly audit   rollup: [ '4.59.0' ],
14 silly audit   semver: [ '7.7.4' ],
14 silly audit   sharp: [ '0.34.5' ],
14 silly audit   siginfo: [ '2.0.0' ],
14 silly audit   'signal-exit': [ '4.1.0' ],
14 silly audit   'source-map-js': [ '1.2.1' ],
14 silly audit   stackback: [ '0.0.2' ],
14 silly audit   'std-env': [ '3.10.0' ],
14 silly audit   'stdin-discarder': [ '0.3.1' ],
14 silly audit   'string-width': [ '8.2.0' ],
14 silly audit   'strip-ansi': [ '7.1.2' ],
14 silly audit   'stubborn-fs': [ '2.0.0' ],
14 silly audit   'stubborn-utils': [ '1.0.2' ],
14 silly audit   'supports-color': [ '10.2.2' ],
14 silly audit   'tagged-tag': [ '1.0.0' ],
14 silly audit   tinybench: [ '2.9.0' ],
14 silly audit   tinyexec: [ '1.0.2' ],
14 silly audit   tinyglobby: [ '0.2.15' ],
14 silly audit   tinyrainbow: [ '3.0.3' ],
14 silly audit   tslib: [ '2.8.1' ],
14 silly audit   tsx: [ '4.21.0' ],
14 silly audit   'type-fest': [ '5.4.4' ],
14 silly audit   typescript: [ '5.9.3' ],
14 silly audit   'uint8array-extras': [ '1.5.0' ],
14 silly audit   undici: [ '7.18.2' ],
14 silly audit   'undici-types': [ '7.18.2' ],
14 silly audit   unenv: [ '2.0.0-rc.24' ],
14 silly audit   vite: [ '7.3.1' ],
14 silly audit   vitest: [ '4.0.18' ],
14 silly audit   'when-exit': [ '2.1.5' ],
14 silly audit   'why-is-node-running': [ '2.3.0' ],
14 silly audit   workerd: [ '1.20260305.0' ],
14 silly audit   wrangler: [ '4.69.0' ],
14 silly audit   ws: [ '8.18.0' ],
14 silly audit   yoctocolors: [ '2.1.2' ],
14 silly audit   youch: [ '4.1.0-beta.10' ],
14 silly audit   'youch-core': [ '0.3.3' ]
14 silly audit }
15 http fetch POST 200 https://registry.npmjs.org/-/npm/v1/security/advisories/bulk 203ms
16 silly audit report {
16 silly audit report   undici: [
16 silly audit report     {
16 silly audit report       id: 1114591,
16 silly audit report       url: 'https://github.com/advisories/GHSA-f269-vfmq-vjvj',
16 silly audit report       title: 'Undici: Malicious WebSocket 64-bit length overflows parser and crashes the client',
16 silly audit report       severity: 'high',
16 silly audit report       vulnerable_versions: '>=7.0.0 <7.24.0',
16 silly audit report       cwe: [Array],
16 silly audit report       cvss: [Object]
16 silly audit report     },
16 silly audit report     {
16 silly audit report       id: 1114593,
16 silly audit report       url: 'https://github.com/advisories/GHSA-2mjp-6q6p-2qxm',
16 silly audit report       title: 'Undici has an HTTP Request/Response Smuggling issue',
16 silly audit report       severity: 'moderate',
16 silly audit report       vulnerable_versions: '>=7.0.0 <7.24.0',
16 silly audit report       cwe: [Array],
16 silly audit report       cvss: [Object]
16 silly audit report     },
16 silly audit report     {
16 silly audit report       id: 1114637,
16 silly audit report       url: 'https://github.com/advisories/GHSA-vrm6-8vpv-qv8q',
16 silly audit report       title: 'Undici has Unbounded Memory Consumption in WebSocket permessage-deflate Decompression',
16 silly audit report       severity: 'high',
16 silly audit report       vulnerable_versions: '>=7.0.0 <7.24.0',
16 silly audit report       cwe: [Array],
16 silly audit report       cvss: [Object]
16 silly audit report     },
16 silly audit report     {
16 silly audit report       id: 1114639,
16 silly audit report       url: 'https://github.com/advisories/GHSA-v9p9-hfj2-hcw8',
16 silly audit report       title: 'Undici has Unhandled Exception in WebSocket Client Due to Invalid server_max_window_bits Validation',
16 silly audit report       severity: 'high',
16 silly audit report       vulnerable_versions: '>=7.0.0 <7.24.0',
16 silly audit report       cwe: [Array],
16 silly audit report       cvss: [Object]
16 silly audit report     },
16 silly audit report     {
16 silly audit report       id: 1114641,
16 silly audit report       url: 'https://github.com/advisories/GHSA-4992-7rv2-5pvq',
16 silly audit report       title: 'Undici has CRLF Injection in undici via `upgrade` option',
16 silly audit report       severity: 'moderate',
16 silly audit report       vulnerable_versions: '>=7.0.0 <7.24.0',
16 silly audit report       cwe: [Array],
16 silly audit report       cvss: [Object]
16 silly audit report     },
16 silly audit report     {
16 silly audit report       id: 1114643,
16 silly audit report       url: 'https://github.com/advisories/GHSA-phc3-fgpg-7m6h',
16 silly audit report       title: 'Undici has Unbounded Memory Consumption in its DeduplicationHandler via Response Buffering that leads to DoS',
16 silly audit report       severity: 'moderate',
16 silly audit report       vulnerable_versions: '>=7.17.0 <7.24.0',
16 silly audit report       cwe: [Array],
16 silly audit report       cvss: [Object]
16 silly audit report     }
16 silly audit report   ]
16 silly audit report }
17 silly packumentCache corgi:https://registry.npmjs.org/undici cache-miss
18 http fetch GET 200 https://registry.npmjs.org/undici 41ms (cache revalidated)
19 silly packumentCache corgi:https://registry.npmjs.org/undici set size:419992 disposed:false
20 silly packumentCache corgi:https://registry.npmjs.org/miniflare cache-miss
21 http fetch GET 200 https://registry.npmjs.org/miniflare 44ms (cache revalidated)
22 silly packumentCache corgi:https://registry.npmjs.org/miniflare set size:3092356 disposed:false
23 silly packumentCache corgi:https://registry.npmjs.org/wrangler cache-miss
24 http fetch GET 200 https://registry.npmjs.org/wrangler 87ms (cache revalidated)
25 silly packumentCache corgi:https://registry.npmjs.org/wrangler set size:15964350 disposed:false
26 verbose cwd /home/blackroad/actions-runner/_work/blackroad/blackroad
27 verbose os Linux 5.15.0-113-generic
28 verbose node v20.20.0
29 verbose npm  v10.8.2
30 verbose exit 1
31 verbose code 1
