0 verbose cli [
0 verbose cli   '/usr/bin/node',
0 verbose cli   '/usr/bin/npm',
0 verbose cli   'install',
0 verbose cli   '--loglevel=error',
0 verbose cli   '--prefer-offline',
0 verbose cli   '--no-audit',
0 verbose cli   '--progress=false',
0 verbose cli   '@esbuild/linux-x64@0.27.3'
0 verbose cli ]
1 info using npm@8.5.1
2 info using node@v12.22.9
3 timing npm:load:whichnode Completed in 0ms
4 timing config:load:defaults Completed in 2ms
5 timing config:load:file:/usr/share/nodejs/npm/npmrc Completed in 32ms
6 timing config:load:builtin Completed in 32ms
7 timing config:load:cli Completed in 3ms
8 timing config:load:env Completed in 0ms
9 timing config:load:file:/usr/local/lib/node_modules/wrangler/node_modules/esbuild/lib/npm-install/.npmrc Completed in 0ms
10 timing config:load:project Completed in 57ms
11 timing config:load:file:/root/.npmrc Completed in 0ms
12 timing config:load:user Completed in 0ms
13 timing config:load:file:/etc/npmrc Completed in 1ms
14 timing config:load:global Completed in 1ms
15 timing config:load:validate Completed in 0ms
16 timing config:load:credentials Completed in 1ms
17 timing config:load:setEnvs Completed in 1ms
18 timing config:load Completed in 98ms
19 timing npm:load:configload Completed in 99ms
20 timing npm:load:setTitle Completed in 0ms
21 timing config:load:flatten Completed in 3ms
22 timing npm:load:display Completed in 4ms
23 verbose logfile /root/.npm/_logs/2026-02-23T22_30_26_151Z-debug-0.log
24 timing npm:load:logFile Completed in 11ms
25 timing npm:load:timers Completed in 0ms
26 timing npm:load:configScope Completed in 0ms
27 timing npm:load Completed in 114ms
28 timing arborist:ctor Completed in 1ms
29 timing arborist:ctor Completed in 0ms
30 timing idealTree:init Completed in 13ms
31 timing idealTree:userRequests Completed in 5ms
32 silly idealTree buildDeps
33 silly fetch manifest @esbuild/linux-x64@0.27.3
34 http fetch GET 200 https://registry.npmjs.org/@esbuild%2flinux-x64 150ms (cache miss)
35 silly placeDep ROOT @esbuild/linux-x64@0.27.3 OK for:  want: 0.27.3
36 timing idealTree:#root Completed in 162ms
37 timing idealTree:node_modules/@esbuild/linux-x64 Completed in 0ms
38 timing idealTree:buildDeps Completed in 164ms
39 timing idealTree:fixDepFlags Completed in 1ms
40 warn EBADENGINE Unsupported engine {
40 warn EBADENGINE   package: '@esbuild/linux-x64@0.27.3',
40 warn EBADENGINE   required: { node: '>=18' },
40 warn EBADENGINE   current: { node: 'v12.22.9', npm: '8.5.1' }
40 warn EBADENGINE }
41 timing idealTree Completed in 191ms
42 timing reify:loadTrees Completed in 192ms
43 timing reify:diffTrees Completed in 1ms
44 silly reify moves {}
45 timing reify:retireShallow Completed in 0ms
46 timing reify:createSparse Completed in 9ms
47 timing reify:loadBundles Completed in 0ms
48 silly tarball no local data for @esbuild/linux-x64@https://registry.npmjs.org/@esbuild/linux-x64/-/linux-x64-0.27.3.tgz. Extracting by manifest.
49 http fetch GET 200 https://registry.npmjs.org/@esbuild/linux-x64/-/linux-x64-0.27.3.tgz 330ms (cache miss)
50 timing reifyNode:node_modules/@esbuild/linux-x64 Completed in 343ms
51 timing reify:unpack Completed in 343ms
52 timing reify:unretire Completed in 0ms
53 timing build:queue Completed in 0ms
54 timing build:deps Completed in 1ms
55 timing build Completed in 2ms
56 timing reify:build Completed in 2ms
57 timing reify:trash Completed in 0ms
58 timing reify:save Completed in 5ms
59 timing reify Completed in 577ms
60 silly ADD node_modules/@esbuild/linux-x64
61 timing command:install Completed in 588ms
62 verbose exit 0
63 timing npm Completed in 996ms
64 info ok
