0 verbose cli [ '/usr/bin/node', '/usr/bin/npm', 'install', '-g', '@railway/cli' ]
1 info using npm@8.5.1
2 info using node@v12.22.9
3 timing npm:load:whichnode Completed in 0ms
4 timing config:load:defaults Completed in 2ms
5 timing config:load:file:/usr/share/nodejs/npm/npmrc Completed in 18ms
6 timing config:load:builtin Completed in 18ms
7 timing config:load:cli Completed in 3ms
8 timing config:load:env Completed in 0ms
9 timing config:load:project Completed in 9ms
10 timing config:load:file:/root/.npmrc Completed in 0ms
11 timing config:load:user Completed in 0ms
12 timing config:load:file:/etc/npmrc Completed in 3ms
13 timing config:load:global Completed in 3ms
14 timing config:load:validate Completed in 1ms
15 timing config:load:credentials Completed in 1ms
16 timing config:load:setEnvs Completed in 1ms
17 timing config:load Completed in 38ms
18 timing npm:load:configload Completed in 38ms
19 timing npm:load:setTitle Completed in 0ms
20 timing config:load:flatten Completed in 3ms
21 timing npm:load:display Completed in 4ms
22 verbose logfile /root/.npm/_logs/2026-02-23T22_34_25_586Z-debug-0.log
23 timing npm:load:logFile Completed in 15ms
24 timing npm:load:timers Completed in 0ms
25 timing npm:load:configScope Completed in 0ms
26 timing npm:load Completed in 58ms
27 timing arborist:ctor Completed in 1ms
28 timing idealTree:init Completed in 17ms
29 timing idealTree:userRequests Completed in 13ms
30 silly idealTree buildDeps
31 silly fetch manifest @railway/cli@*
32 http fetch GET 200 https://registry.npmjs.org/@railway%2fcli 311ms (cache miss)
33 silly placeDep ROOT @railway/cli@4.30.4 OK for:  want: *
34 silly fetch manifest @napi-rs/triples@^1.1.0
35 silly fetch manifest node-fetch@^3.1.0
36 silly fetch manifest tar@^6.1.11
37 http fetch GET 200 https://registry.npmjs.org/node-fetch 124ms (cache miss)
38 http fetch GET 200 https://registry.npmjs.org/tar 152ms (cache miss)
39 http fetch GET 200 https://registry.npmjs.org/@napi-rs%2ftriples 302ms (cache miss)
40 timing idealTree:#root Completed in 654ms
41 silly placeDep node_modules/@railway/cli @napi-rs/triples@1.2.0 OK for: @railway/cli@4.30.4 want: ^1.1.0
42 silly placeDep node_modules/@railway/cli node-fetch@3.3.2 OK for: @railway/cli@4.30.4 want: ^3.1.0
43 silly placeDep node_modules/@railway/cli tar@6.2.1 OK for: @railway/cli@4.30.4 want: ^6.1.11
44 silly fetch manifest data-uri-to-buffer@^4.0.0
45 silly fetch manifest fetch-blob@^3.1.4
46 silly fetch manifest formdata-polyfill@^4.0.10
47 silly fetch manifest chownr@^2.0.0
48 silly fetch manifest mkdirp@^1.0.3
49 silly fetch manifest yallist@^4.0.0
50 silly fetch manifest minipass@^5.0.0
51 silly fetch manifest minizlib@^2.1.1
52 silly fetch manifest fs-minipass@^2.0.0
53 http fetch GET 200 https://registry.npmjs.org/data-uri-to-buffer 239ms (cache miss)
54 http fetch GET 200 https://registry.npmjs.org/fetch-blob 252ms (cache miss)
55 http fetch GET 200 https://registry.npmjs.org/chownr 240ms (cache miss)
56 http fetch GET 200 https://registry.npmjs.org/yallist 247ms (cache miss)
57 http fetch GET 200 https://registry.npmjs.org/fs-minipass 244ms (cache miss)
58 http fetch GET 200 https://registry.npmjs.org/formdata-polyfill 262ms (cache miss)
59 http fetch GET 200 https://registry.npmjs.org/minizlib 254ms (cache miss)
60 http fetch GET 200 https://registry.npmjs.org/mkdirp 268ms (cache miss)
61 http fetch GET 200 https://registry.npmjs.org/minipass 333ms (cache miss)
62 timing idealTree:node_modules/@railway/cli Completed in 383ms
63 timing idealTree:node_modules/@railway/cli/node_modules/@napi-rs/triples Completed in 0ms
64 silly placeDep node_modules/@railway/cli data-uri-to-buffer@4.0.1 OK for: node-fetch@3.3.2 want: ^4.0.0
65 silly placeDep node_modules/@railway/cli fetch-blob@3.2.0 OK for: node-fetch@3.3.2 want: ^3.1.4
66 silly placeDep node_modules/@railway/cli formdata-polyfill@4.0.10 OK for: node-fetch@3.3.2 want: ^4.0.10
67 silly fetch manifest node-domexception@^1.0.0
68 silly fetch manifest web-streams-polyfill@^3.0.3
69 http fetch GET 200 https://registry.npmjs.org/web-streams-polyfill 92ms (cache miss)
70 http fetch GET 200 https://registry.npmjs.org/node-domexception 116ms (cache miss)
71 timing idealTree:node_modules/@railway/cli/node_modules/node-fetch Completed in 152ms
72 timing idealTree:node_modules/@railway/cli/node_modules/data-uri-to-buffer Completed in 0ms
73 silly placeDep node_modules/@railway/cli node-domexception@1.0.0 OK for: fetch-blob@3.2.0 want: ^1.0.0
74 silly placeDep node_modules/@railway/cli web-streams-polyfill@3.3.3 OK for: fetch-blob@3.2.0 want: ^3.0.3
75 timing idealTree:node_modules/@railway/cli/node_modules/fetch-blob Completed in 3ms
76 timing idealTree:node_modules/@railway/cli/node_modules/formdata-polyfill Completed in 0ms
77 timing idealTree:node_modules/@railway/cli/node_modules/node-domexception Completed in 0ms
78 silly placeDep node_modules/@railway/cli chownr@2.0.0 OK for: tar@6.2.1 want: ^2.0.0
79 silly placeDep node_modules/@railway/cli fs-minipass@2.1.0 OK for: tar@6.2.1 want: ^2.0.0
80 silly placeDep node_modules/@railway/cli minipass@5.0.0 OK for: tar@6.2.1 want: ^5.0.0
81 silly placeDep node_modules/@railway/cli minizlib@2.1.2 OK for: tar@6.2.1 want: ^2.1.1
82 silly placeDep node_modules/@railway/cli mkdirp@1.0.4 OK for: tar@6.2.1 want: ^1.0.3
83 silly placeDep node_modules/@railway/cli yallist@4.0.0 OK for: tar@6.2.1 want: ^4.0.0
84 silly fetch manifest minipass@^3.0.0
85 timing idealTree:node_modules/@railway/cli/node_modules/tar Completed in 34ms
86 timing idealTree:node_modules/@railway/cli/node_modules/chownr Completed in 0ms
87 silly placeDep node_modules/@railway/cli/node_modules/fs-minipass minipass@3.3.6 OK for: fs-minipass@2.1.0 want: ^3.0.0
88 timing idealTree:node_modules/@railway/cli/node_modules/fs-minipass Completed in 3ms
89 timing idealTree:node_modules/@railway/cli/node_modules/minipass Completed in 0ms
90 silly placeDep node_modules/@railway/cli/node_modules/minizlib minipass@3.3.6 OK for: minizlib@2.1.2 want: ^3.0.0
91 timing idealTree:node_modules/@railway/cli/node_modules/minizlib Completed in 3ms
92 timing idealTree:node_modules/@railway/cli/node_modules/mkdirp Completed in 0ms
93 timing idealTree:node_modules/@railway/cli/node_modules/web-streams-polyfill Completed in 0ms
94 timing idealTree:node_modules/@railway/cli/node_modules/yallist Completed in 0ms
95 timing idealTree:node_modules/@railway/cli/node_modules/fs-minipass/node_modules/minipass Completed in 0ms
96 timing idealTree:node_modules/@railway/cli/node_modules/minizlib/node_modules/minipass Completed in 0ms
97 timing idealTree:buildDeps Completed in 1241ms
98 timing idealTree:fixDepFlags Completed in 1ms
99 warn EBADENGINE Unsupported engine {
99 warn EBADENGINE   package: '@railway/cli@4.30.4',
99 warn EBADENGINE   required: { node: '>=16.0.0' },
99 warn EBADENGINE   current: { node: 'v12.22.9', npm: '8.5.1' }
99 warn EBADENGINE }
100 timing idealTree Completed in 1277ms
101 timing reify:loadTrees Completed in 1284ms
102 timing reify:diffTrees Completed in 3ms
103 silly reify moves {}
104 timing reify:retireShallow Completed in 0ms
105 timing reify:createSparse Completed in 42ms
106 timing reify:loadBundles Completed in 0ms
107 silly audit bulk request {
107 silly audit   '@railway/cli': [ '4.30.4' ],
107 silly audit   '@napi-rs/triples': [ '1.2.0' ],
107 silly audit   'node-fetch': [ '3.3.2' ],
107 silly audit   tar: [ '6.2.1' ],
107 silly audit   'data-uri-to-buffer': [ '4.0.1' ],
107 silly audit   'fetch-blob': [ '3.2.0' ],
107 silly audit   'formdata-polyfill': [ '4.0.10' ],
107 silly audit   'node-domexception': [ '1.0.0' ],
107 silly audit   'web-streams-polyfill': [ '3.3.3' ],
107 silly audit   chownr: [ '2.0.0' ],
107 silly audit   'fs-minipass': [ '2.1.0' ],
107 silly audit   minipass: [ '5.0.0', '3.3.6' ],
107 silly audit   minizlib: [ '2.1.2' ],
107 silly audit   mkdirp: [ '1.0.4' ],
107 silly audit   yallist: [ '4.0.0' ]
107 silly audit }
108 silly tarball no local data for yallist@https://registry.npmjs.org/yallist/-/yallist-4.0.0.tgz. Extracting by manifest.
109 silly tarball no local data for mkdirp@https://registry.npmjs.org/mkdirp/-/mkdirp-1.0.4.tgz. Extracting by manifest.
110 silly tarball no local data for minizlib@https://registry.npmjs.org/minizlib/-/minizlib-2.1.2.tgz. Extracting by manifest.
111 silly tarball no local data for minipass@https://registry.npmjs.org/minipass/-/minipass-3.3.6.tgz. Extracting by manifest.
112 silly tarball no local data for minipass@https://registry.npmjs.org/minipass/-/minipass-5.0.0.tgz. Extracting by manifest.
113 silly tarball no local data for fs-minipass@https://registry.npmjs.org/fs-minipass/-/fs-minipass-2.1.0.tgz. Extracting by manifest.
114 silly tarball no local data for minipass@https://registry.npmjs.org/minipass/-/minipass-3.3.6.tgz. Extracting by manifest.
115 silly tarball no local data for chownr@https://registry.npmjs.org/chownr/-/chownr-2.0.0.tgz. Extracting by manifest.
116 silly tarball no local data for web-streams-polyfill@https://registry.npmjs.org/web-streams-polyfill/-/web-streams-polyfill-3.3.3.tgz. Extracting by manifest.
117 silly tarball no local data for node-domexception@https://registry.npmjs.org/node-domexception/-/node-domexception-1.0.0.tgz. Extracting by manifest.
118 silly tarball no local data for formdata-polyfill@https://registry.npmjs.org/formdata-polyfill/-/formdata-polyfill-4.0.10.tgz. Extracting by manifest.
119 silly tarball no local data for fetch-blob@https://registry.npmjs.org/fetch-blob/-/fetch-blob-3.2.0.tgz. Extracting by manifest.
120 silly tarball no local data for data-uri-to-buffer@https://registry.npmjs.org/data-uri-to-buffer/-/data-uri-to-buffer-4.0.1.tgz. Extracting by manifest.
121 silly tarball no local data for tar@https://registry.npmjs.org/tar/-/tar-6.2.1.tgz. Extracting by manifest.
122 silly tarball no local data for node-fetch@https://registry.npmjs.org/node-fetch/-/node-fetch-3.3.2.tgz. Extracting by manifest.
123 silly tarball no local data for @napi-rs/triples@https://registry.npmjs.org/@napi-rs/triples/-/triples-1.2.0.tgz. Extracting by manifest.
124 http fetch POST 200 https://registry.npmjs.org/-/npm/v1/security/advisories/bulk 382ms
125 timing auditReport:getReport Completed in 385ms
126 silly audit report {
126 silly audit report   tar: [
126 silly audit report     {
126 silly audit report       id: 1112329,
126 silly audit report       url: 'https://github.com/advisories/GHSA-r6q2-hw4h-h46w',
126 silly audit report       title: 'Race Condition in node-tar Path Reservations via Unicode Ligature Collisions on macOS APFS',
126 silly audit report       severity: 'high',
126 silly audit report       vulnerable_versions: '<=7.5.3',
126 silly audit report       cwe: [Array],
126 silly audit report       cvss: [Object]
126 silly audit report     },
126 silly audit report     {
126 silly audit report       id: 1112659,
126 silly audit report       url: 'https://github.com/advisories/GHSA-34x7-hfp2-rc4v',
126 silly audit report       title: 'node-tar Vulnerable to Arbitrary File Creation/Overwrite via Hardlink Path Traversal',
126 silly audit report       severity: 'high',
126 silly audit report       vulnerable_versions: '<7.5.7',
126 silly audit report       cwe: [Array],
126 silly audit report       cvss: [Object]
126 silly audit report     },
126 silly audit report     {
126 silly audit report       id: 1113300,
126 silly audit report       url: 'https://github.com/advisories/GHSA-8qq5-rm4j-mr97',
126 silly audit report       title: 'node-tar is Vulnerable to Arbitrary File Overwrite and Symlink Poisoning via Insufficient Path Sanitization',
126 silly audit report       severity: 'high',
126 silly audit report       vulnerable_versions: '<=7.5.2',
126 silly audit report       cwe: [Array],
126 silly audit report       cvss: [Object]
126 silly audit report     },
126 silly audit report     {
126 silly audit report       id: 1113375,
126 silly audit report       url: 'https://github.com/advisories/GHSA-83g3-92jg-28cx',
126 silly audit report       title: 'Arbitrary File Read/Write via Hardlink Target Escape Through Symlink Chain in node-tar Extraction',
126 silly audit report       severity: 'high',
126 silly audit report       vulnerable_versions: '<7.5.8',
126 silly audit report       cwe: [Array],
126 silly audit report       cvss: [Object]
126 silly audit report     }
126 silly audit report   ]
126 silly audit report }
127 timing metavuln:packument:tar Completed in 0ms
128 timing metavuln:cache:get:security-advisory:tar:a2Rq633Fb450KrL5I+PBBip9RehJ6FtWDjNsehiUQQhfKxytiNr8LSDlXjQgxefFIJVCdcIimTEzMjwUrv3mRQ== Completed in 129ms
129 timing metavuln:load:security-advisory:tar:1112329 Completed in 2ms
130 timing metavuln:calculate:security-advisory:tar:1112329 Completed in 131ms
131 timing metavuln:cache:get:security-advisory:tar:qPQeYPFDBIedTWfYK3sbnScF6Ha7ouTs+wgndnz4PT5P+/K+GBD4epoPcYpXlu6AC7gSJlCJTJeuKbYAFoK9PA== Completed in 130ms
132 timing metavuln:load:security-advisory:tar:1112659 Completed in 11ms
133 timing metavuln:calculate:security-advisory:tar:1112659 Completed in 142ms
134 timing metavuln:cache:get:security-advisory:tar:cbwMpzkxWE086TmEbj2aUk80Z6hlvP0jzlWS+XiX15JwqEtFzUgHyHj3QX4I6EZYk8tgcYPuNr3hYFVCQY6e3Q== Completed in 142ms
135 timing metavuln:load:security-advisory:tar:1113300 Completed in 6ms
136 timing metavuln:calculate:security-advisory:tar:1113300 Completed in 148ms
137 timing metavuln:cache:get:security-advisory:tar:Bbf0Br7FJ1lJBIJDoLLFwjsDrbaYgLVqfrwr0ATzSQWEKW7Xp073S+5zxU9imRf4OqRJHo2MsCDeyKR0KRVsdA== Completed in 148ms
138 timing metavuln:load:security-advisory:tar:1113375 Completed in 1ms
139 timing metavuln:calculate:security-advisory:tar:1113375 Completed in 149ms
140 timing auditReport:init Completed in 166ms
141 timing reify:audit Completed in 553ms
142 http fetch GET 200 https://registry.npmjs.org/chownr/-/chownr-2.0.0.tgz 487ms (cache miss)
143 timing reifyNode:node_modules/@railway/cli/node_modules/chownr Completed in 613ms
144 http fetch GET 200 https://registry.npmjs.org/fs-minipass/-/fs-minipass-2.1.0.tgz 590ms (cache miss)
145 timing reifyNode:node_modules/@railway/cli/node_modules/fs-minipass Completed in 700ms
146 http fetch GET 200 https://registry.npmjs.org/yallist/-/yallist-4.0.0.tgz 675ms (cache miss)
147 timing reifyNode:node_modules/@railway/cli/node_modules/yallist Completed in 729ms
148 http fetch GET 200 https://registry.npmjs.org/minizlib/-/minizlib-2.1.2.tgz 654ms (cache miss)
149 timing reifyNode:node_modules/@railway/cli/node_modules/minizlib Completed in 736ms
150 http fetch GET 200 https://registry.npmjs.org/minipass/-/minipass-3.3.6.tgz 654ms (cache miss)
151 timing reifyNode:node_modules/@railway/cli/node_modules/minizlib/node_modules/minipass Completed in 745ms
152 http fetch GET 200 https://registry.npmjs.org/minipass/-/minipass-3.3.6.tgz 645ms (cache miss)
153 timing reifyNode:node_modules/@railway/cli/node_modules/fs-minipass/node_modules/minipass Completed in 765ms
154 http fetch GET 200 https://registry.npmjs.org/@napi-rs/triples/-/triples-1.2.0.tgz 522ms (cache miss)
155 timing reifyNode:node_modules/@railway/cli/node_modules/@napi-rs/triples Completed in 783ms
156 http fetch GET 200 https://registry.npmjs.org/mkdirp/-/mkdirp-1.0.4.tgz 751ms (cache miss)
157 timing reifyNode:node_modules/@railway/cli/node_modules/mkdirp Completed in 814ms
158 http fetch GET 200 https://registry.npmjs.org/data-uri-to-buffer/-/data-uri-to-buffer-4.0.1.tgz 638ms (cache miss)
159 timing reifyNode:node_modules/@railway/cli/node_modules/data-uri-to-buffer Completed in 846ms
160 http fetch GET 200 https://registry.npmjs.org/minipass/-/minipass-5.0.0.tgz 776ms (cache miss)
161 timing reifyNode:node_modules/@railway/cli/node_modules/minipass Completed in 876ms
162 http fetch GET 200 https://registry.npmjs.org/fetch-blob/-/fetch-blob-3.2.0.tgz 690ms (cache miss)
163 timing reifyNode:node_modules/@railway/cli/node_modules/fetch-blob Completed in 884ms
164 http fetch GET 200 https://registry.npmjs.org/formdata-polyfill/-/formdata-polyfill-4.0.10.tgz 724ms (cache miss)
165 timing reifyNode:node_modules/@railway/cli/node_modules/formdata-polyfill Completed in 891ms
166 http fetch GET 200 https://registry.npmjs.org/node-fetch/-/node-fetch-3.3.2.tgz 699ms (cache miss)
167 timing reifyNode:node_modules/@railway/cli/node_modules/node-fetch Completed in 953ms
168 http fetch GET 200 https://registry.npmjs.org/node-domexception/-/node-domexception-1.0.0.tgz 806ms (cache miss)
169 warn deprecated node-domexception@1.0.0: Use your platform's native DOMException instead
170 timing reifyNode:node_modules/@railway/cli/node_modules/node-domexception Completed in 968ms
171 http fetch GET 200 https://registry.npmjs.org/tar/-/tar-6.2.1.tgz 779ms (cache miss)
172 warn deprecated tar@6.2.1: Old versions of tar are not supported, and contain widely publicized security vulnerabilities, which have been fixed in the current version. Please update. Support for old versions may be purchased (at exorbitant rates) by contacting i@izs.me
173 timing reifyNode:node_modules/@railway/cli/node_modules/tar Completed in 1024ms
174 http fetch GET 200 https://registry.npmjs.org/web-streams-polyfill/-/web-streams-polyfill-3.3.3.tgz 1619ms (cache miss)
175 timing reifyNode:node_modules/@railway/cli/node_modules/web-streams-polyfill Completed in 1765ms
176 timing reify:rollback:createSparse Completed in 155ms
177 timing reify:rollback:retireShallow Completed in 0ms
178 timing command:install Completed in 3271ms
179 verbose stack Error: EEXIST: file already exists
179 verbose stack     at failEEXIST (/usr/share/nodejs/npm/node_modules/bin-links/lib/check-bin.js:49:32)
179 verbose stack     at handleReadLinkError (/usr/share/nodejs/npm/node_modules/bin-links/lib/check-bin.js:27:5)
179 verbose stack     at /usr/share/nodejs/npm/node_modules/bin-links/lib/check-bin.js:31:18
179 verbose stack     at async checkLink (/usr/share/nodejs/npm/node_modules/bin-links/lib/check-bin.js:30:19)
179 verbose stack     at async Promise.all (index 0)
179 verbose stack     at async Function.checkBins (/usr/share/nodejs/npm/node_modules/bin-links/lib/check-bins.js:15:3)
179 verbose stack     at async Arborist.[checkBins] (/usr/share/nodejs/@npmcli/arborist/lib/arborist/rebuild.js:214:5)
179 verbose stack     at async /usr/share/nodejs/@npmcli/arborist/lib/arborist/reify.js:604:9
180 verbose cwd /root
181 verbose Linux 5.15.0-113-generic
182 verbose argv "/usr/bin/node" "/usr/bin/npm" "install" "-g" "@railway/cli"
183 verbose node v12.22.9
184 verbose npm  v8.5.1
185 error code EEXIST
186 error path /usr/local/bin/railway
187 error EEXIST: file already exists
188 error File exists: /usr/local/bin/railway
189 error Remove the existing file and try again, or run npm
190 error with --force to overwrite files recklessly.
191 verbose exit 1
192 timing npm Completed in 3786ms
193 verbose unfinished npm timer reify 1771886066095
194 verbose unfinished npm timer reify:unpack 1771886067437
195 verbose unfinished npm timer reifyNode:node_modules/@railway/cli 1771886067437
196 verbose code 1
197 error A complete log of this run can be found in:
197 error     /root/.npm/_logs/2026-02-23T22_34_25_586Z-debug-0.log
