0 verbose cli [
0 verbose cli   '/usr/bin/node',
0 verbose cli   '/usr/bin/npm',
0 verbose cli   'install',
0 verbose cli   '--loglevel=error',
0 verbose cli   '--prefer-offline',
0 verbose cli   '--no-audit',
0 verbose cli   '--progress=false',
0 verbose cli   '@cloudflare/workerd-linux-64@1.20260302.0'
0 verbose cli ]
1 info using npm@8.5.1
2 info using node@v12.22.9
3 timing npm:load:whichnode Completed in 1ms
4 timing config:load:defaults Completed in 2ms
5 timing config:load:file:/usr/share/nodejs/npm/npmrc Completed in 10ms
6 timing config:load:builtin Completed in 10ms
7 timing config:load:cli Completed in 2ms
8 timing config:load:env Completed in 1ms
9 timing config:load:file:/usr/local/lib/node_modules/wrangler/node_modules/workerd/lib/npm-install/.npmrc Completed in 4ms
10 timing config:load:project Completed in 23ms
11 timing config:load:file:/root/.npmrc Completed in 0ms
12 timing config:load:user Completed in 0ms
13 timing config:load:file:/etc/npmrc Completed in 0ms
14 timing config:load:global Completed in 0ms
15 timing config:load:validate Completed in 0ms
16 timing config:load:credentials Completed in 1ms
17 timing config:load:setEnvs Completed in 1ms
18 timing config:load Completed in 42ms
19 timing npm:load:configload Completed in 42ms
20 timing npm:load:setTitle Completed in 1ms
21 timing config:load:flatten Completed in 3ms
22 timing npm:load:display Completed in 4ms
23 verbose logfile /root/.npm/_logs/2026-02-23T22_30_25_997Z-debug-0.log
24 timing npm:load:logFile Completed in 15ms
25 timing npm:load:timers Completed in 0ms
26 timing npm:load:configScope Completed in 0ms
27 timing npm:load Completed in 63ms
28 timing arborist:ctor Completed in 2ms
29 timing arborist:ctor Completed in 0ms
30 timing idealTree:init Completed in 20ms
31 timing idealTree:userRequests Completed in 6ms
32 silly idealTree buildDeps
33 silly fetch manifest @cloudflare/workerd-linux-64@1.20260302.0
34 http fetch GET 200 https://registry.npmjs.org/@cloudflare%2fworkerd-linux-64 163ms (cache miss)
35 silly placeDep ROOT @cloudflare/workerd-linux-64@1.20260302.0 OK for:  want: 1.20260302.0
36 timing idealTree:#root Completed in 188ms
37 timing idealTree:node_modules/@cloudflare/workerd-linux-64 Completed in 5ms
38 timing idealTree:buildDeps Completed in 194ms
39 timing idealTree:fixDepFlags Completed in 0ms
40 warn EBADENGINE Unsupported engine {
40 warn EBADENGINE   package: '@cloudflare/workerd-linux-64@1.20260302.0',
40 warn EBADENGINE   required: { node: '>=16' },
40 warn EBADENGINE   current: { node: 'v12.22.9', npm: '8.5.1' }
40 warn EBADENGINE }
41 timing idealTree Completed in 223ms
42 timing reify:loadTrees Completed in 225ms
43 timing reify:diffTrees Completed in 2ms
44 silly reify moves {}
45 timing reify:retireShallow Completed in 1ms
46 timing reify:createSparse Completed in 3ms
47 timing reify:loadBundles Completed in 0ms
48 silly tarball no local data for @cloudflare/workerd-linux-64@https://registry.npmjs.org/@cloudflare/workerd-linux-64/-/workerd-linux-64-1.20260302.0.tgz. Extracting by manifest.
49 http fetch GET 200 https://registry.npmjs.org/@cloudflare/workerd-linux-64/-/workerd-linux-64-1.20260302.0.tgz 2122ms (cache miss)
50 timing reifyNode:node_modules/@cloudflare/workerd-linux-64 Completed in 2135ms
51 timing reify:unpack Completed in 2136ms
52 timing reify:unretire Completed in 0ms
53 timing build:queue Completed in 0ms
54 timing build:deps Completed in 0ms
55 timing build Completed in 2ms
56 timing reify:build Completed in 2ms
57 timing reify:trash Completed in 0ms
58 timing reify:save Completed in 15ms
59 timing reify Completed in 2409ms
60 silly ADD node_modules/@cloudflare/workerd-linux-64
61 timing command:install Completed in 2415ms
62 verbose exit 0
63 timing npm Completed in 2808ms
64 info ok
