0 verbose cli [ '/usr/bin/node', '/usr/bin/npm', 'install', '-g', 'wrangler' ]
1 info using npm@8.5.1
2 info using node@v12.22.9
3 timing npm:load:whichnode Completed in 1ms
4 timing config:load:defaults Completed in 3ms
5 timing config:load:file:/usr/share/nodejs/npm/npmrc Completed in 10ms
6 timing config:load:builtin Completed in 11ms
7 timing config:load:cli Completed in 3ms
8 timing config:load:env Completed in 1ms
9 timing config:load:project Completed in 1ms
10 timing config:load:file:/root/.npmrc Completed in 0ms
11 timing config:load:user Completed in 1ms
12 timing config:load:file:/etc/npmrc Completed in 0ms
13 timing config:load:global Completed in 0ms
14 timing config:load:validate Completed in 1ms
15 timing config:load:credentials Completed in 1ms
16 timing config:load:setEnvs Completed in 2ms
17 timing config:load Completed in 24ms
18 timing npm:load:configload Completed in 24ms
19 timing npm:load:setTitle Completed in 1ms
20 timing config:load:flatten Completed in 5ms
21 timing npm:load:display Completed in 6ms
22 verbose logfile /root/.npm/_logs/2026-02-23T22_30_19_738Z-debug-0.log
23 timing npm:load:logFile Completed in 8ms
24 timing npm:load:timers Completed in 1ms
25 timing npm:load:configScope Completed in 0ms
26 timing npm:load Completed in 41ms
27 timing arborist:ctor Completed in 1ms
28 timing idealTree:init Completed in 7ms
29 timing idealTree:userRequests Completed in 4ms
30 silly idealTree buildDeps
31 silly fetch manifest wrangler@*
32 http fetch GET 200 https://registry.npmjs.org/wrangler 327ms (cache miss)
33 silly placeDep ROOT wrangler@4.68.0 OK for:  want: *
34 silly fetch manifest blake3-wasm@2.1.5
35 silly fetch manifest esbuild@0.27.3
36 silly fetch manifest path-to-regexp@6.3.0
37 silly fetch manifest unenv@2.0.0-rc.24
38 silly fetch manifest workerd@1.20260302.0
39 silly fetch manifest @cloudflare/kv-asset-handler@0.4.2
40 silly fetch manifest @cloudflare/unenv-preset@2.14.0
41 silly fetch manifest miniflare@4.20260302.0
42 silly fetch manifest fsevents@~2.3.2
43 http fetch GET 200 https://registry.npmjs.org/blake3-wasm 115ms (cache miss)
44 http fetch GET 200 https://registry.npmjs.org/path-to-regexp 144ms (cache miss)
45 http fetch GET 200 https://registry.npmjs.org/@cloudflare%2fkv-asset-handler 145ms (cache miss)
46 http fetch GET 200 https://registry.npmjs.org/fsevents 145ms (cache miss)
47 http fetch GET 200 https://registry.npmjs.org/unenv 154ms (cache miss)
48 http fetch GET 200 https://registry.npmjs.org/workerd 173ms (cache miss)
49 http fetch GET 200 https://registry.npmjs.org/@cloudflare%2funenv-preset 205ms (cache miss)
50 http fetch GET 200 https://registry.npmjs.org/esbuild 235ms (cache miss)
51 http fetch GET 200 https://registry.npmjs.org/miniflare 253ms (cache miss)
52 timing idealTree:#root Completed in 889ms
53 silly placeDep node_modules/wrangler @cloudflare/kv-asset-handler@0.4.2 OK for: wrangler@4.68.0 want: 0.4.2
54 silly placeDep node_modules/wrangler @cloudflare/unenv-preset@2.14.0 OK for: wrangler@4.68.0 want: 2.14.0
55 silly placeDep node_modules/wrangler unenv@2.0.0-rc.24 OK for: @cloudflare/unenv-preset@2.14.0 want: 2.0.0-rc.24
56 silly placeDep node_modules/wrangler blake3-wasm@2.1.5 OK for: wrangler@4.68.0 want: 2.1.5
57 silly placeDep node_modules/wrangler esbuild@0.27.3 OK for: wrangler@4.68.0 want: 0.27.3
58 silly placeDep node_modules/wrangler fsevents@2.3.3 OK for: wrangler@4.68.0 want: ~2.3.2
59 silly placeDep node_modules/wrangler miniflare@4.20260302.0 OK for: wrangler@4.68.0 want: 4.20260302.0
60 silly placeDep node_modules/wrangler path-to-regexp@6.3.0 OK for: wrangler@4.68.0 want: 6.3.0
61 silly placeDep node_modules/wrangler workerd@1.20260302.0 OK for: wrangler@4.68.0 want: 1.20260302.0
62 silly fetch manifest pathe@^2.0.3
63 silly fetch manifest @esbuild/aix-ppc64@0.27.3
64 silly fetch manifest @esbuild/android-arm@0.27.3
65 silly fetch manifest @esbuild/android-arm64@0.27.3
66 silly fetch manifest @esbuild/android-x64@0.27.3
67 silly fetch manifest @esbuild/darwin-arm64@0.27.3
68 silly fetch manifest @esbuild/darwin-x64@0.27.3
69 silly fetch manifest @esbuild/freebsd-arm64@0.27.3
70 silly fetch manifest @esbuild/freebsd-x64@0.27.3
71 silly fetch manifest @esbuild/linux-arm@0.27.3
72 silly fetch manifest @esbuild/linux-arm64@0.27.3
73 silly fetch manifest @esbuild/linux-ia32@0.27.3
74 silly fetch manifest @esbuild/linux-loong64@0.27.3
75 silly fetch manifest @esbuild/linux-mips64el@0.27.3
76 silly fetch manifest @esbuild/linux-ppc64@0.27.3
77 silly fetch manifest @esbuild/linux-riscv64@0.27.3
78 silly fetch manifest @esbuild/linux-s390x@0.27.3
79 silly fetch manifest @esbuild/linux-x64@0.27.3
80 silly fetch manifest @esbuild/netbsd-arm64@0.27.3
81 silly fetch manifest @esbuild/netbsd-x64@0.27.3
82 silly fetch manifest @esbuild/openbsd-arm64@0.27.3
83 silly fetch manifest @esbuild/openbsd-x64@0.27.3
84 silly fetch manifest @esbuild/openharmony-arm64@0.27.3
85 silly fetch manifest @esbuild/sunos-x64@0.27.3
86 silly fetch manifest @esbuild/win32-arm64@0.27.3
87 silly fetch manifest @esbuild/win32-ia32@0.27.3
88 silly fetch manifest @esbuild/win32-x64@0.27.3
89 silly fetch manifest @cspotcode/source-map-support@0.8.1
90 silly fetch manifest sharp@^0.34.5
91 silly fetch manifest undici@7.18.2
92 silly fetch manifest ws@8.18.0
93 silly fetch manifest youch@4.1.0-beta.10
94 silly fetch manifest @cloudflare/workerd-darwin-arm64@1.20260302.0
95 silly fetch manifest @cloudflare/workerd-darwin-64@1.20260302.0
96 silly fetch manifest @cloudflare/workerd-linux-arm64@1.20260302.0
97 silly fetch manifest @cloudflare/workerd-linux-64@1.20260302.0
98 silly fetch manifest @cloudflare/workerd-windows-64@1.20260302.0
99 http fetch GET 200 https://registry.npmjs.org/@esbuild%2faix-ppc64 350ms (cache miss)
100 http fetch GET 200 https://registry.npmjs.org/@esbuild%2fnetbsd-arm64 358ms (cache miss)
101 http fetch GET 200 https://registry.npmjs.org/@esbuild%2fopenharmony-arm64 343ms (cache miss)
102 http fetch GET 200 https://registry.npmjs.org/pathe 390ms (cache miss)
103 http fetch GET 200 https://registry.npmjs.org/@esbuild%2fdarwin-x64 389ms (cache miss)
104 http fetch GET 200 https://registry.npmjs.org/@esbuild%2fopenbsd-arm64 369ms (cache miss)
105 http fetch GET 200 https://registry.npmjs.org/@esbuild%2fdarwin-arm64 443ms (cache miss)
106 http fetch GET 200 https://registry.npmjs.org/youch 404ms (cache miss)
107 http fetch GET 200 https://registry.npmjs.org/@esbuild%2ffreebsd-arm64 453ms (cache miss)
108 http fetch GET 200 https://registry.npmjs.org/@esbuild%2fandroid-x64 460ms (cache miss)
109 http fetch GET 200 https://registry.npmjs.org/@esbuild%2flinux-s390x 441ms (cache miss)
110 http fetch GET 200 https://registry.npmjs.org/@esbuild%2flinux-x64 441ms (cache miss)
111 http fetch GET 200 https://registry.npmjs.org/@esbuild%2fnetbsd-x64 444ms (cache miss)
112 http fetch GET 200 https://registry.npmjs.org/@esbuild%2fwin32-ia32 430ms (cache miss)
113 http fetch GET 200 https://registry.npmjs.org/@esbuild%2fopenbsd-x64 435ms (cache miss)
114 http fetch GET 200 https://registry.npmjs.org/@esbuild%2fwin32-arm64 436ms (cache miss)
115 http fetch GET 200 https://registry.npmjs.org/@esbuild%2fsunos-x64 440ms (cache miss)
116 http fetch GET 200 https://registry.npmjs.org/@esbuild%2flinux-riscv64 464ms (cache miss)
117 http fetch GET 200 https://registry.npmjs.org/@esbuild%2fandroid-arm 494ms (cache miss)
118 http fetch GET 200 https://registry.npmjs.org/@esbuild%2fwin32-x64 451ms (cache miss)
119 http fetch GET 200 https://registry.npmjs.org/@esbuild%2fandroid-arm64 503ms (cache miss)
120 http fetch GET 200 https://registry.npmjs.org/ws 476ms (cache miss)
121 http fetch GET 200 https://registry.npmjs.org/sharp 480ms (cache miss)
122 http fetch GET 200 https://registry.npmjs.org/@esbuild%2ffreebsd-x64 528ms (cache miss)
123 http fetch GET 200 https://registry.npmjs.org/@esbuild%2flinux-ia32 531ms (cache miss)
124 http fetch GET 200 https://registry.npmjs.org/@cloudflare%2fworkerd-linux-arm64 487ms (cache miss)
125 http fetch GET 200 https://registry.npmjs.org/@esbuild%2flinux-arm64 537ms (cache miss)
126 http fetch GET 200 https://registry.npmjs.org/@cloudflare%2fworkerd-linux-64 492ms (cache miss)
127 http fetch GET 200 https://registry.npmjs.org/@esbuild%2flinux-mips64el 529ms (cache miss)
128 http fetch GET 200 https://registry.npmjs.org/@cloudflare%2fworkerd-darwin-64 499ms (cache miss)
129 http fetch GET 200 https://registry.npmjs.org/@esbuild%2flinux-arm 547ms (cache miss)
130 http fetch GET 200 https://registry.npmjs.org/@cloudflare%2fworkerd-darwin-arm64 504ms (cache miss)
131 http fetch GET 200 https://registry.npmjs.org/@esbuild%2flinux-ppc64 537ms (cache miss)
132 http fetch GET 200 https://registry.npmjs.org/undici 511ms (cache miss)
133 http fetch GET 200 https://registry.npmjs.org/@cspotcode%2fsource-map-support 518ms (cache miss)
134 http fetch GET 200 https://registry.npmjs.org/@cloudflare%2fworkerd-windows-64 511ms (cache miss)
135 http fetch GET 200 https://registry.npmjs.org/@esbuild%2flinux-loong64 572ms (cache miss)
136 timing idealTree:node_modules/wrangler Completed in 644ms
137 timing idealTree:node_modules/wrangler/node_modules/@cloudflare/kv-asset-handler Completed in 1ms
138 timing idealTree:node_modules/wrangler/node_modules/@cloudflare/unenv-preset Completed in 0ms
139 timing idealTree:node_modules/wrangler/node_modules/blake3-wasm Completed in 0ms
140 silly placeDep node_modules/wrangler @esbuild/aix-ppc64@0.27.3 OK for: esbuild@0.27.3 want: 0.27.3
141 silly placeDep node_modules/wrangler @esbuild/android-arm@0.27.3 OK for: esbuild@0.27.3 want: 0.27.3
142 silly placeDep node_modules/wrangler @esbuild/android-arm64@0.27.3 OK for: esbuild@0.27.3 want: 0.27.3
143 silly placeDep node_modules/wrangler @esbuild/android-x64@0.27.3 OK for: esbuild@0.27.3 want: 0.27.3
144 silly placeDep node_modules/wrangler @esbuild/darwin-arm64@0.27.3 OK for: esbuild@0.27.3 want: 0.27.3
145 silly placeDep node_modules/wrangler @esbuild/darwin-x64@0.27.3 OK for: esbuild@0.27.3 want: 0.27.3
146 silly placeDep node_modules/wrangler @esbuild/freebsd-arm64@0.27.3 OK for: esbuild@0.27.3 want: 0.27.3
147 silly placeDep node_modules/wrangler @esbuild/freebsd-x64@0.27.3 OK for: esbuild@0.27.3 want: 0.27.3
148 silly placeDep node_modules/wrangler @esbuild/linux-arm@0.27.3 OK for: esbuild@0.27.3 want: 0.27.3
149 silly placeDep node_modules/wrangler @esbuild/linux-arm64@0.27.3 OK for: esbuild@0.27.3 want: 0.27.3
150 silly placeDep node_modules/wrangler @esbuild/linux-ia32@0.27.3 OK for: esbuild@0.27.3 want: 0.27.3
151 silly placeDep node_modules/wrangler @esbuild/linux-loong64@0.27.3 OK for: esbuild@0.27.3 want: 0.27.3
152 silly placeDep node_modules/wrangler @esbuild/linux-mips64el@0.27.3 OK for: esbuild@0.27.3 want: 0.27.3
153 silly placeDep node_modules/wrangler @esbuild/linux-ppc64@0.27.3 OK for: esbuild@0.27.3 want: 0.27.3
154 silly placeDep node_modules/wrangler @esbuild/linux-riscv64@0.27.3 OK for: esbuild@0.27.3 want: 0.27.3
155 silly placeDep node_modules/wrangler @esbuild/linux-s390x@0.27.3 OK for: esbuild@0.27.3 want: 0.27.3
156 silly placeDep node_modules/wrangler @esbuild/linux-x64@0.27.3 OK for: esbuild@0.27.3 want: 0.27.3
157 silly placeDep node_modules/wrangler @esbuild/netbsd-arm64@0.27.3 OK for: esbuild@0.27.3 want: 0.27.3
158 silly placeDep node_modules/wrangler @esbuild/netbsd-x64@0.27.3 OK for: esbuild@0.27.3 want: 0.27.3
159 silly placeDep node_modules/wrangler @esbuild/openbsd-arm64@0.27.3 OK for: esbuild@0.27.3 want: 0.27.3
160 silly placeDep node_modules/wrangler @esbuild/openbsd-x64@0.27.3 OK for: esbuild@0.27.3 want: 0.27.3
161 silly placeDep node_modules/wrangler @esbuild/openharmony-arm64@0.27.3 OK for: esbuild@0.27.3 want: 0.27.3
162 silly placeDep node_modules/wrangler @esbuild/sunos-x64@0.27.3 OK for: esbuild@0.27.3 want: 0.27.3
163 silly placeDep node_modules/wrangler @esbuild/win32-arm64@0.27.3 OK for: esbuild@0.27.3 want: 0.27.3
164 silly placeDep node_modules/wrangler @esbuild/win32-ia32@0.27.3 OK for: esbuild@0.27.3 want: 0.27.3
165 silly placeDep node_modules/wrangler @esbuild/win32-x64@0.27.3 OK for: esbuild@0.27.3 want: 0.27.3
166 timing idealTree:node_modules/wrangler/node_modules/esbuild Completed in 58ms
167 timing idealTree:node_modules/wrangler/node_modules/@esbuild/aix-ppc64 Completed in 0ms
168 timing idealTree:node_modules/wrangler/node_modules/@esbuild/android-arm Completed in 0ms
169 timing idealTree:node_modules/wrangler/node_modules/@esbuild/android-arm64 Completed in 0ms
170 timing idealTree:node_modules/wrangler/node_modules/@esbuild/android-x64 Completed in 0ms
171 timing idealTree:node_modules/wrangler/node_modules/@esbuild/darwin-arm64 Completed in 0ms
172 timing idealTree:node_modules/wrangler/node_modules/@esbuild/darwin-x64 Completed in 0ms
173 timing idealTree:node_modules/wrangler/node_modules/@esbuild/freebsd-arm64 Completed in 0ms
174 timing idealTree:node_modules/wrangler/node_modules/@esbuild/freebsd-x64 Completed in 0ms
175 timing idealTree:node_modules/wrangler/node_modules/@esbuild/linux-arm Completed in 0ms
176 timing idealTree:node_modules/wrangler/node_modules/@esbuild/linux-arm64 Completed in 0ms
177 timing idealTree:node_modules/wrangler/node_modules/@esbuild/linux-ia32 Completed in 0ms
178 timing idealTree:node_modules/wrangler/node_modules/@esbuild/linux-loong64 Completed in 0ms
179 timing idealTree:node_modules/wrangler/node_modules/@esbuild/linux-mips64el Completed in 0ms
180 timing idealTree:node_modules/wrangler/node_modules/@esbuild/linux-ppc64 Completed in 0ms
181 timing idealTree:node_modules/wrangler/node_modules/@esbuild/linux-riscv64 Completed in 0ms
182 timing idealTree:node_modules/wrangler/node_modules/@esbuild/linux-s390x Completed in 0ms
183 timing idealTree:node_modules/wrangler/node_modules/@esbuild/linux-x64 Completed in 0ms
184 timing idealTree:node_modules/wrangler/node_modules/@esbuild/netbsd-arm64 Completed in 0ms
185 timing idealTree:node_modules/wrangler/node_modules/@esbuild/netbsd-x64 Completed in 0ms
186 timing idealTree:node_modules/wrangler/node_modules/@esbuild/openbsd-arm64 Completed in 0ms
187 timing idealTree:node_modules/wrangler/node_modules/@esbuild/openbsd-x64 Completed in 0ms
188 timing idealTree:node_modules/wrangler/node_modules/@esbuild/openharmony-arm64 Completed in 0ms
189 timing idealTree:node_modules/wrangler/node_modules/@esbuild/sunos-x64 Completed in 0ms
190 timing idealTree:node_modules/wrangler/node_modules/@esbuild/win32-arm64 Completed in 0ms
191 timing idealTree:node_modules/wrangler/node_modules/@esbuild/win32-ia32 Completed in 0ms
192 timing idealTree:node_modules/wrangler/node_modules/@esbuild/win32-x64 Completed in 0ms
193 timing idealTree:node_modules/wrangler/node_modules/fsevents Completed in 0ms
194 silly fetch manifest bufferutil@^4.0.1
195 http fetch GET 200 https://registry.npmjs.org/bufferutil 34ms (cache miss)
196 silly fetch manifest utf-8-validate@>=5.0.2
197 http fetch GET 200 https://registry.npmjs.org/utf-8-validate 31ms (cache miss)
198 silly placeDep node_modules/wrangler @cspotcode/source-map-support@0.8.1 OK for: miniflare@4.20260302.0 want: 0.8.1
199 silly placeDep node_modules/wrangler sharp@0.34.5 OK for: miniflare@4.20260302.0 want: ^0.34.5
200 silly placeDep node_modules/wrangler undici@7.18.2 OK for: miniflare@4.20260302.0 want: 7.18.2
201 silly placeDep node_modules/wrangler ws@8.18.0 OK for: miniflare@4.20260302.0 want: 8.18.0
202 silly placeDep node_modules/wrangler youch@4.1.0-beta.10 OK for: miniflare@4.20260302.0 want: 4.1.0-beta.10
203 silly fetch manifest @jridgewell/trace-mapping@0.3.9
204 silly fetch manifest semver@^7.7.3
205 silly fetch manifest @img/colour@^1.0.0
206 silly fetch manifest detect-libc@^2.1.2
207 silly fetch manifest @img/sharp-wasm32@0.34.5
208 silly fetch manifest @img/sharp-linux-arm@0.34.5
209 silly fetch manifest @img/sharp-linux-x64@0.34.5
210 silly fetch manifest @img/sharp-win32-x64@0.34.5
211 silly fetch manifest @img/sharp-darwin-x64@0.34.5
212 silly fetch manifest @img/sharp-win32-ia32@0.34.5
213 silly fetch manifest @img/sharp-linux-arm64@0.34.5
214 silly fetch manifest @img/sharp-linux-ppc64@0.34.5
215 silly fetch manifest @img/sharp-linux-s390x@0.34.5
216 silly fetch manifest @img/sharp-win32-arm64@0.34.5
217 silly fetch manifest @img/sharp-darwin-arm64@0.34.5
218 silly fetch manifest @img/sharp-linux-riscv64@0.34.5
219 silly fetch manifest @img/sharp-linuxmusl-x64@0.34.5
220 silly fetch manifest @img/sharp-linuxmusl-arm64@0.34.5
221 silly fetch manifest @img/sharp-libvips-linux-arm@1.2.4
222 silly fetch manifest @img/sharp-libvips-linux-x64@1.2.4
223 silly fetch manifest @img/sharp-libvips-darwin-x64@1.2.4
224 silly fetch manifest @img/sharp-libvips-linux-arm64@1.2.4
225 silly fetch manifest @img/sharp-libvips-linux-ppc64@1.2.4
226 silly fetch manifest @img/sharp-libvips-linux-s390x@1.2.4
227 silly fetch manifest @img/sharp-libvips-darwin-arm64@1.2.4
228 silly fetch manifest @img/sharp-libvips-linux-riscv64@1.2.4
229 silly fetch manifest @img/sharp-libvips-linuxmusl-x64@1.2.4
230 silly fetch manifest @img/sharp-libvips-linuxmusl-arm64@1.2.4
231 silly fetch manifest cookie@^1.0.2
232 silly fetch manifest youch-core@^0.3.3
233 silly fetch manifest @poppinss/colors@^4.1.5
234 silly fetch manifest @poppinss/dumper@^0.6.4
235 silly fetch manifest @speed-highlight/core@^1.2.7
236 http fetch GET 200 https://registry.npmjs.org/semver 95ms (cache miss)
237 http fetch GET 200 https://registry.npmjs.org/detect-libc 148ms (cache miss)
238 http fetch GET 200 https://registry.npmjs.org/@img%2fsharp-win32-x64 184ms (cache miss)
239 http fetch GET 200 https://registry.npmjs.org/@img%2fsharp-wasm32 192ms (cache miss)
240 http fetch GET 200 https://registry.npmjs.org/@img%2fsharp-linux-ppc64 187ms (cache miss)
241 http fetch GET 200 https://registry.npmjs.org/@img%2fcolour 195ms (cache miss)
242 http fetch GET 200 https://registry.npmjs.org/@img%2fsharp-win32-arm64 187ms (cache miss)
243 http fetch GET 200 https://registry.npmjs.org/@img%2fsharp-linux-x64 195ms (cache miss)
244 http fetch GET 200 https://registry.npmjs.org/@img%2fsharp-darwin-arm64 190ms (cache miss)
245 http fetch GET 200 https://registry.npmjs.org/@img%2fsharp-linux-s390x 196ms (cache miss)
246 http fetch GET 200 https://registry.npmjs.org/@img%2fsharp-linux-arm64 198ms (cache miss)
247 http fetch GET 200 https://registry.npmjs.org/@img%2fsharp-win32-ia32 201ms (cache miss)
248 http fetch GET 200 https://registry.npmjs.org/@img%2fsharp-darwin-x64 202ms (cache miss)
249 http fetch GET 200 https://registry.npmjs.org/@img%2fsharp-linux-arm 206ms (cache miss)
250 http fetch GET 200 https://registry.npmjs.org/@jridgewell%2ftrace-mapping 214ms (cache miss)
251 http fetch GET 200 https://registry.npmjs.org/@img%2fsharp-linux-riscv64 210ms (cache miss)
252 http fetch GET 200 https://registry.npmjs.org/@img%2fsharp-libvips-linux-ppc64 206ms (cache miss)
253 http fetch GET 200 https://registry.npmjs.org/@img%2fsharp-libvips-linux-x64 209ms (cache miss)
254 http fetch GET 200 https://registry.npmjs.org/@img%2fsharp-libvips-linux-arm64 208ms (cache miss)
255 http fetch GET 200 https://registry.npmjs.org/@img%2fsharp-libvips-darwin-x64 210ms (cache miss)
256 http fetch GET 200 https://registry.npmjs.org/youch-core 204ms (cache miss)
257 http fetch GET 200 https://registry.npmjs.org/cookie 205ms (cache miss)
258 http fetch GET 200 https://registry.npmjs.org/@img%2fsharp-libvips-linux-riscv64 209ms (cache miss)
259 http fetch GET 200 https://registry.npmjs.org/@img%2fsharp-libvips-linux-arm 213ms (cache miss)
260 http fetch GET 200 https://registry.npmjs.org/@img%2fsharp-linuxmusl-arm64 215ms (cache miss)
261 http fetch GET 200 https://registry.npmjs.org/@img%2fsharp-libvips-darwin-arm64 211ms (cache miss)
262 http fetch GET 200 https://registry.npmjs.org/@img%2fsharp-libvips-linuxmusl-x64 210ms (cache miss)
263 http fetch GET 200 https://registry.npmjs.org/@img%2fsharp-libvips-linuxmusl-arm64 209ms (cache miss)
264 http fetch GET 200 https://registry.npmjs.org/@img%2fsharp-linuxmusl-x64 220ms (cache miss)
265 http fetch GET 200 https://registry.npmjs.org/@speed-highlight%2fcore 210ms (cache miss)
266 http fetch GET 200 https://registry.npmjs.org/@img%2fsharp-libvips-linux-s390x 219ms (cache miss)
267 http fetch GET 200 https://registry.npmjs.org/@poppinss%2fcolors 226ms (cache miss)
268 http fetch GET 200 https://registry.npmjs.org/@poppinss%2fdumper 289ms (cache miss)
269 timing idealTree:node_modules/wrangler/node_modules/miniflare Completed in 397ms
270 silly placeDep node_modules/wrangler @jridgewell/trace-mapping@0.3.9 OK for: @cspotcode/source-map-support@0.8.1 want: 0.3.9
271 silly fetch manifest @jridgewell/resolve-uri@^3.0.3
272 silly fetch manifest @jridgewell/sourcemap-codec@^1.4.10
273 http fetch GET 200 https://registry.npmjs.org/@jridgewell%2fsourcemap-codec 48ms (cache miss)
274 http fetch GET 200 https://registry.npmjs.org/@jridgewell%2fresolve-uri 50ms (cache miss)
275 timing idealTree:node_modules/wrangler/node_modules/@cspotcode/source-map-support Completed in 55ms
276 silly placeDep node_modules/wrangler @jridgewell/resolve-uri@3.1.2 OK for: @jridgewell/trace-mapping@0.3.9 want: ^3.0.3
277 silly placeDep node_modules/wrangler @jridgewell/sourcemap-codec@1.5.5 OK for: @jridgewell/trace-mapping@0.3.9 want: ^1.4.10
278 timing idealTree:node_modules/wrangler/node_modules/@jridgewell/trace-mapping Completed in 4ms
279 timing idealTree:node_modules/wrangler/node_modules/@jridgewell/resolve-uri Completed in 0ms
280 timing idealTree:node_modules/wrangler/node_modules/@jridgewell/sourcemap-codec Completed in 0ms
281 timing idealTree:node_modules/wrangler/node_modules/path-to-regexp Completed in 0ms
282 silly placeDep node_modules/wrangler @img/colour@1.0.0 OK for: sharp@0.34.5 want: ^1.0.0
283 silly placeDep node_modules/wrangler @img/sharp-darwin-arm64@0.34.5 OK for: sharp@0.34.5 want: 0.34.5
284 silly placeDep node_modules/wrangler @img/sharp-darwin-x64@0.34.5 OK for: sharp@0.34.5 want: 0.34.5
285 silly placeDep node_modules/wrangler @img/sharp-libvips-darwin-arm64@1.2.4 OK for: sharp@0.34.5 want: 1.2.4
286 silly placeDep node_modules/wrangler @img/sharp-libvips-darwin-x64@1.2.4 OK for: sharp@0.34.5 want: 1.2.4
287 silly placeDep node_modules/wrangler @img/sharp-libvips-linux-arm@1.2.4 OK for: sharp@0.34.5 want: 1.2.4
288 silly placeDep node_modules/wrangler @img/sharp-libvips-linux-arm64@1.2.4 OK for: sharp@0.34.5 want: 1.2.4
289 silly placeDep node_modules/wrangler @img/sharp-libvips-linux-ppc64@1.2.4 OK for: sharp@0.34.5 want: 1.2.4
290 silly placeDep node_modules/wrangler @img/sharp-libvips-linux-riscv64@1.2.4 OK for: sharp@0.34.5 want: 1.2.4
291 silly placeDep node_modules/wrangler @img/sharp-libvips-linux-s390x@1.2.4 OK for: sharp@0.34.5 want: 1.2.4
292 silly placeDep node_modules/wrangler @img/sharp-libvips-linux-x64@1.2.4 OK for: sharp@0.34.5 want: 1.2.4
293 silly placeDep node_modules/wrangler @img/sharp-libvips-linuxmusl-arm64@1.2.4 OK for: sharp@0.34.5 want: 1.2.4
294 silly placeDep node_modules/wrangler @img/sharp-libvips-linuxmusl-x64@1.2.4 OK for: sharp@0.34.5 want: 1.2.4
295 silly placeDep node_modules/wrangler @img/sharp-linux-arm@0.34.5 OK for: sharp@0.34.5 want: 0.34.5
296 silly placeDep node_modules/wrangler @img/sharp-linux-arm64@0.34.5 OK for: sharp@0.34.5 want: 0.34.5
297 silly placeDep node_modules/wrangler @img/sharp-linux-ppc64@0.34.5 OK for: sharp@0.34.5 want: 0.34.5
298 silly placeDep node_modules/wrangler @img/sharp-linux-riscv64@0.34.5 OK for: sharp@0.34.5 want: 0.34.5
299 silly placeDep node_modules/wrangler @img/sharp-linux-s390x@0.34.5 OK for: sharp@0.34.5 want: 0.34.5
300 silly placeDep node_modules/wrangler @img/sharp-linux-x64@0.34.5 OK for: sharp@0.34.5 want: 0.34.5
301 silly placeDep node_modules/wrangler @img/sharp-linuxmusl-arm64@0.34.5 OK for: sharp@0.34.5 want: 0.34.5
302 silly placeDep node_modules/wrangler @img/sharp-linuxmusl-x64@0.34.5 OK for: sharp@0.34.5 want: 0.34.5
303 silly placeDep node_modules/wrangler @img/sharp-wasm32@0.34.5 OK for: sharp@0.34.5 want: 0.34.5
304 silly placeDep node_modules/wrangler @img/sharp-win32-arm64@0.34.5 OK for: sharp@0.34.5 want: 0.34.5
305 silly placeDep node_modules/wrangler @img/sharp-win32-ia32@0.34.5 OK for: sharp@0.34.5 want: 0.34.5
306 silly placeDep node_modules/wrangler @img/sharp-win32-x64@0.34.5 OK for: sharp@0.34.5 want: 0.34.5
307 silly placeDep node_modules/wrangler detect-libc@2.1.2 OK for: sharp@0.34.5 want: ^2.1.2
308 silly placeDep node_modules/wrangler semver@7.7.4 OK for: sharp@0.34.5 want: ^7.7.3
309 silly fetch manifest @emnapi/runtime@^1.7.0
310 http fetch GET 200 https://registry.npmjs.org/@emnapi%2fruntime 41ms (cache miss)
311 timing idealTree:node_modules/wrangler/node_modules/sharp Completed in 160ms
312 timing idealTree:node_modules/wrangler/node_modules/@img/colour Completed in 0ms
313 timing idealTree:node_modules/wrangler/node_modules/@img/sharp-darwin-arm64 Completed in 0ms
314 timing idealTree:node_modules/wrangler/node_modules/@img/sharp-darwin-x64 Completed in 0ms
315 timing idealTree:node_modules/wrangler/node_modules/@img/sharp-libvips-darwin-arm64 Completed in 0ms
316 timing idealTree:node_modules/wrangler/node_modules/@img/sharp-libvips-darwin-x64 Completed in 0ms
317 timing idealTree:node_modules/wrangler/node_modules/@img/sharp-libvips-linux-arm Completed in 0ms
318 timing idealTree:node_modules/wrangler/node_modules/@img/sharp-libvips-linux-arm64 Completed in 0ms
319 timing idealTree:node_modules/wrangler/node_modules/@img/sharp-libvips-linux-ppc64 Completed in 0ms
320 timing idealTree:node_modules/wrangler/node_modules/@img/sharp-libvips-linux-riscv64 Completed in 0ms
321 timing idealTree:node_modules/wrangler/node_modules/@img/sharp-libvips-linux-s390x Completed in 0ms
322 timing idealTree:node_modules/wrangler/node_modules/@img/sharp-libvips-linux-x64 Completed in 0ms
323 timing idealTree:node_modules/wrangler/node_modules/@img/sharp-libvips-linuxmusl-arm64 Completed in 0ms
324 timing idealTree:node_modules/wrangler/node_modules/@img/sharp-libvips-linuxmusl-x64 Completed in 0ms
325 timing idealTree:node_modules/wrangler/node_modules/@img/sharp-linux-arm Completed in 0ms
326 timing idealTree:node_modules/wrangler/node_modules/@img/sharp-linux-arm64 Completed in 0ms
327 timing idealTree:node_modules/wrangler/node_modules/@img/sharp-linux-ppc64 Completed in 0ms
328 timing idealTree:node_modules/wrangler/node_modules/@img/sharp-linux-riscv64 Completed in 0ms
329 timing idealTree:node_modules/wrangler/node_modules/@img/sharp-linux-s390x Completed in 0ms
330 timing idealTree:node_modules/wrangler/node_modules/@img/sharp-linux-x64 Completed in 0ms
331 timing idealTree:node_modules/wrangler/node_modules/@img/sharp-linuxmusl-arm64 Completed in 0ms
332 timing idealTree:node_modules/wrangler/node_modules/@img/sharp-linuxmusl-x64 Completed in 0ms
333 silly placeDep node_modules/wrangler @emnapi/runtime@1.8.1 OK for: @img/sharp-wasm32@0.34.5 want: ^1.7.0
334 silly fetch manifest tslib@^2.4.0
335 http fetch GET 200 https://registry.npmjs.org/tslib 44ms (cache miss)
336 timing idealTree:node_modules/wrangler/node_modules/@img/sharp-wasm32 Completed in 48ms
337 silly placeDep node_modules/wrangler tslib@2.8.1 OK for: @emnapi/runtime@1.8.1 want: ^2.4.0
338 timing idealTree:node_modules/wrangler/node_modules/@emnapi/runtime Completed in 2ms
339 timing idealTree:node_modules/wrangler/node_modules/@img/sharp-win32-arm64 Completed in 0ms
340 timing idealTree:node_modules/wrangler/node_modules/@img/sharp-win32-ia32 Completed in 0ms
341 timing idealTree:node_modules/wrangler/node_modules/@img/sharp-win32-x64 Completed in 0ms
342 timing idealTree:node_modules/wrangler/node_modules/detect-libc Completed in 0ms
343 timing idealTree:node_modules/wrangler/node_modules/semver Completed in 0ms
344 timing idealTree:node_modules/wrangler/node_modules/tslib Completed in 0ms
345 timing idealTree:node_modules/wrangler/node_modules/undici Completed in 0ms
346 silly placeDep node_modules/wrangler pathe@2.0.3 OK for: unenv@2.0.0-rc.24 want: ^2.0.3
347 timing idealTree:node_modules/wrangler/node_modules/unenv Completed in 2ms
348 timing idealTree:node_modules/wrangler/node_modules/pathe Completed in 0ms
349 silly placeDep node_modules/wrangler @cloudflare/workerd-darwin-64@1.20260302.0 OK for: workerd@1.20260302.0 want: 1.20260302.0
350 silly placeDep node_modules/wrangler @cloudflare/workerd-darwin-arm64@1.20260302.0 OK for: workerd@1.20260302.0 want: 1.20260302.0
351 silly placeDep node_modules/wrangler @cloudflare/workerd-linux-64@1.20260302.0 OK for: workerd@1.20260302.0 want: 1.20260302.0
352 silly placeDep node_modules/wrangler @cloudflare/workerd-linux-arm64@1.20260302.0 OK for: workerd@1.20260302.0 want: 1.20260302.0
353 silly placeDep node_modules/wrangler @cloudflare/workerd-windows-64@1.20260302.0 OK for: workerd@1.20260302.0 want: 1.20260302.0
354 timing idealTree:node_modules/wrangler/node_modules/workerd Completed in 7ms
355 timing idealTree:node_modules/wrangler/node_modules/@cloudflare/workerd-darwin-64 Completed in 0ms
356 timing idealTree:node_modules/wrangler/node_modules/@cloudflare/workerd-darwin-arm64 Completed in 0ms
357 timing idealTree:node_modules/wrangler/node_modules/@cloudflare/workerd-linux-64 Completed in 0ms
358 timing idealTree:node_modules/wrangler/node_modules/@cloudflare/workerd-linux-arm64 Completed in 0ms
359 timing idealTree:node_modules/wrangler/node_modules/@cloudflare/workerd-windows-64 Completed in 0ms
360 timing idealTree:node_modules/wrangler/node_modules/ws Completed in 0ms
361 silly placeDep node_modules/wrangler @poppinss/colors@4.1.6 OK for: youch@4.1.0-beta.10 want: ^4.1.5
362 silly placeDep node_modules/wrangler @poppinss/dumper@0.6.5 OK for: youch@4.1.0-beta.10 want: ^0.6.4
363 silly placeDep node_modules/wrangler @speed-highlight/core@1.2.14 OK for: youch@4.1.0-beta.10 want: ^1.2.7
364 silly placeDep node_modules/wrangler cookie@1.1.1 OK for: youch@4.1.0-beta.10 want: ^1.0.2
365 silly placeDep node_modules/wrangler youch-core@0.3.3 OK for: youch@4.1.0-beta.10 want: ^0.3.3
366 silly fetch manifest kleur@^4.1.5
367 silly fetch manifest supports-color@^10.0.0
368 silly fetch manifest @sindresorhus/is@^7.0.2
369 silly fetch manifest @poppinss/exception@^1.2.2
370 silly fetch manifest error-stack-parser-es@^1.0.5
371 http fetch GET 200 https://registry.npmjs.org/kleur 32ms (cache miss)
372 http fetch GET 200 https://registry.npmjs.org/supports-color 43ms (cache miss)
373 http fetch GET 200 https://registry.npmjs.org/@sindresorhus%2fis 47ms (cache miss)
374 http fetch GET 200 https://registry.npmjs.org/@poppinss%2fexception 88ms (cache miss)
375 http fetch GET 200 https://registry.npmjs.org/error-stack-parser-es 99ms (cache miss)
376 timing idealTree:node_modules/wrangler/node_modules/youch Completed in 120ms
377 silly placeDep node_modules/wrangler kleur@4.1.5 OK for: @poppinss/colors@4.1.6 want: ^4.1.5
378 timing idealTree:node_modules/wrangler/node_modules/@poppinss/colors Completed in 1ms
379 silly placeDep node_modules/wrangler @sindresorhus/is@7.2.0 OK for: @poppinss/dumper@0.6.5 want: ^7.0.2
380 silly placeDep node_modules/wrangler supports-color@10.2.2 OK for: @poppinss/dumper@0.6.5 want: ^10.0.0
381 timing idealTree:node_modules/wrangler/node_modules/@poppinss/dumper Completed in 2ms
382 timing idealTree:node_modules/wrangler/node_modules/@sindresorhus/is Completed in 0ms
383 timing idealTree:node_modules/wrangler/node_modules/@speed-highlight/core Completed in 0ms
384 timing idealTree:node_modules/wrangler/node_modules/cookie Completed in 0ms
385 timing idealTree:node_modules/wrangler/node_modules/kleur Completed in 0ms
386 timing idealTree:node_modules/wrangler/node_modules/supports-color Completed in 0ms
387 silly placeDep node_modules/wrangler @poppinss/exception@1.2.3 OK for: youch-core@0.3.3 want: ^1.2.2
388 silly placeDep node_modules/wrangler error-stack-parser-es@1.0.5 OK for: youch-core@0.3.3 want: ^1.0.5
389 timing idealTree:node_modules/wrangler/node_modules/youch-core Completed in 10ms
390 timing idealTree:node_modules/wrangler/node_modules/@poppinss/exception Completed in 0ms
391 timing idealTree:node_modules/wrangler/node_modules/error-stack-parser-es Completed in 0ms
392 timing idealTree:buildDeps Completed in 2421ms
393 timing idealTree:fixDepFlags Completed in 1ms
394 warn EBADENGINE Unsupported engine {
394 warn EBADENGINE   package: 'wrangler@4.68.0',
394 warn EBADENGINE   required: { node: '>=20.0.0' },
394 warn EBADENGINE   current: { node: 'v12.22.9', npm: '8.5.1' }
394 warn EBADENGINE }
395 warn EBADENGINE Unsupported engine {
395 warn EBADENGINE   package: '@cloudflare/kv-asset-handler@0.4.2',
395 warn EBADENGINE   required: { node: '>=18.0.0' },
395 warn EBADENGINE   current: { node: 'v12.22.9', npm: '8.5.1' }
395 warn EBADENGINE }
396 warn EBADENGINE Unsupported engine {
396 warn EBADENGINE   package: 'esbuild@0.27.3',
396 warn EBADENGINE   required: { node: '>=18' },
396 warn EBADENGINE   current: { node: 'v12.22.9', npm: '8.5.1' }
396 warn EBADENGINE }
397 warn EBADENGINE Unsupported engine {
397 warn EBADENGINE   package: 'miniflare@4.20260302.0',
397 warn EBADENGINE   required: { node: '>=18.0.0' },
397 warn EBADENGINE   current: { node: 'v12.22.9', npm: '8.5.1' }
397 warn EBADENGINE }
398 warn EBADENGINE Unsupported engine {
398 warn EBADENGINE   package: 'workerd@1.20260302.0',
398 warn EBADENGINE   required: { node: '>=16' },
398 warn EBADENGINE   current: { node: 'v12.22.9', npm: '8.5.1' }
398 warn EBADENGINE }
399 warn EBADENGINE Unsupported engine {
399 warn EBADENGINE   package: 'sharp@0.34.5',
399 warn EBADENGINE   required: { node: '^18.17.0 || ^20.3.0 || >=21.0.0' },
399 warn EBADENGINE   current: { node: 'v12.22.9', npm: '8.5.1' }
399 warn EBADENGINE }
400 warn EBADENGINE Unsupported engine {
400 warn EBADENGINE   package: 'undici@7.18.2',
400 warn EBADENGINE   required: { node: '>=20.18.1' },
400 warn EBADENGINE   current: { node: 'v12.22.9', npm: '8.5.1' }
400 warn EBADENGINE }
401 warn EBADENGINE Unsupported engine {
401 warn EBADENGINE   package: '@img/colour@1.0.0',
401 warn EBADENGINE   required: { node: '>=18' },
401 warn EBADENGINE   current: { node: 'v12.22.9', npm: '8.5.1' }
401 warn EBADENGINE }
402 warn EBADENGINE Unsupported engine {
402 warn EBADENGINE   package: 'cookie@1.1.1',
402 warn EBADENGINE   required: { node: '>=18' },
402 warn EBADENGINE   current: { node: 'v12.22.9', npm: '8.5.1' }
402 warn EBADENGINE }
403 warn EBADENGINE Unsupported engine {
403 warn EBADENGINE   package: '@sindresorhus/is@7.2.0',
403 warn EBADENGINE   required: { node: '>=18' },
403 warn EBADENGINE   current: { node: 'v12.22.9', npm: '8.5.1' }
403 warn EBADENGINE }
404 warn EBADENGINE Unsupported engine {
404 warn EBADENGINE   package: 'supports-color@10.2.2',
404 warn EBADENGINE   required: { node: '>=18' },
404 warn EBADENGINE   current: { node: 'v12.22.9', npm: '8.5.1' }
404 warn EBADENGINE }
405 timing idealTree Completed in 2443ms
406 timing reify:loadTrees Completed in 2445ms
407 timing reify:diffTrees Completed in 3ms
408 silly reify moves {}
409 timing reify:retireShallow Completed in 0ms
410 timing reify:createSparse Completed in 52ms
411 timing reify:loadBundles Completed in 0ms
412 silly audit bulk request {
412 silly audit   wrangler: [ '4.68.0' ],
412 silly audit   '@cloudflare/kv-asset-handler': [ '0.4.2' ],
412 silly audit   '@cloudflare/unenv-preset': [ '2.14.0' ],
412 silly audit   unenv: [ '2.0.0-rc.24' ],
412 silly audit   'blake3-wasm': [ '2.1.5' ],
412 silly audit   esbuild: [ '0.27.3' ],
412 silly audit   fsevents: [ '2.3.3' ],
412 silly audit   miniflare: [ '4.20260302.0' ],
412 silly audit   'path-to-regexp': [ '6.3.0' ],
412 silly audit   workerd: [ '1.20260302.0' ],
412 silly audit   '@esbuild/aix-ppc64': [ '0.27.3' ],
412 silly audit   '@esbuild/android-arm': [ '0.27.3' ],
412 silly audit   '@esbuild/android-arm64': [ '0.27.3' ],
412 silly audit   '@esbuild/android-x64': [ '0.27.3' ],
412 silly audit   '@esbuild/darwin-arm64': [ '0.27.3' ],
412 silly audit   '@esbuild/darwin-x64': [ '0.27.3' ],
412 silly audit   '@esbuild/freebsd-arm64': [ '0.27.3' ],
412 silly audit   '@esbuild/freebsd-x64': [ '0.27.3' ],
412 silly audit   '@esbuild/linux-arm': [ '0.27.3' ],
412 silly audit   '@esbuild/linux-arm64': [ '0.27.3' ],
412 silly audit   '@esbuild/linux-ia32': [ '0.27.3' ],
412 silly audit   '@esbuild/linux-loong64': [ '0.27.3' ],
412 silly audit   '@esbuild/linux-mips64el': [ '0.27.3' ],
412 silly audit   '@esbuild/linux-ppc64': [ '0.27.3' ],
412 silly audit   '@esbuild/linux-riscv64': [ '0.27.3' ],
412 silly audit   '@esbuild/linux-s390x': [ '0.27.3' ],
412 silly audit   '@esbuild/linux-x64': [ '0.27.3' ],
412 silly audit   '@esbuild/netbsd-arm64': [ '0.27.3' ],
412 silly audit   '@esbuild/netbsd-x64': [ '0.27.3' ],
412 silly audit   '@esbuild/openbsd-arm64': [ '0.27.3' ],
412 silly audit   '@esbuild/openbsd-x64': [ '0.27.3' ],
412 silly audit   '@esbuild/openharmony-arm64': [ '0.27.3' ],
412 silly audit   '@esbuild/sunos-x64': [ '0.27.3' ],
412 silly audit   '@esbuild/win32-arm64': [ '0.27.3' ],
412 silly audit   '@esbuild/win32-ia32': [ '0.27.3' ],
412 silly audit   '@esbuild/win32-x64': [ '0.27.3' ],
412 silly audit   '@cspotcode/source-map-support': [ '0.8.1' ],
412 silly audit   sharp: [ '0.34.5' ],
412 silly audit   undici: [ '7.18.2' ],
412 silly audit   ws: [ '8.18.0' ],
412 silly audit   youch: [ '4.1.0-beta.10' ],
412 silly audit   '@jridgewell/trace-mapping': [ '0.3.9' ],
412 silly audit   '@jridgewell/resolve-uri': [ '3.1.2' ],
412 silly audit   '@jridgewell/sourcemap-codec': [ '1.5.5' ],
412 silly audit   '@img/colour': [ '1.0.0' ],
412 silly audit   '@img/sharp-darwin-arm64': [ '0.34.5' ],
412 silly audit   '@img/sharp-darwin-x64': [ '0.34.5' ],
412 silly audit   '@img/sharp-libvips-darwin-arm64': [ '1.2.4' ],
412 silly audit   '@img/sharp-libvips-darwin-x64': [ '1.2.4' ],
412 silly audit   '@img/sharp-libvips-linux-arm': [ '1.2.4' ],
412 silly audit   '@img/sharp-libvips-linux-arm64': [ '1.2.4' ],
412 silly audit   '@img/sharp-libvips-linux-ppc64': [ '1.2.4' ],
412 silly audit   '@img/sharp-libvips-linux-riscv64': [ '1.2.4' ],
412 silly audit   '@img/sharp-libvips-linux-s390x': [ '1.2.4' ],
412 silly audit   '@img/sharp-libvips-linux-x64': [ '1.2.4' ],
412 silly audit   '@img/sharp-libvips-linuxmusl-arm64': [ '1.2.4' ],
412 silly audit   '@img/sharp-libvips-linuxmusl-x64': [ '1.2.4' ],
412 silly audit   '@img/sharp-linux-arm': [ '0.34.5' ],
412 silly audit   '@img/sharp-linux-arm64': [ '0.34.5' ],
412 silly audit   '@img/sharp-linux-ppc64': [ '0.34.5' ],
412 silly audit   '@img/sharp-linux-riscv64': [ '0.34.5' ],
412 silly audit   '@img/sharp-linux-s390x': [ '0.34.5' ],
412 silly audit   '@img/sharp-linux-x64': [ '0.34.5' ],
412 silly audit   '@img/sharp-linuxmusl-arm64': [ '0.34.5' ],
412 silly audit   '@img/sharp-linuxmusl-x64': [ '0.34.5' ],
412 silly audit   '@img/sharp-wasm32': [ '0.34.5' ],
412 silly audit   '@img/sharp-win32-arm64': [ '0.34.5' ],
412 silly audit   '@img/sharp-win32-ia32': [ '0.34.5' ],
412 silly audit   '@img/sharp-win32-x64': [ '0.34.5' ],
412 silly audit   'detect-libc': [ '2.1.2' ],
412 silly audit   semver: [ '7.7.4' ],
412 silly audit   '@emnapi/runtime': [ '1.8.1' ],
412 silly audit   tslib: [ '2.8.1' ],
412 silly audit   pathe: [ '2.0.3' ],
412 silly audit   '@cloudflare/workerd-darwin-64': [ '1.20260302.0' ],
412 silly audit   '@cloudflare/workerd-darwin-arm64': [ '1.20260302.0' ],
412 silly audit   '@cloudflare/workerd-linux-64': [ '1.20260302.0' ],
412 silly audit   '@cloudflare/workerd-linux-arm64': [ '1.20260302.0' ],
412 silly audit   '@cloudflare/workerd-windows-64': [ '1.20260302.0' ],
412 silly audit   '@poppinss/colors': [ '4.1.6' ],
412 silly audit   '@poppinss/dumper': [ '0.6.5' ],
412 silly audit   '@speed-highlight/core': [ '1.2.14' ],
412 silly audit   cookie: [ '1.1.1' ],
412 silly audit   'youch-core': [ '0.3.3' ],
412 silly audit   kleur: [ '4.1.5' ],
412 silly audit   '@sindresorhus/is': [ '7.2.0' ],
412 silly audit   'supports-color': [ '10.2.2' ],
412 silly audit   '@poppinss/exception': [ '1.2.3' ],
412 silly audit   'error-stack-parser-es': [ '1.0.5' ]
412 silly audit }
413 verbose reify failed optional dependency /usr/local/lib/node_modules/wrangler/node_modules/@cloudflare/workerd-windows-64
414 silly reify mark deleted [
414 silly reify   '/usr/local/lib/node_modules/wrangler/node_modules/@cloudflare/workerd-windows-64'
414 silly reify ]
415 verbose reify failed optional dependency /usr/local/lib/node_modules/wrangler/node_modules/@cloudflare/workerd-linux-arm64
416 silly reify mark deleted [
416 silly reify   '/usr/local/lib/node_modules/wrangler/node_modules/@cloudflare/workerd-linux-arm64'
416 silly reify ]
417 verbose reify failed optional dependency /usr/local/lib/node_modules/wrangler/node_modules/@cloudflare/workerd-linux-64
418 silly reify mark deleted [
418 silly reify   '/usr/local/lib/node_modules/wrangler/node_modules/@cloudflare/workerd-linux-64'
418 silly reify ]
419 verbose reify failed optional dependency /usr/local/lib/node_modules/wrangler/node_modules/@cloudflare/workerd-darwin-arm64
420 silly reify mark deleted [
420 silly reify   '/usr/local/lib/node_modules/wrangler/node_modules/@cloudflare/workerd-darwin-arm64'
420 silly reify ]
421 verbose reify failed optional dependency /usr/local/lib/node_modules/wrangler/node_modules/@cloudflare/workerd-darwin-64
422 silly reify mark deleted [
422 silly reify   '/usr/local/lib/node_modules/wrangler/node_modules/@cloudflare/workerd-darwin-64'
422 silly reify ]
423 verbose reify failed optional dependency /usr/local/lib/node_modules/wrangler/node_modules/@img/sharp-win32-x64
424 silly reify mark deleted [
424 silly reify   '/usr/local/lib/node_modules/wrangler/node_modules/@img/sharp-win32-x64'
424 silly reify ]
425 verbose reify failed optional dependency /usr/local/lib/node_modules/wrangler/node_modules/@img/sharp-win32-ia32
426 silly reify mark deleted [
426 silly reify   '/usr/local/lib/node_modules/wrangler/node_modules/@img/sharp-win32-ia32'
426 silly reify ]
427 verbose reify failed optional dependency /usr/local/lib/node_modules/wrangler/node_modules/@img/sharp-win32-arm64
428 silly reify mark deleted [
428 silly reify   '/usr/local/lib/node_modules/wrangler/node_modules/@img/sharp-win32-arm64'
428 silly reify ]
429 verbose reify failed optional dependency /usr/local/lib/node_modules/wrangler/node_modules/@img/sharp-wasm32
430 silly reify mark deleted [
430 silly reify   '/usr/local/lib/node_modules/wrangler/node_modules/@img/sharp-wasm32'
430 silly reify ]
431 verbose reify failed optional dependency /usr/local/lib/node_modules/wrangler/node_modules/@emnapi/runtime
432 silly reify mark deleted [ '/usr/local/lib/node_modules/wrangler/node_modules/@emnapi/runtime' ]
433 verbose reify failed optional dependency /usr/local/lib/node_modules/wrangler/node_modules/tslib
434 silly reify mark deleted [ '/usr/local/lib/node_modules/wrangler/node_modules/tslib' ]
435 verbose reify failed optional dependency /usr/local/lib/node_modules/wrangler/node_modules/@img/sharp-linuxmusl-x64
436 silly reify mark deleted [
436 silly reify   '/usr/local/lib/node_modules/wrangler/node_modules/@img/sharp-linuxmusl-x64'
436 silly reify ]
437 verbose reify failed optional dependency /usr/local/lib/node_modules/wrangler/node_modules/@img/sharp-linuxmusl-arm64
438 silly reify mark deleted [
438 silly reify   '/usr/local/lib/node_modules/wrangler/node_modules/@img/sharp-linuxmusl-arm64'
438 silly reify ]
439 verbose reify failed optional dependency /usr/local/lib/node_modules/wrangler/node_modules/@img/sharp-linux-x64
440 silly reify mark deleted [
440 silly reify   '/usr/local/lib/node_modules/wrangler/node_modules/@img/sharp-linux-x64'
440 silly reify ]
441 verbose reify failed optional dependency /usr/local/lib/node_modules/wrangler/node_modules/@img/sharp-linux-s390x
442 silly reify mark deleted [
442 silly reify   '/usr/local/lib/node_modules/wrangler/node_modules/@img/sharp-linux-s390x'
442 silly reify ]
443 verbose reify failed optional dependency /usr/local/lib/node_modules/wrangler/node_modules/@img/sharp-linux-riscv64
444 silly reify mark deleted [
444 silly reify   '/usr/local/lib/node_modules/wrangler/node_modules/@img/sharp-linux-riscv64'
444 silly reify ]
445 verbose reify failed optional dependency /usr/local/lib/node_modules/wrangler/node_modules/@img/sharp-linux-ppc64
446 silly reify mark deleted [
446 silly reify   '/usr/local/lib/node_modules/wrangler/node_modules/@img/sharp-linux-ppc64'
446 silly reify ]
447 verbose reify failed optional dependency /usr/local/lib/node_modules/wrangler/node_modules/@img/sharp-linux-arm64
448 silly reify mark deleted [
448 silly reify   '/usr/local/lib/node_modules/wrangler/node_modules/@img/sharp-linux-arm64'
448 silly reify ]
449 verbose reify failed optional dependency /usr/local/lib/node_modules/wrangler/node_modules/@img/sharp-linux-arm
450 silly reify mark deleted [
450 silly reify   '/usr/local/lib/node_modules/wrangler/node_modules/@img/sharp-linux-arm'
450 silly reify ]
451 verbose reify failed optional dependency /usr/local/lib/node_modules/wrangler/node_modules/@img/sharp-libvips-linuxmusl-arm64
452 silly reify mark deleted [
452 silly reify   '/usr/local/lib/node_modules/wrangler/node_modules/@img/sharp-libvips-linuxmusl-arm64'
452 silly reify ]
453 verbose reify failed optional dependency /usr/local/lib/node_modules/wrangler/node_modules/@img/sharp-libvips-linux-s390x
454 silly reify mark deleted [
454 silly reify   '/usr/local/lib/node_modules/wrangler/node_modules/@img/sharp-libvips-linux-s390x'
454 silly reify ]
455 verbose reify failed optional dependency /usr/local/lib/node_modules/wrangler/node_modules/@img/sharp-libvips-linux-riscv64
456 silly reify mark deleted [
456 silly reify   '/usr/local/lib/node_modules/wrangler/node_modules/@img/sharp-libvips-linux-riscv64'
456 silly reify ]
457 verbose reify failed optional dependency /usr/local/lib/node_modules/wrangler/node_modules/@img/sharp-libvips-linux-ppc64
458 silly reify mark deleted [
458 silly reify   '/usr/local/lib/node_modules/wrangler/node_modules/@img/sharp-libvips-linux-ppc64'
458 silly reify ]
459 verbose reify failed optional dependency /usr/local/lib/node_modules/wrangler/node_modules/@img/sharp-libvips-linux-arm64
460 silly reify mark deleted [
460 silly reify   '/usr/local/lib/node_modules/wrangler/node_modules/@img/sharp-libvips-linux-arm64'
460 silly reify ]
461 verbose reify failed optional dependency /usr/local/lib/node_modules/wrangler/node_modules/@img/sharp-libvips-linux-arm
462 silly reify mark deleted [
462 silly reify   '/usr/local/lib/node_modules/wrangler/node_modules/@img/sharp-libvips-linux-arm'
462 silly reify ]
463 verbose reify failed optional dependency /usr/local/lib/node_modules/wrangler/node_modules/@img/sharp-libvips-darwin-x64
464 silly reify mark deleted [
464 silly reify   '/usr/local/lib/node_modules/wrangler/node_modules/@img/sharp-libvips-darwin-x64'
464 silly reify ]
465 verbose reify failed optional dependency /usr/local/lib/node_modules/wrangler/node_modules/@img/sharp-libvips-darwin-arm64
466 silly reify mark deleted [
466 silly reify   '/usr/local/lib/node_modules/wrangler/node_modules/@img/sharp-libvips-darwin-arm64'
466 silly reify ]
467 verbose reify failed optional dependency /usr/local/lib/node_modules/wrangler/node_modules/@img/sharp-darwin-x64
468 silly reify mark deleted [
468 silly reify   '/usr/local/lib/node_modules/wrangler/node_modules/@img/sharp-darwin-x64'
468 silly reify ]
469 verbose reify failed optional dependency /usr/local/lib/node_modules/wrangler/node_modules/@img/sharp-darwin-arm64
470 silly reify mark deleted [
470 silly reify   '/usr/local/lib/node_modules/wrangler/node_modules/@img/sharp-darwin-arm64'
470 silly reify ]
471 verbose reify failed optional dependency /usr/local/lib/node_modules/wrangler/node_modules/@esbuild/win32-x64
472 silly reify mark deleted [
472 silly reify   '/usr/local/lib/node_modules/wrangler/node_modules/@esbuild/win32-x64'
472 silly reify ]
473 verbose reify failed optional dependency /usr/local/lib/node_modules/wrangler/node_modules/@esbuild/win32-ia32
474 silly reify mark deleted [
474 silly reify   '/usr/local/lib/node_modules/wrangler/node_modules/@esbuild/win32-ia32'
474 silly reify ]
475 verbose reify failed optional dependency /usr/local/lib/node_modules/wrangler/node_modules/@esbuild/win32-arm64
476 silly reify mark deleted [
476 silly reify   '/usr/local/lib/node_modules/wrangler/node_modules/@esbuild/win32-arm64'
476 silly reify ]
477 verbose reify failed optional dependency /usr/local/lib/node_modules/wrangler/node_modules/@esbuild/sunos-x64
478 silly reify mark deleted [
478 silly reify   '/usr/local/lib/node_modules/wrangler/node_modules/@esbuild/sunos-x64'
478 silly reify ]
479 verbose reify failed optional dependency /usr/local/lib/node_modules/wrangler/node_modules/@esbuild/openharmony-arm64
480 silly reify mark deleted [
480 silly reify   '/usr/local/lib/node_modules/wrangler/node_modules/@esbuild/openharmony-arm64'
480 silly reify ]
481 verbose reify failed optional dependency /usr/local/lib/node_modules/wrangler/node_modules/@esbuild/openbsd-x64
482 silly reify mark deleted [
482 silly reify   '/usr/local/lib/node_modules/wrangler/node_modules/@esbuild/openbsd-x64'
482 silly reify ]
483 verbose reify failed optional dependency /usr/local/lib/node_modules/wrangler/node_modules/@esbuild/openbsd-arm64
484 silly reify mark deleted [
484 silly reify   '/usr/local/lib/node_modules/wrangler/node_modules/@esbuild/openbsd-arm64'
484 silly reify ]
485 verbose reify failed optional dependency /usr/local/lib/node_modules/wrangler/node_modules/@esbuild/netbsd-x64
486 silly reify mark deleted [
486 silly reify   '/usr/local/lib/node_modules/wrangler/node_modules/@esbuild/netbsd-x64'
486 silly reify ]
487 verbose reify failed optional dependency /usr/local/lib/node_modules/wrangler/node_modules/@esbuild/netbsd-arm64
488 silly reify mark deleted [
488 silly reify   '/usr/local/lib/node_modules/wrangler/node_modules/@esbuild/netbsd-arm64'
488 silly reify ]
489 verbose reify failed optional dependency /usr/local/lib/node_modules/wrangler/node_modules/@esbuild/linux-x64
490 silly reify mark deleted [
490 silly reify   '/usr/local/lib/node_modules/wrangler/node_modules/@esbuild/linux-x64'
490 silly reify ]
491 verbose reify failed optional dependency /usr/local/lib/node_modules/wrangler/node_modules/@esbuild/linux-s390x
492 silly reify mark deleted [
492 silly reify   '/usr/local/lib/node_modules/wrangler/node_modules/@esbuild/linux-s390x'
492 silly reify ]
493 verbose reify failed optional dependency /usr/local/lib/node_modules/wrangler/node_modules/@esbuild/linux-riscv64
494 silly reify mark deleted [
494 silly reify   '/usr/local/lib/node_modules/wrangler/node_modules/@esbuild/linux-riscv64'
494 silly reify ]
495 verbose reify failed optional dependency /usr/local/lib/node_modules/wrangler/node_modules/@esbuild/linux-ppc64
496 silly reify mark deleted [
496 silly reify   '/usr/local/lib/node_modules/wrangler/node_modules/@esbuild/linux-ppc64'
496 silly reify ]
497 verbose reify failed optional dependency /usr/local/lib/node_modules/wrangler/node_modules/@esbuild/linux-mips64el
498 silly reify mark deleted [
498 silly reify   '/usr/local/lib/node_modules/wrangler/node_modules/@esbuild/linux-mips64el'
498 silly reify ]
499 verbose reify failed optional dependency /usr/local/lib/node_modules/wrangler/node_modules/@esbuild/linux-loong64
500 silly reify mark deleted [
500 silly reify   '/usr/local/lib/node_modules/wrangler/node_modules/@esbuild/linux-loong64'
500 silly reify ]
501 verbose reify failed optional dependency /usr/local/lib/node_modules/wrangler/node_modules/@esbuild/linux-ia32
502 silly reify mark deleted [
502 silly reify   '/usr/local/lib/node_modules/wrangler/node_modules/@esbuild/linux-ia32'
502 silly reify ]
503 verbose reify failed optional dependency /usr/local/lib/node_modules/wrangler/node_modules/@esbuild/linux-arm64
504 silly reify mark deleted [
504 silly reify   '/usr/local/lib/node_modules/wrangler/node_modules/@esbuild/linux-arm64'
504 silly reify ]
505 verbose reify failed optional dependency /usr/local/lib/node_modules/wrangler/node_modules/@esbuild/linux-arm
506 silly reify mark deleted [
506 silly reify   '/usr/local/lib/node_modules/wrangler/node_modules/@esbuild/linux-arm'
506 silly reify ]
507 verbose reify failed optional dependency /usr/local/lib/node_modules/wrangler/node_modules/@esbuild/freebsd-x64
508 silly reify mark deleted [
508 silly reify   '/usr/local/lib/node_modules/wrangler/node_modules/@esbuild/freebsd-x64'
508 silly reify ]
509 verbose reify failed optional dependency /usr/local/lib/node_modules/wrangler/node_modules/@esbuild/freebsd-arm64
510 silly reify mark deleted [
510 silly reify   '/usr/local/lib/node_modules/wrangler/node_modules/@esbuild/freebsd-arm64'
510 silly reify ]
511 verbose reify failed optional dependency /usr/local/lib/node_modules/wrangler/node_modules/@esbuild/darwin-x64
512 silly reify mark deleted [
512 silly reify   '/usr/local/lib/node_modules/wrangler/node_modules/@esbuild/darwin-x64'
512 silly reify ]
513 verbose reify failed optional dependency /usr/local/lib/node_modules/wrangler/node_modules/@esbuild/darwin-arm64
514 silly reify mark deleted [
514 silly reify   '/usr/local/lib/node_modules/wrangler/node_modules/@esbuild/darwin-arm64'
514 silly reify ]
515 verbose reify failed optional dependency /usr/local/lib/node_modules/wrangler/node_modules/@esbuild/android-x64
516 silly reify mark deleted [
516 silly reify   '/usr/local/lib/node_modules/wrangler/node_modules/@esbuild/android-x64'
516 silly reify ]
517 verbose reify failed optional dependency /usr/local/lib/node_modules/wrangler/node_modules/@esbuild/android-arm64
518 silly reify mark deleted [
518 silly reify   '/usr/local/lib/node_modules/wrangler/node_modules/@esbuild/android-arm64'
518 silly reify ]
519 verbose reify failed optional dependency /usr/local/lib/node_modules/wrangler/node_modules/@esbuild/android-arm
520 silly reify mark deleted [
520 silly reify   '/usr/local/lib/node_modules/wrangler/node_modules/@esbuild/android-arm'
520 silly reify ]
521 verbose reify failed optional dependency /usr/local/lib/node_modules/wrangler/node_modules/@esbuild/aix-ppc64
522 silly reify mark deleted [
522 silly reify   '/usr/local/lib/node_modules/wrangler/node_modules/@esbuild/aix-ppc64'
522 silly reify ]
523 verbose reify failed optional dependency /usr/local/lib/node_modules/wrangler/node_modules/fsevents
524 silly reify mark deleted [ '/usr/local/lib/node_modules/wrangler/node_modules/fsevents' ]
525 timing reifyNode:node_modules/wrangler/node_modules/@cloudflare/workerd-windows-64 Completed in 20ms
526 timing reifyNode:node_modules/wrangler/node_modules/@cloudflare/workerd-linux-arm64 Completed in 20ms
527 timing reifyNode:node_modules/wrangler/node_modules/@cloudflare/workerd-linux-64 Completed in 20ms
528 timing reifyNode:node_modules/wrangler/node_modules/@cloudflare/workerd-darwin-arm64 Completed in 20ms
529 timing reifyNode:node_modules/wrangler/node_modules/@cloudflare/workerd-darwin-64 Completed in 20ms
530 timing reifyNode:node_modules/wrangler/node_modules/@img/sharp-win32-x64 Completed in 19ms
531 timing reifyNode:node_modules/wrangler/node_modules/@img/sharp-win32-ia32 Completed in 19ms
532 timing reifyNode:node_modules/wrangler/node_modules/@img/sharp-win32-arm64 Completed in 19ms
533 timing reifyNode:node_modules/wrangler/node_modules/@img/sharp-wasm32 Completed in 19ms
534 timing reifyNode:node_modules/wrangler/node_modules/@img/sharp-linuxmusl-x64 Completed in 19ms
535 timing reifyNode:node_modules/wrangler/node_modules/@img/sharp-linuxmusl-arm64 Completed in 19ms
536 timing reifyNode:node_modules/wrangler/node_modules/@img/sharp-linux-x64 Completed in 20ms
537 timing reifyNode:node_modules/wrangler/node_modules/@img/sharp-linux-s390x Completed in 20ms
538 timing reifyNode:node_modules/wrangler/node_modules/@img/sharp-linux-riscv64 Completed in 20ms
539 timing reifyNode:node_modules/wrangler/node_modules/@img/sharp-linux-ppc64 Completed in 20ms
540 timing reifyNode:node_modules/wrangler/node_modules/@img/sharp-linux-arm64 Completed in 20ms
541 timing reifyNode:node_modules/wrangler/node_modules/@img/sharp-linux-arm Completed in 20ms
542 timing reifyNode:node_modules/wrangler/node_modules/@img/sharp-libvips-linuxmusl-arm64 Completed in 19ms
543 timing reifyNode:node_modules/wrangler/node_modules/@img/sharp-libvips-linux-s390x Completed in 19ms
544 timing reifyNode:node_modules/wrangler/node_modules/@img/sharp-libvips-linux-riscv64 Completed in 19ms
545 timing reifyNode:node_modules/wrangler/node_modules/@img/sharp-libvips-linux-ppc64 Completed in 19ms
546 timing reifyNode:node_modules/wrangler/node_modules/@img/sharp-libvips-linux-arm64 Completed in 19ms
547 timing reifyNode:node_modules/wrangler/node_modules/@img/sharp-libvips-linux-arm Completed in 19ms
548 timing reifyNode:node_modules/wrangler/node_modules/@img/sharp-libvips-darwin-x64 Completed in 19ms
549 timing reifyNode:node_modules/wrangler/node_modules/@img/sharp-libvips-darwin-arm64 Completed in 20ms
550 timing reifyNode:node_modules/wrangler/node_modules/@img/sharp-darwin-x64 Completed in 20ms
551 timing reifyNode:node_modules/wrangler/node_modules/@img/sharp-darwin-arm64 Completed in 20ms
552 timing reifyNode:node_modules/wrangler/node_modules/@esbuild/win32-x64 Completed in 19ms
553 timing reifyNode:node_modules/wrangler/node_modules/@esbuild/win32-ia32 Completed in 19ms
554 timing reifyNode:node_modules/wrangler/node_modules/@esbuild/win32-arm64 Completed in 19ms
555 timing reifyNode:node_modules/wrangler/node_modules/@esbuild/sunos-x64 Completed in 19ms
556 timing reifyNode:node_modules/wrangler/node_modules/@esbuild/openharmony-arm64 Completed in 19ms
557 timing reifyNode:node_modules/wrangler/node_modules/@esbuild/openbsd-x64 Completed in 19ms
558 timing reifyNode:node_modules/wrangler/node_modules/@esbuild/openbsd-arm64 Completed in 19ms
559 timing reifyNode:node_modules/wrangler/node_modules/@esbuild/netbsd-x64 Completed in 19ms
560 timing reifyNode:node_modules/wrangler/node_modules/@esbuild/netbsd-arm64 Completed in 19ms
561 timing reifyNode:node_modules/wrangler/node_modules/@esbuild/linux-x64 Completed in 19ms
562 timing reifyNode:node_modules/wrangler/node_modules/@esbuild/linux-s390x Completed in 19ms
563 timing reifyNode:node_modules/wrangler/node_modules/@esbuild/linux-riscv64 Completed in 19ms
564 timing reifyNode:node_modules/wrangler/node_modules/@esbuild/linux-ppc64 Completed in 19ms
565 timing reifyNode:node_modules/wrangler/node_modules/@esbuild/linux-mips64el Completed in 19ms
566 timing reifyNode:node_modules/wrangler/node_modules/@esbuild/linux-loong64 Completed in 19ms
567 timing reifyNode:node_modules/wrangler/node_modules/@esbuild/linux-ia32 Completed in 19ms
568 timing reifyNode:node_modules/wrangler/node_modules/@esbuild/linux-arm64 Completed in 19ms
569 timing reifyNode:node_modules/wrangler/node_modules/@esbuild/linux-arm Completed in 19ms
570 timing reifyNode:node_modules/wrangler/node_modules/@esbuild/freebsd-x64 Completed in 19ms
571 timing reifyNode:node_modules/wrangler/node_modules/@esbuild/freebsd-arm64 Completed in 19ms
572 timing reifyNode:node_modules/wrangler/node_modules/@esbuild/darwin-x64 Completed in 19ms
573 timing reifyNode:node_modules/wrangler/node_modules/@esbuild/darwin-arm64 Completed in 19ms
574 timing reifyNode:node_modules/wrangler/node_modules/@esbuild/android-x64 Completed in 19ms
575 timing reifyNode:node_modules/wrangler/node_modules/@esbuild/android-arm64 Completed in 19ms
576 timing reifyNode:node_modules/wrangler/node_modules/@esbuild/android-arm Completed in 20ms
577 timing reifyNode:node_modules/wrangler/node_modules/@esbuild/aix-ppc64 Completed in 19ms
578 timing reifyNode:node_modules/wrangler/node_modules/fsevents Completed in 19ms
579 silly tarball no local data for wrangler@https://registry.npmjs.org/wrangler/-/wrangler-4.68.0.tgz. Extracting by manifest.
580 silly tarball no local data for error-stack-parser-es@https://registry.npmjs.org/error-stack-parser-es/-/error-stack-parser-es-1.0.5.tgz. Extracting by manifest.
581 silly tarball no local data for @poppinss/exception@https://registry.npmjs.org/@poppinss/exception/-/exception-1.2.3.tgz. Extracting by manifest.
582 silly tarball no local data for supports-color@https://registry.npmjs.org/supports-color/-/supports-color-10.2.2.tgz. Extracting by manifest.
583 silly tarball no local data for @sindresorhus/is@https://registry.npmjs.org/@sindresorhus/is/-/is-7.2.0.tgz. Extracting by manifest.
584 silly tarball no local data for kleur@https://registry.npmjs.org/kleur/-/kleur-4.1.5.tgz. Extracting by manifest.
585 silly tarball no local data for youch-core@https://registry.npmjs.org/youch-core/-/youch-core-0.3.3.tgz. Extracting by manifest.
586 silly tarball no local data for cookie@https://registry.npmjs.org/cookie/-/cookie-1.1.1.tgz. Extracting by manifest.
587 silly tarball no local data for @speed-highlight/core@https://registry.npmjs.org/@speed-highlight/core/-/core-1.2.14.tgz. Extracting by manifest.
588 silly tarball no local data for @poppinss/dumper@https://registry.npmjs.org/@poppinss/dumper/-/dumper-0.6.5.tgz. Extracting by manifest.
589 silly tarball no local data for @poppinss/colors@https://registry.npmjs.org/@poppinss/colors/-/colors-4.1.6.tgz. Extracting by manifest.
590 silly tarball no local data for pathe@https://registry.npmjs.org/pathe/-/pathe-2.0.3.tgz. Extracting by manifest.
591 silly tarball no local data for @emnapi/runtime@https://registry.npmjs.org/@emnapi/runtime/-/runtime-1.8.1.tgz. Extracting by manifest.
592 silly tarball no local data for detect-libc@https://registry.npmjs.org/detect-libc/-/detect-libc-2.1.2.tgz. Extracting by manifest.
593 silly tarball no local data for @img/sharp-libvips-linuxmusl-x64@https://registry.npmjs.org/@img/sharp-libvips-linuxmusl-x64/-/sharp-libvips-linuxmusl-x64-1.2.4.tgz. Extracting by manifest.
594 silly tarball no local data for @img/sharp-libvips-linux-x64@https://registry.npmjs.org/@img/sharp-libvips-linux-x64/-/sharp-libvips-linux-x64-1.2.4.tgz. Extracting by manifest.
595 silly tarball no local data for @img/colour@https://registry.npmjs.org/@img/colour/-/colour-1.0.0.tgz. Extracting by manifest.
596 silly tarball no local data for @jridgewell/sourcemap-codec@https://registry.npmjs.org/@jridgewell/sourcemap-codec/-/sourcemap-codec-1.5.5.tgz. Extracting by manifest.
597 silly tarball no local data for @jridgewell/resolve-uri@https://registry.npmjs.org/@jridgewell/resolve-uri/-/resolve-uri-3.1.2.tgz. Extracting by manifest.
598 silly tarball no local data for @jridgewell/trace-mapping@https://registry.npmjs.org/@jridgewell/trace-mapping/-/trace-mapping-0.3.9.tgz. Extracting by manifest.
599 silly tarball no local data for youch@https://registry.npmjs.org/youch/-/youch-4.1.0-beta.10.tgz. Extracting by manifest.
600 silly tarball no local data for ws@https://registry.npmjs.org/ws/-/ws-8.18.0.tgz. Extracting by manifest.
601 silly tarball no local data for undici@https://registry.npmjs.org/undici/-/undici-7.18.2.tgz. Extracting by manifest.
602 silly tarball no local data for sharp@https://registry.npmjs.org/sharp/-/sharp-0.34.5.tgz. Extracting by manifest.
603 silly tarball no local data for @cspotcode/source-map-support@https://registry.npmjs.org/@cspotcode/source-map-support/-/source-map-support-0.8.1.tgz. Extracting by manifest.
604 silly tarball no local data for workerd@https://registry.npmjs.org/workerd/-/workerd-1.20260302.0.tgz. Extracting by manifest.
605 silly tarball no local data for path-to-regexp@https://registry.npmjs.org/path-to-regexp/-/path-to-regexp-6.3.0.tgz. Extracting by manifest.
606 silly tarball no local data for miniflare@https://registry.npmjs.org/miniflare/-/miniflare-4.20260302.0.tgz. Extracting by manifest.
607 silly tarball no local data for esbuild@https://registry.npmjs.org/esbuild/-/esbuild-0.27.3.tgz. Extracting by manifest.
608 silly tarball no local data for blake3-wasm@https://registry.npmjs.org/blake3-wasm/-/blake3-wasm-2.1.5.tgz. Extracting by manifest.
609 silly tarball no local data for unenv@https://registry.npmjs.org/unenv/-/unenv-2.0.0-rc.24.tgz. Extracting by manifest.
610 silly tarball no local data for @cloudflare/unenv-preset@https://registry.npmjs.org/@cloudflare/unenv-preset/-/unenv-preset-2.14.0.tgz. Extracting by manifest.
611 silly tarball no local data for @cloudflare/kv-asset-handler@https://registry.npmjs.org/@cloudflare/kv-asset-handler/-/kv-asset-handler-0.4.2.tgz. Extracting by manifest.
612 http fetch POST 200 https://registry.npmjs.org/-/npm/v1/security/advisories/bulk 719ms
613 timing auditReport:getReport Completed in 722ms
614 silly audit report {}
615 timing auditReport:init Completed in 0ms
616 timing reify:audit Completed in 723ms
617 http fetch GET 200 https://registry.npmjs.org/detect-libc/-/detect-libc-2.1.2.tgz 666ms (cache miss)
618 timing reifyNode:node_modules/wrangler/node_modules/detect-libc Completed in 821ms
619 http fetch GET 200 https://registry.npmjs.org/@poppinss/colors/-/colors-4.1.6.tgz 685ms (cache miss)
620 timing reifyNode:node_modules/wrangler/node_modules/@poppinss/colors Completed in 843ms
621 http fetch GET 200 https://registry.npmjs.org/@poppinss/exception/-/exception-1.2.3.tgz 770ms (cache miss)
622 timing reifyNode:node_modules/wrangler/node_modules/@poppinss/exception Completed in 854ms
623 http fetch GET 200 https://registry.npmjs.org/@img/colour/-/colour-1.0.0.tgz 709ms (cache miss)
624 timing reifyNode:node_modules/wrangler/node_modules/@img/colour Completed in 884ms
625 http fetch GET 200 https://registry.npmjs.org/supports-color/-/supports-color-10.2.2.tgz 820ms (cache miss)
626 timing reifyNode:node_modules/wrangler/node_modules/supports-color Completed in 907ms
627 timing reifyNode:node_modules/wrangler/node_modules/tslib Completed in 911ms
628 http fetch GET 200 https://registry.npmjs.org/kleur/-/kleur-4.1.5.tgz 824ms (cache miss)
629 timing reifyNode:node_modules/wrangler/node_modules/kleur Completed in 920ms
630 http fetch GET 200 https://registry.npmjs.org/cookie/-/cookie-1.1.1.tgz 819ms (cache miss)
631 timing reifyNode:node_modules/wrangler/node_modules/cookie Completed in 933ms
632 http fetch GET 200 https://registry.npmjs.org/@jridgewell/resolve-uri/-/resolve-uri-3.1.2.tgz 764ms (cache miss)
633 timing reifyNode:node_modules/wrangler/node_modules/@jridgewell/resolve-uri Completed in 947ms
634 http fetch GET 200 https://registry.npmjs.org/@sindresorhus/is/-/is-7.2.0.tgz 864ms (cache miss)
635 timing reifyNode:node_modules/wrangler/node_modules/@sindresorhus/is Completed in 956ms
636 http fetch GET 200 https://registry.npmjs.org/error-stack-parser-es/-/error-stack-parser-es-1.0.5.tgz 891ms (cache miss)
637 timing reifyNode:node_modules/wrangler/node_modules/error-stack-parser-es Completed in 970ms
638 http fetch GET 200 https://registry.npmjs.org/youch-core/-/youch-core-0.3.3.tgz 873ms (cache miss)
639 timing reifyNode:node_modules/wrangler/node_modules/youch-core Completed in 973ms
640 http fetch GET 200 https://registry.npmjs.org/@cloudflare/kv-asset-handler/-/kv-asset-handler-0.4.2.tgz 700ms (cache miss)
641 timing reifyNode:node_modules/wrangler/node_modules/@cloudflare/kv-asset-handler Completed in 982ms
642 http fetch GET 200 https://registry.npmjs.org/@cspotcode/source-map-support/-/source-map-support-0.8.1.tgz 772ms (cache miss)
643 timing reifyNode:node_modules/wrangler/node_modules/@cspotcode/source-map-support Completed in 1002ms
644 http fetch GET 200 https://registry.npmjs.org/esbuild/-/esbuild-0.27.3.tgz 746ms (cache miss)
645 timing reifyNode:node_modules/wrangler/node_modules/esbuild Completed in 1006ms
646 http fetch GET 200 https://registry.npmjs.org/path-to-regexp/-/path-to-regexp-6.3.0.tgz 774ms (cache miss)
647 timing reifyNode:node_modules/wrangler/node_modules/path-to-regexp Completed in 1013ms
648 http fetch GET 200 https://registry.npmjs.org/pathe/-/pathe-2.0.3.tgz 882ms (cache miss)
649 timing reifyNode:node_modules/wrangler/node_modules/pathe Completed in 1026ms
650 http fetch GET 200 https://registry.npmjs.org/@jridgewell/trace-mapping/-/trace-mapping-0.3.9.tgz 840ms (cache miss)
651 timing reifyNode:node_modules/wrangler/node_modules/@jridgewell/trace-mapping Completed in 1037ms
652 http fetch GET 200 https://registry.npmjs.org/@cloudflare/unenv-preset/-/unenv-preset-2.14.0.tgz 795ms (cache miss)
653 timing reifyNode:node_modules/wrangler/node_modules/@cloudflare/unenv-preset Completed in 1072ms
654 http fetch GET 200 https://registry.npmjs.org/ws/-/ws-8.18.0.tgz 882ms (cache miss)
655 timing reifyNode:node_modules/wrangler/node_modules/ws Completed in 1089ms
656 http fetch GET 200 https://registry.npmjs.org/@jridgewell/sourcemap-codec/-/sourcemap-codec-1.5.5.tgz 924ms (cache miss)
657 timing reifyNode:node_modules/wrangler/node_modules/@jridgewell/sourcemap-codec Completed in 1102ms
658 http fetch GET 200 https://registry.npmjs.org/@emnapi/runtime/-/runtime-1.8.1.tgz 971ms (cache miss)
659 timing reifyNode:node_modules/wrangler/node_modules/@emnapi/runtime Completed in 1127ms
660 timing reifyNode:node_modules/wrangler/node_modules/semver Completed in 1167ms
661 http fetch GET 200 https://registry.npmjs.org/@poppinss/dumper/-/dumper-0.6.5.tgz 1037ms (cache miss)
662 timing reifyNode:node_modules/wrangler/node_modules/@poppinss/dumper Completed in 1173ms
663 http fetch GET 200 https://registry.npmjs.org/sharp/-/sharp-0.34.5.tgz 1037ms (cache miss)
664 timing reifyNode:node_modules/wrangler/node_modules/sharp Completed in 1253ms
665 http fetch GET 200 https://registry.npmjs.org/youch/-/youch-4.1.0-beta.10.tgz 1149ms (cache miss)
666 timing reifyNode:node_modules/wrangler/node_modules/youch Completed in 1357ms
667 http fetch GET 200 https://registry.npmjs.org/blake3-wasm/-/blake3-wasm-2.1.5.tgz 1507ms (cache miss)
668 timing reifyNode:node_modules/wrangler/node_modules/blake3-wasm Completed in 1773ms
669 http fetch GET 200 https://registry.npmjs.org/@speed-highlight/core/-/core-1.2.14.tgz 1669ms (cache miss)
670 timing reifyNode:node_modules/wrangler/node_modules/@speed-highlight/core Completed in 1791ms
671 http fetch GET 200 https://registry.npmjs.org/workerd/-/workerd-1.20260302.0.tgz 1629ms (cache miss)
672 timing reifyNode:node_modules/wrangler/node_modules/workerd Completed in 1862ms
673 http fetch GET 200 https://registry.npmjs.org/undici/-/undici-7.18.2.tgz 1763ms (cache miss)
674 timing reifyNode:node_modules/wrangler/node_modules/undici Completed in 1975ms
675 http fetch GET 200 https://registry.npmjs.org/unenv/-/unenv-2.0.0-rc.24.tgz 1984ms (cache miss)
676 timing reifyNode:node_modules/wrangler/node_modules/unenv Completed in 2256ms
677 http fetch GET 200 https://registry.npmjs.org/wrangler/-/wrangler-4.68.0.tgz 2501ms (cache miss)
678 timing reifyNode:node_modules/wrangler Completed in 2574ms
679 http fetch GET 200 https://registry.npmjs.org/miniflare/-/miniflare-4.20260302.0.tgz 2395ms (cache miss)
680 timing reifyNode:node_modules/wrangler/node_modules/miniflare Completed in 2637ms
681 http fetch GET 200 https://registry.npmjs.org/@img/sharp-libvips-linuxmusl-x64/-/sharp-libvips-linuxmusl-x64-1.2.4.tgz 2504ms (cache miss)
682 timing reifyNode:node_modules/wrangler/node_modules/@img/sharp-libvips-linuxmusl-x64 Completed in 2662ms
683 http fetch GET 200 https://registry.npmjs.org/@img/sharp-libvips-linux-x64/-/sharp-libvips-linux-x64-1.2.4.tgz 2512ms (cache miss)
684 timing reifyNode:node_modules/wrangler/node_modules/@img/sharp-libvips-linux-x64 Completed in 2672ms
685 timing reify:unpack Completed in 2677ms
686 timing reify:unretire Completed in 0ms
687 timing build:queue Completed in 13ms
688 timing build:link:node_modules/wrangler Completed in 5ms
689 timing build:link:node_modules/wrangler/node_modules/esbuild Completed in 4ms
690 timing build:link:node_modules/wrangler/node_modules/miniflare Completed in 4ms
691 timing build:link:node_modules/wrangler/node_modules/semver Completed in 4ms
692 timing build:link:node_modules/wrangler/node_modules/workerd Completed in 4ms
693 timing build:link Completed in 5ms
694 info run sharp@0.34.5 install node_modules/wrangler/node_modules/sharp node install/check.js || npm run build
695 info run sharp@0.34.5 install { code: 0, signal: null }
696 timing build:run:install:node_modules/wrangler/node_modules/sharp Completed in 116ms
697 timing build:run:install Completed in 118ms
698 info run esbuild@0.27.3 postinstall node_modules/wrangler/node_modules/esbuild node install.js
699 info run workerd@1.20260302.0 postinstall node_modules/wrangler/node_modules/workerd node install.js
700 info run esbuild@0.27.3 postinstall { code: 0, signal: null }
701 timing build:run:postinstall:node_modules/wrangler/node_modules/esbuild Completed in 1715ms
702 info run workerd@1.20260302.0 postinstall { code: 0, signal: null }
703 timing build:run:postinstall:node_modules/wrangler/node_modules/workerd Completed in 3437ms
704 timing build:run:postinstall Completed in 3449ms
705 timing build:deps Completed in 3585ms
706 timing build Completed in 3585ms
707 timing reify:build Completed in 3587ms
708 timing reify:trash Completed in 33ms
709 timing reify Completed in 8832ms
710 silly ADD node_modules/wrangler
711 silly ADD node_modules/wrangler/node_modules/error-stack-parser-es
712 silly ADD node_modules/wrangler/node_modules/@poppinss/exception
713 silly ADD node_modules/wrangler/node_modules/supports-color
714 silly ADD node_modules/wrangler/node_modules/@sindresorhus/is
715 silly ADD node_modules/wrangler/node_modules/kleur
716 silly ADD node_modules/wrangler/node_modules/youch-core
717 silly ADD node_modules/wrangler/node_modules/cookie
718 silly ADD node_modules/wrangler/node_modules/@speed-highlight/core
719 silly ADD node_modules/wrangler/node_modules/@poppinss/dumper
720 silly ADD node_modules/wrangler/node_modules/@poppinss/colors
721 silly ADD
722 silly ADD
723 silly ADD
724 silly ADD
725 silly ADD
726 silly ADD node_modules/wrangler/node_modules/pathe
727 silly ADD
728 silly ADD
729 silly ADD node_modules/wrangler/node_modules/semver
730 silly ADD node_modules/wrangler/node_modules/detect-libc
731 silly ADD
732 silly ADD
733 silly ADD
734 silly ADD
735 silly ADD
736 silly ADD
737 silly ADD
738 silly ADD
739 silly ADD
740 silly ADD
741 silly ADD
742 silly ADD
743 silly ADD node_modules/wrangler/node_modules/@img/sharp-libvips-linuxmusl-x64
744 silly ADD
745 silly ADD node_modules/wrangler/node_modules/@img/sharp-libvips-linux-x64
746 silly ADD
747 silly ADD
748 silly ADD
749 silly ADD
750 silly ADD
751 silly ADD
752 silly ADD
753 silly ADD
754 silly ADD
755 silly ADD node_modules/wrangler/node_modules/@img/colour
756 silly ADD node_modules/wrangler/node_modules/@jridgewell/sourcemap-codec
757 silly ADD node_modules/wrangler/node_modules/@jridgewell/resolve-uri
758 silly ADD node_modules/wrangler/node_modules/@jridgewell/trace-mapping
759 silly ADD node_modules/wrangler/node_modules/youch
760 silly ADD node_modules/wrangler/node_modules/ws
761 silly ADD node_modules/wrangler/node_modules/undici
762 silly ADD node_modules/wrangler/node_modules/sharp
763 silly ADD node_modules/wrangler/node_modules/@cspotcode/source-map-support
764 silly ADD
765 silly ADD
766 silly ADD
767 silly ADD
768 silly ADD
769 silly ADD
770 silly ADD
771 silly ADD
772 silly ADD
773 silly ADD
774 silly ADD
775 silly ADD
776 silly ADD
777 silly ADD
778 silly ADD
779 silly ADD
780 silly ADD
781 silly ADD
782 silly ADD
783 silly ADD
784 silly ADD
785 silly ADD
786 silly ADD
787 silly ADD
788 silly ADD
789 silly ADD
790 silly ADD node_modules/wrangler/node_modules/workerd
791 silly ADD node_modules/wrangler/node_modules/path-to-regexp
792 silly ADD node_modules/wrangler/node_modules/miniflare
793 silly ADD
794 silly ADD node_modules/wrangler/node_modules/esbuild
795 silly ADD node_modules/wrangler/node_modules/blake3-wasm
796 silly ADD node_modules/wrangler/node_modules/unenv
797 silly ADD node_modules/wrangler/node_modules/@cloudflare/unenv-preset
798 silly ADD node_modules/wrangler/node_modules/@cloudflare/kv-asset-handler
799 timing command:install Completed in 8845ms
800 verbose exit 0
801 timing npm Completed in 9237ms
802 info ok
