0 verbose cli [ '/usr/bin/node', '/usr/bin/npm', 'install', '-g', 'wrangler' ]
1 info using npm@8.5.1
2 info using node@v12.22.9
3 timing npm:load:whichnode Completed in 0ms
4 timing config:load:defaults Completed in 2ms
5 timing config:load:file:/usr/share/nodejs/npm/npmrc Completed in 9ms
6 timing config:load:builtin Completed in 9ms
7 timing config:load:cli Completed in 3ms
8 timing config:load:env Completed in 0ms
9 timing config:load:project Completed in 1ms
10 timing config:load:file:/root/.npmrc Completed in 0ms
11 timing config:load:user Completed in 1ms
12 timing config:load:file:/etc/npmrc Completed in 0ms
13 timing config:load:global Completed in 0ms
14 timing config:load:validate Completed in 0ms
15 timing config:load:credentials Completed in 1ms
16 timing config:load:setEnvs Completed in 1ms
17 timing config:load Completed in 18ms
18 timing npm:load:configload Completed in 18ms
19 timing npm:load:setTitle Completed in 1ms
20 timing config:load:flatten Completed in 3ms
21 timing npm:load:display Completed in 4ms
22 verbose logfile /root/.npm/_logs/2026-02-23T22_33_38_318Z-debug-0.log
23 timing npm:load:logFile Completed in 6ms
24 timing npm:load:timers Completed in 0ms
25 timing npm:load:configScope Completed in 0ms
26 timing npm:load Completed in 30ms
27 timing arborist:ctor Completed in 6ms
28 timing idealTree:init Completed in 13ms
29 timing idealTree:userRequests Completed in 3ms
30 silly idealTree buildDeps
31 silly fetch manifest wrangler@*
32 http fetch GET 200 https://registry.npmjs.org/wrangler 352ms (cache miss)
33 silly placeDep ROOT wrangler@4.68.0 OK for:  want: *
34 silly fetch manifest blake3-wasm@2.1.5
35 silly fetch manifest esbuild@0.27.3
36 silly fetch manifest path-to-regexp@6.3.0
37 silly fetch manifest unenv@2.0.0-rc.24
38 silly fetch manifest workerd@1.20260302.0
39 silly fetch manifest @cloudflare/kv-asset-handler@0.4.2
40 silly fetch manifest @cloudflare/unenv-preset@2.14.0
41 silly fetch manifest miniflare@4.20260302.0
42 silly fetch manifest fsevents@~2.3.2
43 http fetch GET 200 https://registry.npmjs.org/blake3-wasm 105ms (cache miss)
44 http fetch GET 200 https://registry.npmjs.org/path-to-regexp 134ms (cache miss)
45 http fetch GET 200 https://registry.npmjs.org/fsevents 131ms (cache miss)
46 http fetch GET 200 https://registry.npmjs.org/unenv 143ms (cache miss)
47 http fetch GET 200 https://registry.npmjs.org/workerd 157ms (cache miss)
48 http fetch GET 200 https://registry.npmjs.org/esbuild 194ms (cache miss)
49 http fetch GET 200 https://registry.npmjs.org/@cloudflare%2fkv-asset-handler 201ms (cache miss)
50 http fetch GET 200 https://registry.npmjs.org/miniflare 240ms (cache miss)
51 http fetch GET 200 https://registry.npmjs.org/@cloudflare%2funenv-preset 817ms (cache miss)
52 timing idealTree:#root Completed in 1391ms
53 silly placeDep node_modules/wrangler @cloudflare/kv-asset-handler@0.4.2 OK for: wrangler@4.68.0 want: 0.4.2
54 silly placeDep node_modules/wrangler @cloudflare/unenv-preset@2.14.0 OK for: wrangler@4.68.0 want: 2.14.0
55 silly placeDep node_modules/wrangler unenv@2.0.0-rc.24 OK for: @cloudflare/unenv-preset@2.14.0 want: 2.0.0-rc.24
56 silly placeDep node_modules/wrangler blake3-wasm@2.1.5 OK for: wrangler@4.68.0 want: 2.1.5
57 silly placeDep node_modules/wrangler esbuild@0.27.3 OK for: wrangler@4.68.0 want: 0.27.3
58 silly placeDep node_modules/wrangler fsevents@2.3.3 OK for: wrangler@4.68.0 want: ~2.3.2
59 silly placeDep node_modules/wrangler miniflare@4.20260302.0 OK for: wrangler@4.68.0 want: 4.20260302.0
60 silly placeDep node_modules/wrangler path-to-regexp@6.3.0 OK for: wrangler@4.68.0 want: 6.3.0
61 silly placeDep node_modules/wrangler workerd@1.20260302.0 OK for: wrangler@4.68.0 want: 1.20260302.0
62 silly fetch manifest pathe@^2.0.3
63 silly fetch manifest @esbuild/aix-ppc64@0.27.3
64 silly fetch manifest @esbuild/android-arm@0.27.3
65 silly fetch manifest @esbuild/android-arm64@0.27.3
66 silly fetch manifest @esbuild/android-x64@0.27.3
67 silly fetch manifest @esbuild/darwin-arm64@0.27.3
68 silly fetch manifest @esbuild/darwin-x64@0.27.3
69 silly fetch manifest @esbuild/freebsd-arm64@0.27.3
70 silly fetch manifest @esbuild/freebsd-x64@0.27.3
71 silly fetch manifest @esbuild/linux-arm@0.27.3
72 silly fetch manifest @esbuild/linux-arm64@0.27.3
73 silly fetch manifest @esbuild/linux-ia32@0.27.3
74 silly fetch manifest @esbuild/linux-loong64@0.27.3
75 silly fetch manifest @esbuild/linux-mips64el@0.27.3
76 silly fetch manifest @esbuild/linux-ppc64@0.27.3
77 silly fetch manifest @esbuild/linux-riscv64@0.27.3
78 silly fetch manifest @esbuild/linux-s390x@0.27.3
79 silly fetch manifest @esbuild/linux-x64@0.27.3
80 silly fetch manifest @esbuild/netbsd-arm64@0.27.3
81 silly fetch manifest @esbuild/netbsd-x64@0.27.3
82 silly fetch manifest @esbuild/openbsd-arm64@0.27.3
83 silly fetch manifest @esbuild/openbsd-x64@0.27.3
84 silly fetch manifest @esbuild/openharmony-arm64@0.27.3
85 silly fetch manifest @esbuild/sunos-x64@0.27.3
86 silly fetch manifest @esbuild/win32-arm64@0.27.3
87 silly fetch manifest @esbuild/win32-ia32@0.27.3
88 silly fetch manifest @esbuild/win32-x64@0.27.3
89 silly fetch manifest @cspotcode/source-map-support@0.8.1
90 silly fetch manifest sharp@^0.34.5
91 silly fetch manifest undici@7.18.2
92 silly fetch manifest ws@8.18.0
93 silly fetch manifest youch@4.1.0-beta.10
94 silly fetch manifest @cloudflare/workerd-darwin-arm64@1.20260302.0
95 silly fetch manifest @cloudflare/workerd-darwin-64@1.20260302.0
96 silly fetch manifest @cloudflare/workerd-linux-arm64@1.20260302.0
97 silly fetch manifest @cloudflare/workerd-linux-64@1.20260302.0
98 silly fetch manifest @cloudflare/workerd-windows-64@1.20260302.0
99 http fetch GET 200 https://registry.npmjs.org/pathe 347ms (cache miss)
100 http fetch GET 200 https://registry.npmjs.org/@esbuild%2fnetbsd-arm64 339ms (cache miss)
101 http fetch GET 200 https://registry.npmjs.org/@esbuild%2fopenharmony-arm64 322ms (cache miss)
102 http fetch GET 200 https://registry.npmjs.org/@esbuild%2fopenbsd-arm64 343ms (cache miss)
103 http fetch GET 200 https://registry.npmjs.org/@cspotcode%2fsource-map-support 332ms (cache miss)
104 http fetch GET 200 https://registry.npmjs.org/@esbuild%2fandroid-arm64 383ms (cache miss)
105 http fetch GET 200 https://registry.npmjs.org/@esbuild%2fandroid-x64 388ms (cache miss)
106 http fetch GET 200 https://registry.npmjs.org/@esbuild%2faix-ppc64 392ms (cache miss)
107 http fetch GET 200 https://registry.npmjs.org/@esbuild%2ffreebsd-x64 397ms (cache miss)
108 http fetch GET 200 https://registry.npmjs.org/@esbuild%2fdarwin-x64 401ms (cache miss)
109 http fetch GET 200 https://registry.npmjs.org/youch 367ms (cache miss)
110 http fetch GET 200 https://registry.npmjs.org/@esbuild%2flinux-x64 413ms (cache miss)
111 http fetch GET 200 https://registry.npmjs.org/@esbuild%2fopenbsd-x64 401ms (cache miss)
112 http fetch GET 200 https://registry.npmjs.org/@esbuild%2flinux-riscv64 432ms (cache miss)
113 http fetch GET 200 https://registry.npmjs.org/@esbuild%2fnetbsd-x64 429ms (cache miss)
114 http fetch GET 200 https://registry.npmjs.org/@esbuild%2flinux-s390x 437ms (cache miss)
115 http fetch GET 200 https://registry.npmjs.org/@esbuild%2fdarwin-arm64 469ms (cache miss)
116 http fetch GET 200 https://registry.npmjs.org/ws 423ms (cache miss)
117 http fetch GET 200 https://registry.npmjs.org/@esbuild%2fsunos-x64 432ms (cache miss)
118 http fetch GET 200 https://registry.npmjs.org/@esbuild%2fwin32-arm64 433ms (cache miss)
119 http fetch GET 200 https://registry.npmjs.org/@esbuild%2fwin32-x64 435ms (cache miss)
120 http fetch GET 200 https://registry.npmjs.org/@esbuild%2fwin32-ia32 440ms (cache miss)
121 http fetch GET 200 https://registry.npmjs.org/@cloudflare%2fworkerd-windows-64 434ms (cache miss)
122 http fetch GET 200 https://registry.npmjs.org/@esbuild%2fandroid-arm 500ms (cache miss)
123 http fetch GET 200 https://registry.npmjs.org/@esbuild%2ffreebsd-arm64 500ms (cache miss)
124 http fetch GET 200 https://registry.npmjs.org/sharp 457ms (cache miss)
125 http fetch GET 200 https://registry.npmjs.org/@esbuild%2flinux-ia32 493ms (cache miss)
126 http fetch GET 200 https://registry.npmjs.org/@esbuild%2flinux-arm 508ms (cache miss)
127 http fetch GET 200 https://registry.npmjs.org/@esbuild%2flinux-mips64el 494ms (cache miss)
128 http fetch GET 200 https://registry.npmjs.org/@esbuild%2flinux-arm64 509ms (cache miss)
129 http fetch GET 200 https://registry.npmjs.org/@esbuild%2flinux-ppc64 496ms (cache miss)
130 http fetch GET 200 https://registry.npmjs.org/@cloudflare%2fworkerd-linux-arm64 465ms (cache miss)
131 http fetch GET 200 https://registry.npmjs.org/@cloudflare%2fworkerd-linux-64 469ms (cache miss)
132 http fetch GET 200 https://registry.npmjs.org/@cloudflare%2fworkerd-darwin-64 473ms (cache miss)
133 http fetch GET 200 https://registry.npmjs.org/@esbuild%2flinux-loong64 509ms (cache miss)
134 http fetch GET 200 https://registry.npmjs.org/@cloudflare%2fworkerd-darwin-arm64 480ms (cache miss)
135 http fetch GET 200 https://registry.npmjs.org/undici 485ms (cache miss)
136 timing idealTree:node_modules/wrangler Completed in 619ms
137 timing idealTree:node_modules/wrangler/node_modules/@cloudflare/kv-asset-handler Completed in 0ms
138 timing idealTree:node_modules/wrangler/node_modules/@cloudflare/unenv-preset Completed in 0ms
139 timing idealTree:node_modules/wrangler/node_modules/blake3-wasm Completed in 0ms
140 silly placeDep node_modules/wrangler @esbuild/aix-ppc64@0.27.3 OK for: esbuild@0.27.3 want: 0.27.3
141 silly placeDep node_modules/wrangler @esbuild/android-arm@0.27.3 OK for: esbuild@0.27.3 want: 0.27.3
142 silly placeDep node_modules/wrangler @esbuild/android-arm64@0.27.3 OK for: esbuild@0.27.3 want: 0.27.3
143 silly placeDep node_modules/wrangler @esbuild/android-x64@0.27.3 OK for: esbuild@0.27.3 want: 0.27.3
144 silly placeDep node_modules/wrangler @esbuild/darwin-arm64@0.27.3 OK for: esbuild@0.27.3 want: 0.27.3
145 silly placeDep node_modules/wrangler @esbuild/darwin-x64@0.27.3 OK for: esbuild@0.27.3 want: 0.27.3
146 silly placeDep node_modules/wrangler @esbuild/freebsd-arm64@0.27.3 OK for: esbuild@0.27.3 want: 0.27.3
147 silly placeDep node_modules/wrangler @esbuild/freebsd-x64@0.27.3 OK for: esbuild@0.27.3 want: 0.27.3
148 silly placeDep node_modules/wrangler @esbuild/linux-arm@0.27.3 OK for: esbuild@0.27.3 want: 0.27.3
149 silly placeDep node_modules/wrangler @esbuild/linux-arm64@0.27.3 OK for: esbuild@0.27.3 want: 0.27.3
150 silly placeDep node_modules/wrangler @esbuild/linux-ia32@0.27.3 OK for: esbuild@0.27.3 want: 0.27.3
151 silly placeDep node_modules/wrangler @esbuild/linux-loong64@0.27.3 OK for: esbuild@0.27.3 want: 0.27.3
152 silly placeDep node_modules/wrangler @esbuild/linux-mips64el@0.27.3 OK for: esbuild@0.27.3 want: 0.27.3
153 silly placeDep node_modules/wrangler @esbuild/linux-ppc64@0.27.3 OK for: esbuild@0.27.3 want: 0.27.3
154 silly placeDep node_modules/wrangler @esbuild/linux-riscv64@0.27.3 OK for: esbuild@0.27.3 want: 0.27.3
155 silly placeDep node_modules/wrangler @esbuild/linux-s390x@0.27.3 OK for: esbuild@0.27.3 want: 0.27.3
156 silly placeDep node_modules/wrangler @esbuild/linux-x64@0.27.3 OK for: esbuild@0.27.3 want: 0.27.3
157 silly placeDep node_modules/wrangler @esbuild/netbsd-arm64@0.27.3 OK for: esbuild@0.27.3 want: 0.27.3
158 silly placeDep node_modules/wrangler @esbuild/netbsd-x64@0.27.3 OK for: esbuild@0.27.3 want: 0.27.3
159 silly placeDep node_modules/wrangler @esbuild/openbsd-arm64@0.27.3 OK for: esbuild@0.27.3 want: 0.27.3
160 silly placeDep node_modules/wrangler @esbuild/openbsd-x64@0.27.3 OK for: esbuild@0.27.3 want: 0.27.3
161 silly placeDep node_modules/wrangler @esbuild/openharmony-arm64@0.27.3 OK for: esbuild@0.27.3 want: 0.27.3
162 silly placeDep node_modules/wrangler @esbuild/sunos-x64@0.27.3 OK for: esbuild@0.27.3 want: 0.27.3
163 silly placeDep node_modules/wrangler @esbuild/win32-arm64@0.27.3 OK for: esbuild@0.27.3 want: 0.27.3
164 silly placeDep node_modules/wrangler @esbuild/win32-ia32@0.27.3 OK for: esbuild@0.27.3 want: 0.27.3
165 silly placeDep node_modules/wrangler @esbuild/win32-x64@0.27.3 OK for: esbuild@0.27.3 want: 0.27.3
166 timing idealTree:node_modules/wrangler/node_modules/esbuild Completed in 53ms
167 timing idealTree:node_modules/wrangler/node_modules/@esbuild/aix-ppc64 Completed in 0ms
168 timing idealTree:node_modules/wrangler/node_modules/@esbuild/android-arm Completed in 0ms
169 timing idealTree:node_modules/wrangler/node_modules/@esbuild/android-arm64 Completed in 0ms
170 timing idealTree:node_modules/wrangler/node_modules/@esbuild/android-x64 Completed in 0ms
171 timing idealTree:node_modules/wrangler/node_modules/@esbuild/darwin-arm64 Completed in 0ms
172 timing idealTree:node_modules/wrangler/node_modules/@esbuild/darwin-x64 Completed in 0ms
173 timing idealTree:node_modules/wrangler/node_modules/@esbuild/freebsd-arm64 Completed in 0ms
174 timing idealTree:node_modules/wrangler/node_modules/@esbuild/freebsd-x64 Completed in 0ms
175 timing idealTree:node_modules/wrangler/node_modules/@esbuild/linux-arm Completed in 0ms
176 timing idealTree:node_modules/wrangler/node_modules/@esbuild/linux-arm64 Completed in 0ms
177 timing idealTree:node_modules/wrangler/node_modules/@esbuild/linux-ia32 Completed in 0ms
178 timing idealTree:node_modules/wrangler/node_modules/@esbuild/linux-loong64 Completed in 0ms
179 timing idealTree:node_modules/wrangler/node_modules/@esbuild/linux-mips64el Completed in 0ms
180 timing idealTree:node_modules/wrangler/node_modules/@esbuild/linux-ppc64 Completed in 0ms
181 timing idealTree:node_modules/wrangler/node_modules/@esbuild/linux-riscv64 Completed in 0ms
182 timing idealTree:node_modules/wrangler/node_modules/@esbuild/linux-s390x Completed in 0ms
183 timing idealTree:node_modules/wrangler/node_modules/@esbuild/linux-x64 Completed in 0ms
184 timing idealTree:node_modules/wrangler/node_modules/@esbuild/netbsd-arm64 Completed in 0ms
185 timing idealTree:node_modules/wrangler/node_modules/@esbuild/netbsd-x64 Completed in 0ms
186 timing idealTree:node_modules/wrangler/node_modules/@esbuild/openbsd-arm64 Completed in 0ms
187 timing idealTree:node_modules/wrangler/node_modules/@esbuild/openbsd-x64 Completed in 0ms
188 timing idealTree:node_modules/wrangler/node_modules/@esbuild/openharmony-arm64 Completed in 0ms
189 timing idealTree:node_modules/wrangler/node_modules/@esbuild/sunos-x64 Completed in 0ms
190 timing idealTree:node_modules/wrangler/node_modules/@esbuild/win32-arm64 Completed in 0ms
191 timing idealTree:node_modules/wrangler/node_modules/@esbuild/win32-ia32 Completed in 0ms
192 timing idealTree:node_modules/wrangler/node_modules/@esbuild/win32-x64 Completed in 0ms
193 timing idealTree:node_modules/wrangler/node_modules/fsevents Completed in 0ms
194 silly fetch manifest bufferutil@^4.0.1
195 http fetch GET 200 https://registry.npmjs.org/bufferutil 27ms (cache miss)
196 silly fetch manifest utf-8-validate@>=5.0.2
197 http fetch GET 200 https://registry.npmjs.org/utf-8-validate 28ms (cache miss)
198 silly placeDep node_modules/wrangler @cspotcode/source-map-support@0.8.1 OK for: miniflare@4.20260302.0 want: 0.8.1
199 silly placeDep node_modules/wrangler sharp@0.34.5 OK for: miniflare@4.20260302.0 want: ^0.34.5
200 silly placeDep node_modules/wrangler undici@7.18.2 OK for: miniflare@4.20260302.0 want: 7.18.2
201 silly placeDep node_modules/wrangler ws@8.18.0 OK for: miniflare@4.20260302.0 want: 8.18.0
202 silly placeDep node_modules/wrangler youch@4.1.0-beta.10 OK for: miniflare@4.20260302.0 want: 4.1.0-beta.10
203 silly fetch manifest @jridgewell/trace-mapping@0.3.9
204 silly fetch manifest semver@^7.7.3
205 silly fetch manifest @img/colour@^1.0.0
206 silly fetch manifest detect-libc@^2.1.2
207 silly fetch manifest @img/sharp-wasm32@0.34.5
208 silly fetch manifest @img/sharp-linux-arm@0.34.5
209 silly fetch manifest @img/sharp-linux-x64@0.34.5
210 silly fetch manifest @img/sharp-win32-x64@0.34.5
211 silly fetch manifest @img/sharp-darwin-x64@0.34.5
212 silly fetch manifest @img/sharp-win32-ia32@0.34.5
213 silly fetch manifest @img/sharp-linux-arm64@0.34.5
214 silly fetch manifest @img/sharp-linux-ppc64@0.34.5
215 silly fetch manifest @img/sharp-linux-s390x@0.34.5
216 silly fetch manifest @img/sharp-win32-arm64@0.34.5
217 silly fetch manifest @img/sharp-darwin-arm64@0.34.5
218 silly fetch manifest @img/sharp-linux-riscv64@0.34.5
219 silly fetch manifest @img/sharp-linuxmusl-x64@0.34.5
220 silly fetch manifest @img/sharp-linuxmusl-arm64@0.34.5
221 silly fetch manifest @img/sharp-libvips-linux-arm@1.2.4
222 silly fetch manifest @img/sharp-libvips-linux-x64@1.2.4
223 silly fetch manifest @img/sharp-libvips-darwin-x64@1.2.4
224 silly fetch manifest @img/sharp-libvips-linux-arm64@1.2.4
225 silly fetch manifest @img/sharp-libvips-linux-ppc64@1.2.4
226 silly fetch manifest @img/sharp-libvips-linux-s390x@1.2.4
227 silly fetch manifest @img/sharp-libvips-darwin-arm64@1.2.4
228 silly fetch manifest @img/sharp-libvips-linux-riscv64@1.2.4
229 silly fetch manifest @img/sharp-libvips-linuxmusl-x64@1.2.4
230 silly fetch manifest @img/sharp-libvips-linuxmusl-arm64@1.2.4
231 silly fetch manifest cookie@^1.0.2
232 silly fetch manifest youch-core@^0.3.3
233 silly fetch manifest @poppinss/colors@^4.1.5
234 silly fetch manifest @poppinss/dumper@^0.6.4
235 silly fetch manifest @speed-highlight/core@^1.2.7
236 http fetch GET 200 https://registry.npmjs.org/semver 108ms (cache miss)
237 http fetch GET 200 https://registry.npmjs.org/@img%2fsharp-darwin-x64 137ms (cache miss)
238 http fetch GET 200 https://registry.npmjs.org/@img%2fsharp-linux-s390x 135ms (cache miss)
239 http fetch GET 200 https://registry.npmjs.org/detect-libc 144ms (cache miss)
240 http fetch GET 200 https://registry.npmjs.org/@img%2fsharp-linux-ppc64 138ms (cache miss)
241 http fetch GET 200 https://registry.npmjs.org/@img%2fsharp-darwin-arm64 136ms (cache miss)
242 http fetch GET 200 https://registry.npmjs.org/@img%2fsharp-linux-arm64 139ms (cache miss)
243 http fetch GET 200 https://registry.npmjs.org/@img%2fsharp-win32-ia32 156ms (cache miss)
244 http fetch GET 200 https://registry.npmjs.org/@img%2fsharp-wasm32 162ms (cache miss)
245 http fetch GET 200 https://registry.npmjs.org/@img%2fsharp-linux-arm 173ms (cache miss)
246 http fetch GET 200 https://registry.npmjs.org/@img%2fsharp-linux-x64 181ms (cache miss)
247 http fetch GET 200 https://registry.npmjs.org/@img%2fsharp-win32-x64 181ms (cache miss)
248 http fetch GET 200 https://registry.npmjs.org/@jridgewell%2ftrace-mapping 196ms (cache miss)
249 http fetch GET 200 https://registry.npmjs.org/@img%2fsharp-linuxmusl-x64 206ms (cache miss)
250 http fetch GET 200 https://registry.npmjs.org/@img%2fsharp-libvips-linux-x64 206ms (cache miss)
251 http fetch GET 200 https://registry.npmjs.org/@img%2fsharp-libvips-linux-ppc64 205ms (cache miss)
252 http fetch GET 200 https://registry.npmjs.org/@img%2fsharp-libvips-linux-arm64 206ms (cache miss)
253 http fetch GET 200 https://registry.npmjs.org/@img%2fsharp-libvips-linux-s390x 205ms (cache miss)
254 http fetch GET 200 https://registry.npmjs.org/@img%2fsharp-libvips-darwin-x64 208ms (cache miss)
255 http fetch GET 200 https://registry.npmjs.org/@img%2fsharp-linuxmusl-arm64 210ms (cache miss)
256 http fetch GET 200 https://registry.npmjs.org/@img%2fsharp-win32-arm64 215ms (cache miss)
257 http fetch GET 200 https://registry.npmjs.org/@img%2fsharp-libvips-darwin-arm64 207ms (cache miss)
258 http fetch GET 200 https://registry.npmjs.org/@img%2fsharp-libvips-linux-arm 212ms (cache miss)
259 http fetch GET 200 https://registry.npmjs.org/@img%2fsharp-libvips-linuxmusl-arm64 206ms (cache miss)
260 http fetch GET 200 https://registry.npmjs.org/@img%2fsharp-libvips-linuxmusl-x64 208ms (cache miss)
261 http fetch GET 200 https://registry.npmjs.org/cookie 207ms (cache miss)
262 http fetch GET 200 https://registry.npmjs.org/youch-core 210ms (cache miss)
263 http fetch GET 200 https://registry.npmjs.org/@poppinss%2fdumper 212ms (cache miss)
264 http fetch GET 200 https://registry.npmjs.org/@img%2fsharp-linux-riscv64 226ms (cache miss)
265 http fetch GET 200 https://registry.npmjs.org/@speed-highlight%2fcore 214ms (cache miss)
266 http fetch GET 200 https://registry.npmjs.org/@img%2fsharp-libvips-linux-riscv64 221ms (cache miss)
267 http fetch GET 200 https://registry.npmjs.org/@poppinss%2fcolors 330ms (cache miss)
268 http fetch GET 200 https://registry.npmjs.org/@img%2fcolour 383ms (cache miss)
269 timing idealTree:node_modules/wrangler/node_modules/miniflare Completed in 465ms
270 silly placeDep node_modules/wrangler @jridgewell/trace-mapping@0.3.9 OK for: @cspotcode/source-map-support@0.8.1 want: 0.3.9
271 silly fetch manifest @jridgewell/resolve-uri@^3.0.3
272 silly fetch manifest @jridgewell/sourcemap-codec@^1.4.10
273 http fetch GET 200 https://registry.npmjs.org/@jridgewell%2fsourcemap-codec 54ms (cache miss)
274 http fetch GET 200 https://registry.npmjs.org/@jridgewell%2fresolve-uri 66ms (cache miss)
275 timing idealTree:node_modules/wrangler/node_modules/@cspotcode/source-map-support Completed in 87ms
276 silly placeDep node_modules/wrangler @jridgewell/resolve-uri@3.1.2 OK for: @jridgewell/trace-mapping@0.3.9 want: ^3.0.3
277 silly placeDep node_modules/wrangler @jridgewell/sourcemap-codec@1.5.5 OK for: @jridgewell/trace-mapping@0.3.9 want: ^1.4.10
278 timing idealTree:node_modules/wrangler/node_modules/@jridgewell/trace-mapping Completed in 4ms
279 timing idealTree:node_modules/wrangler/node_modules/@jridgewell/resolve-uri Completed in 0ms
280 timing idealTree:node_modules/wrangler/node_modules/@jridgewell/sourcemap-codec Completed in 0ms
281 timing idealTree:node_modules/wrangler/node_modules/path-to-regexp Completed in 0ms
282 silly placeDep node_modules/wrangler @img/colour@1.0.0 OK for: sharp@0.34.5 want: ^1.0.0
283 silly placeDep node_modules/wrangler @img/sharp-darwin-arm64@0.34.5 OK for: sharp@0.34.5 want: 0.34.5
284 silly placeDep node_modules/wrangler @img/sharp-darwin-x64@0.34.5 OK for: sharp@0.34.5 want: 0.34.5
285 silly placeDep node_modules/wrangler @img/sharp-libvips-darwin-arm64@1.2.4 OK for: sharp@0.34.5 want: 1.2.4
286 silly placeDep node_modules/wrangler @img/sharp-libvips-darwin-x64@1.2.4 OK for: sharp@0.34.5 want: 1.2.4
287 silly placeDep node_modules/wrangler @img/sharp-libvips-linux-arm@1.2.4 OK for: sharp@0.34.5 want: 1.2.4
288 silly placeDep node_modules/wrangler @img/sharp-libvips-linux-arm64@1.2.4 OK for: sharp@0.34.5 want: 1.2.4
289 silly placeDep node_modules/wrangler @img/sharp-libvips-linux-ppc64@1.2.4 OK for: sharp@0.34.5 want: 1.2.4
290 silly placeDep node_modules/wrangler @img/sharp-libvips-linux-riscv64@1.2.4 OK for: sharp@0.34.5 want: 1.2.4
291 silly placeDep node_modules/wrangler @img/sharp-libvips-linux-s390x@1.2.4 OK for: sharp@0.34.5 want: 1.2.4
292 silly placeDep node_modules/wrangler @img/sharp-libvips-linux-x64@1.2.4 OK for: sharp@0.34.5 want: 1.2.4
293 silly placeDep node_modules/wrangler @img/sharp-libvips-linuxmusl-arm64@1.2.4 OK for: sharp@0.34.5 want: 1.2.4
294 silly placeDep node_modules/wrangler @img/sharp-libvips-linuxmusl-x64@1.2.4 OK for: sharp@0.34.5 want: 1.2.4
295 silly placeDep node_modules/wrangler @img/sharp-linux-arm@0.34.5 OK for: sharp@0.34.5 want: 0.34.5
296 silly placeDep node_modules/wrangler @img/sharp-linux-arm64@0.34.5 OK for: sharp@0.34.5 want: 0.34.5
297 silly placeDep node_modules/wrangler @img/sharp-linux-ppc64@0.34.5 OK for: sharp@0.34.5 want: 0.34.5
298 silly placeDep node_modules/wrangler @img/sharp-linux-riscv64@0.34.5 OK for: sharp@0.34.5 want: 0.34.5
299 silly placeDep node_modules/wrangler @img/sharp-linux-s390x@0.34.5 OK for: sharp@0.34.5 want: 0.34.5
300 silly placeDep node_modules/wrangler @img/sharp-linux-x64@0.34.5 OK for: sharp@0.34.5 want: 0.34.5
301 silly placeDep node_modules/wrangler @img/sharp-linuxmusl-arm64@0.34.5 OK for: sharp@0.34.5 want: 0.34.5
302 silly placeDep node_modules/wrangler @img/sharp-linuxmusl-x64@0.34.5 OK for: sharp@0.34.5 want: 0.34.5
303 silly placeDep node_modules/wrangler @img/sharp-wasm32@0.34.5 OK for: sharp@0.34.5 want: 0.34.5
304 silly placeDep node_modules/wrangler @img/sharp-win32-arm64@0.34.5 OK for: sharp@0.34.5 want: 0.34.5
305 silly placeDep node_modules/wrangler @img/sharp-win32-ia32@0.34.5 OK for: sharp@0.34.5 want: 0.34.5
306 silly placeDep node_modules/wrangler @img/sharp-win32-x64@0.34.5 OK for: sharp@0.34.5 want: 0.34.5
307 silly placeDep node_modules/wrangler detect-libc@2.1.2 OK for: sharp@0.34.5 want: ^2.1.2
308 silly placeDep node_modules/wrangler semver@7.7.4 OK for: sharp@0.34.5 want: ^7.7.3
309 silly fetch manifest @emnapi/runtime@^1.7.0
310 http fetch GET 200 https://registry.npmjs.org/@emnapi%2fruntime 38ms (cache miss)
311 timing idealTree:node_modules/wrangler/node_modules/sharp Completed in 145ms
312 timing idealTree:node_modules/wrangler/node_modules/@img/colour Completed in 0ms
313 timing idealTree:node_modules/wrangler/node_modules/@img/sharp-darwin-arm64 Completed in 0ms
314 timing idealTree:node_modules/wrangler/node_modules/@img/sharp-darwin-x64 Completed in 0ms
315 timing idealTree:node_modules/wrangler/node_modules/@img/sharp-libvips-darwin-arm64 Completed in 0ms
316 timing idealTree:node_modules/wrangler/node_modules/@img/sharp-libvips-darwin-x64 Completed in 0ms
317 timing idealTree:node_modules/wrangler/node_modules/@img/sharp-libvips-linux-arm Completed in 0ms
318 timing idealTree:node_modules/wrangler/node_modules/@img/sharp-libvips-linux-arm64 Completed in 0ms
319 timing idealTree:node_modules/wrangler/node_modules/@img/sharp-libvips-linux-ppc64 Completed in 0ms
320 timing idealTree:node_modules/wrangler/node_modules/@img/sharp-libvips-linux-riscv64 Completed in 0ms
321 timing idealTree:node_modules/wrangler/node_modules/@img/sharp-libvips-linux-s390x Completed in 0ms
322 timing idealTree:node_modules/wrangler/node_modules/@img/sharp-libvips-linux-x64 Completed in 0ms
323 timing idealTree:node_modules/wrangler/node_modules/@img/sharp-libvips-linuxmusl-arm64 Completed in 1ms
324 timing idealTree:node_modules/wrangler/node_modules/@img/sharp-libvips-linuxmusl-x64 Completed in 0ms
325 timing idealTree:node_modules/wrangler/node_modules/@img/sharp-linux-arm Completed in 0ms
326 timing idealTree:node_modules/wrangler/node_modules/@img/sharp-linux-arm64 Completed in 0ms
327 timing idealTree:node_modules/wrangler/node_modules/@img/sharp-linux-ppc64 Completed in 0ms
328 timing idealTree:node_modules/wrangler/node_modules/@img/sharp-linux-riscv64 Completed in 0ms
329 timing idealTree:node_modules/wrangler/node_modules/@img/sharp-linux-s390x Completed in 0ms
330 timing idealTree:node_modules/wrangler/node_modules/@img/sharp-linux-x64 Completed in 0ms
331 timing idealTree:node_modules/wrangler/node_modules/@img/sharp-linuxmusl-arm64 Completed in 0ms
332 timing idealTree:node_modules/wrangler/node_modules/@img/sharp-linuxmusl-x64 Completed in 0ms
333 silly placeDep node_modules/wrangler @emnapi/runtime@1.8.1 OK for: @img/sharp-wasm32@0.34.5 want: ^1.7.0
334 silly fetch manifest tslib@^2.4.0
335 http fetch GET 200 https://registry.npmjs.org/tslib 32ms (cache miss)
336 timing idealTree:node_modules/wrangler/node_modules/@img/sharp-wasm32 Completed in 35ms
337 silly placeDep node_modules/wrangler tslib@2.8.1 OK for: @emnapi/runtime@1.8.1 want: ^2.4.0
338 timing idealTree:node_modules/wrangler/node_modules/@emnapi/runtime Completed in 4ms
339 timing idealTree:node_modules/wrangler/node_modules/@img/sharp-win32-arm64 Completed in 0ms
340 timing idealTree:node_modules/wrangler/node_modules/@img/sharp-win32-ia32 Completed in 0ms
341 timing idealTree:node_modules/wrangler/node_modules/@img/sharp-win32-x64 Completed in 0ms
342 timing idealTree:node_modules/wrangler/node_modules/detect-libc Completed in 0ms
343 timing idealTree:node_modules/wrangler/node_modules/semver Completed in 0ms
344 timing idealTree:node_modules/wrangler/node_modules/tslib Completed in 0ms
345 timing idealTree:node_modules/wrangler/node_modules/undici Completed in 0ms
346 silly placeDep node_modules/wrangler pathe@2.0.3 OK for: unenv@2.0.0-rc.24 want: ^2.0.3
347 timing idealTree:node_modules/wrangler/node_modules/unenv Completed in 1ms
348 timing idealTree:node_modules/wrangler/node_modules/pathe Completed in 0ms
349 silly placeDep node_modules/wrangler @cloudflare/workerd-darwin-64@1.20260302.0 OK for: workerd@1.20260302.0 want: 1.20260302.0
350 silly placeDep node_modules/wrangler @cloudflare/workerd-darwin-arm64@1.20260302.0 OK for: workerd@1.20260302.0 want: 1.20260302.0
351 silly placeDep node_modules/wrangler @cloudflare/workerd-linux-64@1.20260302.0 OK for: workerd@1.20260302.0 want: 1.20260302.0
352 silly placeDep node_modules/wrangler @cloudflare/workerd-linux-arm64@1.20260302.0 OK for: workerd@1.20260302.0 want: 1.20260302.0
353 silly placeDep node_modules/wrangler @cloudflare/workerd-windows-64@1.20260302.0 OK for: workerd@1.20260302.0 want: 1.20260302.0
354 timing idealTree:node_modules/wrangler/node_modules/workerd Completed in 5ms
355 timing idealTree:node_modules/wrangler/node_modules/@cloudflare/workerd-darwin-64 Completed in 0ms
356 timing idealTree:node_modules/wrangler/node_modules/@cloudflare/workerd-darwin-arm64 Completed in 0ms
357 timing idealTree:node_modules/wrangler/node_modules/@cloudflare/workerd-linux-64 Completed in 0ms
358 timing idealTree:node_modules/wrangler/node_modules/@cloudflare/workerd-linux-arm64 Completed in 0ms
359 timing idealTree:node_modules/wrangler/node_modules/@cloudflare/workerd-windows-64 Completed in 0ms
360 timing idealTree:node_modules/wrangler/node_modules/ws Completed in 0ms
361 silly placeDep node_modules/wrangler @poppinss/colors@4.1.6 OK for: youch@4.1.0-beta.10 want: ^4.1.5
362 silly placeDep node_modules/wrangler @poppinss/dumper@0.6.5 OK for: youch@4.1.0-beta.10 want: ^0.6.4
363 silly placeDep node_modules/wrangler @speed-highlight/core@1.2.14 OK for: youch@4.1.0-beta.10 want: ^1.2.7
364 silly placeDep node_modules/wrangler cookie@1.1.1 OK for: youch@4.1.0-beta.10 want: ^1.0.2
365 silly placeDep node_modules/wrangler youch-core@0.3.3 OK for: youch@4.1.0-beta.10 want: ^0.3.3
366 silly fetch manifest kleur@^4.1.5
367 silly fetch manifest supports-color@^10.0.0
368 silly fetch manifest @sindresorhus/is@^7.0.2
369 silly fetch manifest @poppinss/exception@^1.2.2
370 silly fetch manifest error-stack-parser-es@^1.0.5
371 http fetch GET 200 https://registry.npmjs.org/error-stack-parser-es 22ms (cache miss)
372 http fetch GET 200 https://registry.npmjs.org/kleur 46ms (cache miss)
373 http fetch GET 200 https://registry.npmjs.org/@sindresorhus%2fis 55ms (cache miss)
374 http fetch GET 200 https://registry.npmjs.org/supports-color 62ms (cache miss)
375 http fetch GET 200 https://registry.npmjs.org/@poppinss%2fexception 124ms (cache miss)
376 timing idealTree:node_modules/wrangler/node_modules/youch Completed in 137ms
377 silly placeDep node_modules/wrangler kleur@4.1.5 OK for: @poppinss/colors@4.1.6 want: ^4.1.5
378 timing idealTree:node_modules/wrangler/node_modules/@poppinss/colors Completed in 1ms
379 silly placeDep node_modules/wrangler @sindresorhus/is@7.2.0 OK for: @poppinss/dumper@0.6.5 want: ^7.0.2
380 silly placeDep node_modules/wrangler supports-color@10.2.2 OK for: @poppinss/dumper@0.6.5 want: ^10.0.0
381 timing idealTree:node_modules/wrangler/node_modules/@poppinss/dumper Completed in 6ms
382 timing idealTree:node_modules/wrangler/node_modules/@sindresorhus/is Completed in 0ms
383 timing idealTree:node_modules/wrangler/node_modules/@speed-highlight/core Completed in 0ms
384 timing idealTree:node_modules/wrangler/node_modules/cookie Completed in 0ms
385 timing idealTree:node_modules/wrangler/node_modules/kleur Completed in 0ms
386 timing idealTree:node_modules/wrangler/node_modules/supports-color Completed in 0ms
387 silly placeDep node_modules/wrangler @poppinss/exception@1.2.3 OK for: youch-core@0.3.3 want: ^1.2.2
388 silly placeDep node_modules/wrangler error-stack-parser-es@1.0.5 OK for: youch-core@0.3.3 want: ^1.0.5
389 timing idealTree:node_modules/wrangler/node_modules/youch-core Completed in 2ms
390 timing idealTree:node_modules/wrangler/node_modules/@poppinss/exception Completed in 0ms
391 timing idealTree:node_modules/wrangler/node_modules/error-stack-parser-es Completed in 0ms
392 timing idealTree:buildDeps Completed in 2976ms
393 timing idealTree:fixDepFlags Completed in 1ms
394 warn EBADENGINE Unsupported engine {
394 warn EBADENGINE   package: 'wrangler@4.68.0',
394 warn EBADENGINE   required: { node: '>=20.0.0' },
394 warn EBADENGINE   current: { node: 'v12.22.9', npm: '8.5.1' }
394 warn EBADENGINE }
395 warn EBADENGINE Unsupported engine {
395 warn EBADENGINE   package: '@cloudflare/kv-asset-handler@0.4.2',
395 warn EBADENGINE   required: { node: '>=18.0.0' },
395 warn EBADENGINE   current: { node: 'v12.22.9', npm: '8.5.1' }
395 warn EBADENGINE }
396 warn EBADENGINE Unsupported engine {
396 warn EBADENGINE   package: 'esbuild@0.27.3',
396 warn EBADENGINE   required: { node: '>=18' },
396 warn EBADENGINE   current: { node: 'v12.22.9', npm: '8.5.1' }
396 warn EBADENGINE }
397 warn EBADENGINE Unsupported engine {
397 warn EBADENGINE   package: 'miniflare@4.20260302.0',
397 warn EBADENGINE   required: { node: '>=18.0.0' },
397 warn EBADENGINE   current: { node: 'v12.22.9', npm: '8.5.1' }
397 warn EBADENGINE }
398 warn EBADENGINE Unsupported engine {
398 warn EBADENGINE   package: 'workerd@1.20260302.0',
398 warn EBADENGINE   required: { node: '>=16' },
398 warn EBADENGINE   current: { node: 'v12.22.9', npm: '8.5.1' }
398 warn EBADENGINE }
399 warn EBADENGINE Unsupported engine {
399 warn EBADENGINE   package: 'sharp@0.34.5',
399 warn EBADENGINE   required: { node: '^18.17.0 || ^20.3.0 || >=21.0.0' },
399 warn EBADENGINE   current: { node: 'v12.22.9', npm: '8.5.1' }
399 warn EBADENGINE }
400 warn EBADENGINE Unsupported engine {
400 warn EBADENGINE   package: 'undici@7.18.2',
400 warn EBADENGINE   required: { node: '>=20.18.1' },
400 warn EBADENGINE   current: { node: 'v12.22.9', npm: '8.5.1' }
400 warn EBADENGINE }
401 warn EBADENGINE Unsupported engine {
401 warn EBADENGINE   package: '@img/colour@1.0.0',
401 warn EBADENGINE   required: { node: '>=18' },
401 warn EBADENGINE   current: { node: 'v12.22.9', npm: '8.5.1' }
401 warn EBADENGINE }
402 warn EBADENGINE Unsupported engine {
402 warn EBADENGINE   package: 'cookie@1.1.1',
402 warn EBADENGINE   required: { node: '>=18' },
402 warn EBADENGINE   current: { node: 'v12.22.9', npm: '8.5.1' }
402 warn EBADENGINE }
403 warn EBADENGINE Unsupported engine {
403 warn EBADENGINE   package: '@sindresorhus/is@7.2.0',
403 warn EBADENGINE   required: { node: '>=18' },
403 warn EBADENGINE   current: { node: 'v12.22.9', npm: '8.5.1' }
403 warn EBADENGINE }
404 warn EBADENGINE Unsupported engine {
404 warn EBADENGINE   package: 'supports-color@10.2.2',
404 warn EBADENGINE   required: { node: '>=18' },
404 warn EBADENGINE   current: { node: 'v12.22.9', npm: '8.5.1' }
404 warn EBADENGINE }
405 timing idealTree Completed in 3008ms
406 timing reify:loadTrees Completed in 3049ms
407 timing reify:diffTrees Completed in 4ms
408 silly reify mark retired [
408 silly reify   '/usr/local/lib/node_modules/wrangler',
408 silly reify   '/usr/local/bin/wrangler',
408 silly reify   '/usr/local/bin/wrangler2'
408 silly reify ]
409 silly reify moves {
409 silly reify   '/usr/local/lib/node_modules/wrangler': '/usr/local/lib/node_modules/.wrangler-HvEjt2VE',
409 silly reify   '/usr/local/bin/wrangler': '/usr/local/bin/.wrangler-lnyGDffX',
409 silly reify   '/usr/local/bin/wrangler2': '/usr/local/bin/.wrangler2-030aCk7l'
409 silly reify }
410 timing reify:retireShallow Completed in 2ms
411 timing reify:createSparse Completed in 35ms
412 timing reify:loadBundles Completed in 0ms
413 silly audit bulk request {
413 silly audit   wrangler: [ '4.68.0' ],
413 silly audit   '@cloudflare/kv-asset-handler': [ '0.4.2' ],
413 silly audit   '@cloudflare/unenv-preset': [ '2.14.0' ],
413 silly audit   unenv: [ '2.0.0-rc.24' ],
413 silly audit   'blake3-wasm': [ '2.1.5' ],
413 silly audit   esbuild: [ '0.27.3' ],
413 silly audit   fsevents: [ '2.3.3' ],
413 silly audit   miniflare: [ '4.20260302.0' ],
413 silly audit   'path-to-regexp': [ '6.3.0' ],
413 silly audit   workerd: [ '1.20260302.0' ],
413 silly audit   '@esbuild/aix-ppc64': [ '0.27.3' ],
413 silly audit   '@esbuild/android-arm': [ '0.27.3' ],
413 silly audit   '@esbuild/android-arm64': [ '0.27.3' ],
413 silly audit   '@esbuild/android-x64': [ '0.27.3' ],
413 silly audit   '@esbuild/darwin-arm64': [ '0.27.3' ],
413 silly audit   '@esbuild/darwin-x64': [ '0.27.3' ],
413 silly audit   '@esbuild/freebsd-arm64': [ '0.27.3' ],
413 silly audit   '@esbuild/freebsd-x64': [ '0.27.3' ],
413 silly audit   '@esbuild/linux-arm': [ '0.27.3' ],
413 silly audit   '@esbuild/linux-arm64': [ '0.27.3' ],
413 silly audit   '@esbuild/linux-ia32': [ '0.27.3' ],
413 silly audit   '@esbuild/linux-loong64': [ '0.27.3' ],
413 silly audit   '@esbuild/linux-mips64el': [ '0.27.3' ],
413 silly audit   '@esbuild/linux-ppc64': [ '0.27.3' ],
413 silly audit   '@esbuild/linux-riscv64': [ '0.27.3' ],
413 silly audit   '@esbuild/linux-s390x': [ '0.27.3' ],
413 silly audit   '@esbuild/linux-x64': [ '0.27.3' ],
413 silly audit   '@esbuild/netbsd-arm64': [ '0.27.3' ],
413 silly audit   '@esbuild/netbsd-x64': [ '0.27.3' ],
413 silly audit   '@esbuild/openbsd-arm64': [ '0.27.3' ],
413 silly audit   '@esbuild/openbsd-x64': [ '0.27.3' ],
413 silly audit   '@esbuild/openharmony-arm64': [ '0.27.3' ],
413 silly audit   '@esbuild/sunos-x64': [ '0.27.3' ],
413 silly audit   '@esbuild/win32-arm64': [ '0.27.3' ],
413 silly audit   '@esbuild/win32-ia32': [ '0.27.3' ],
413 silly audit   '@esbuild/win32-x64': [ '0.27.3' ],
413 silly audit   '@cspotcode/source-map-support': [ '0.8.1' ],
413 silly audit   sharp: [ '0.34.5' ],
413 silly audit   undici: [ '7.18.2' ],
413 silly audit   ws: [ '8.18.0' ],
413 silly audit   youch: [ '4.1.0-beta.10' ],
413 silly audit   '@jridgewell/trace-mapping': [ '0.3.9' ],
413 silly audit   '@jridgewell/resolve-uri': [ '3.1.2' ],
413 silly audit   '@jridgewell/sourcemap-codec': [ '1.5.5' ],
413 silly audit   '@img/colour': [ '1.0.0' ],
413 silly audit   '@img/sharp-darwin-arm64': [ '0.34.5' ],
413 silly audit   '@img/sharp-darwin-x64': [ '0.34.5' ],
413 silly audit   '@img/sharp-libvips-darwin-arm64': [ '1.2.4' ],
413 silly audit   '@img/sharp-libvips-darwin-x64': [ '1.2.4' ],
413 silly audit   '@img/sharp-libvips-linux-arm': [ '1.2.4' ],
413 silly audit   '@img/sharp-libvips-linux-arm64': [ '1.2.4' ],
413 silly audit   '@img/sharp-libvips-linux-ppc64': [ '1.2.4' ],
413 silly audit   '@img/sharp-libvips-linux-riscv64': [ '1.2.4' ],
413 silly audit   '@img/sharp-libvips-linux-s390x': [ '1.2.4' ],
413 silly audit   '@img/sharp-libvips-linux-x64': [ '1.2.4' ],
413 silly audit   '@img/sharp-libvips-linuxmusl-arm64': [ '1.2.4' ],
413 silly audit   '@img/sharp-libvips-linuxmusl-x64': [ '1.2.4' ],
413 silly audit   '@img/sharp-linux-arm': [ '0.34.5' ],
413 silly audit   '@img/sharp-linux-arm64': [ '0.34.5' ],
413 silly audit   '@img/sharp-linux-ppc64': [ '0.34.5' ],
413 silly audit   '@img/sharp-linux-riscv64': [ '0.34.5' ],
413 silly audit   '@img/sharp-linux-s390x': [ '0.34.5' ],
413 silly audit   '@img/sharp-linux-x64': [ '0.34.5' ],
413 silly audit   '@img/sharp-linuxmusl-arm64': [ '0.34.5' ],
413 silly audit   '@img/sharp-linuxmusl-x64': [ '0.34.5' ],
413 silly audit   '@img/sharp-wasm32': [ '0.34.5' ],
413 silly audit   '@img/sharp-win32-arm64': [ '0.34.5' ],
413 silly audit   '@img/sharp-win32-ia32': [ '0.34.5' ],
413 silly audit   '@img/sharp-win32-x64': [ '0.34.5' ],
413 silly audit   'detect-libc': [ '2.1.2' ],
413 silly audit   semver: [ '7.7.4' ],
413 silly audit   '@emnapi/runtime': [ '1.8.1' ],
413 silly audit   tslib: [ '2.8.1' ],
413 silly audit   pathe: [ '2.0.3' ],
413 silly audit   '@cloudflare/workerd-darwin-64': [ '1.20260302.0' ],
413 silly audit   '@cloudflare/workerd-darwin-arm64': [ '1.20260302.0' ],
413 silly audit   '@cloudflare/workerd-linux-64': [ '1.20260302.0' ],
413 silly audit   '@cloudflare/workerd-linux-arm64': [ '1.20260302.0' ],
413 silly audit   '@cloudflare/workerd-windows-64': [ '1.20260302.0' ],
413 silly audit   '@poppinss/colors': [ '4.1.6' ],
413 silly audit   '@poppinss/dumper': [ '0.6.5' ],
413 silly audit   '@speed-highlight/core': [ '1.2.14' ],
413 silly audit   cookie: [ '1.1.1' ],
413 silly audit   'youch-core': [ '0.3.3' ],
413 silly audit   kleur: [ '4.1.5' ],
413 silly audit   '@sindresorhus/is': [ '7.2.0' ],
413 silly audit   'supports-color': [ '10.2.2' ],
413 silly audit   '@poppinss/exception': [ '1.2.3' ],
413 silly audit   'error-stack-parser-es': [ '1.0.5' ]
413 silly audit }
414 verbose reify failed optional dependency /usr/local/lib/node_modules/wrangler/node_modules/@cloudflare/workerd-windows-64
415 silly reify mark deleted [
415 silly reify   '/usr/local/lib/node_modules/wrangler/node_modules/@cloudflare/workerd-windows-64'
415 silly reify ]
416 verbose reify failed optional dependency /usr/local/lib/node_modules/wrangler/node_modules/@cloudflare/workerd-linux-arm64
417 silly reify mark deleted [
417 silly reify   '/usr/local/lib/node_modules/wrangler/node_modules/@cloudflare/workerd-linux-arm64'
417 silly reify ]
418 verbose reify failed optional dependency /usr/local/lib/node_modules/wrangler/node_modules/@cloudflare/workerd-linux-64
419 silly reify mark deleted [
419 silly reify   '/usr/local/lib/node_modules/wrangler/node_modules/@cloudflare/workerd-linux-64'
419 silly reify ]
420 verbose reify failed optional dependency /usr/local/lib/node_modules/wrangler/node_modules/@cloudflare/workerd-darwin-arm64
421 silly reify mark deleted [
421 silly reify   '/usr/local/lib/node_modules/wrangler/node_modules/@cloudflare/workerd-darwin-arm64'
421 silly reify ]
422 verbose reify failed optional dependency /usr/local/lib/node_modules/wrangler/node_modules/@cloudflare/workerd-darwin-64
423 silly reify mark deleted [
423 silly reify   '/usr/local/lib/node_modules/wrangler/node_modules/@cloudflare/workerd-darwin-64'
423 silly reify ]
424 verbose reify failed optional dependency /usr/local/lib/node_modules/wrangler/node_modules/@img/sharp-win32-x64
425 silly reify mark deleted [
425 silly reify   '/usr/local/lib/node_modules/wrangler/node_modules/@img/sharp-win32-x64'
425 silly reify ]
426 verbose reify failed optional dependency /usr/local/lib/node_modules/wrangler/node_modules/@img/sharp-win32-ia32
427 silly reify mark deleted [
427 silly reify   '/usr/local/lib/node_modules/wrangler/node_modules/@img/sharp-win32-ia32'
427 silly reify ]
428 verbose reify failed optional dependency /usr/local/lib/node_modules/wrangler/node_modules/@img/sharp-win32-arm64
429 silly reify mark deleted [
429 silly reify   '/usr/local/lib/node_modules/wrangler/node_modules/@img/sharp-win32-arm64'
429 silly reify ]
430 verbose reify failed optional dependency /usr/local/lib/node_modules/wrangler/node_modules/@img/sharp-wasm32
431 silly reify mark deleted [
431 silly reify   '/usr/local/lib/node_modules/wrangler/node_modules/@img/sharp-wasm32'
431 silly reify ]
432 verbose reify failed optional dependency /usr/local/lib/node_modules/wrangler/node_modules/@emnapi/runtime
433 silly reify mark deleted [ '/usr/local/lib/node_modules/wrangler/node_modules/@emnapi/runtime' ]
434 verbose reify failed optional dependency /usr/local/lib/node_modules/wrangler/node_modules/tslib
435 silly reify mark deleted [ '/usr/local/lib/node_modules/wrangler/node_modules/tslib' ]
436 verbose reify failed optional dependency /usr/local/lib/node_modules/wrangler/node_modules/@img/sharp-linuxmusl-x64
437 silly reify mark deleted [
437 silly reify   '/usr/local/lib/node_modules/wrangler/node_modules/@img/sharp-linuxmusl-x64'
437 silly reify ]
438 verbose reify failed optional dependency /usr/local/lib/node_modules/wrangler/node_modules/@img/sharp-linuxmusl-arm64
439 silly reify mark deleted [
439 silly reify   '/usr/local/lib/node_modules/wrangler/node_modules/@img/sharp-linuxmusl-arm64'
439 silly reify ]
440 verbose reify failed optional dependency /usr/local/lib/node_modules/wrangler/node_modules/@img/sharp-linux-x64
441 silly reify mark deleted [
441 silly reify   '/usr/local/lib/node_modules/wrangler/node_modules/@img/sharp-linux-x64'
441 silly reify ]
442 verbose reify failed optional dependency /usr/local/lib/node_modules/wrangler/node_modules/@img/sharp-linux-s390x
443 silly reify mark deleted [
443 silly reify   '/usr/local/lib/node_modules/wrangler/node_modules/@img/sharp-linux-s390x'
443 silly reify ]
444 verbose reify failed optional dependency /usr/local/lib/node_modules/wrangler/node_modules/@img/sharp-linux-riscv64
445 silly reify mark deleted [
445 silly reify   '/usr/local/lib/node_modules/wrangler/node_modules/@img/sharp-linux-riscv64'
445 silly reify ]
446 verbose reify failed optional dependency /usr/local/lib/node_modules/wrangler/node_modules/@img/sharp-linux-ppc64
447 silly reify mark deleted [
447 silly reify   '/usr/local/lib/node_modules/wrangler/node_modules/@img/sharp-linux-ppc64'
447 silly reify ]
448 verbose reify failed optional dependency /usr/local/lib/node_modules/wrangler/node_modules/@img/sharp-linux-arm64
449 silly reify mark deleted [
449 silly reify   '/usr/local/lib/node_modules/wrangler/node_modules/@img/sharp-linux-arm64'
449 silly reify ]
450 verbose reify failed optional dependency /usr/local/lib/node_modules/wrangler/node_modules/@img/sharp-linux-arm
451 silly reify mark deleted [
451 silly reify   '/usr/local/lib/node_modules/wrangler/node_modules/@img/sharp-linux-arm'
451 silly reify ]
452 verbose reify failed optional dependency /usr/local/lib/node_modules/wrangler/node_modules/@img/sharp-libvips-linuxmusl-arm64
453 silly reify mark deleted [
453 silly reify   '/usr/local/lib/node_modules/wrangler/node_modules/@img/sharp-libvips-linuxmusl-arm64'
453 silly reify ]
454 verbose reify failed optional dependency /usr/local/lib/node_modules/wrangler/node_modules/@img/sharp-libvips-linux-s390x
455 silly reify mark deleted [
455 silly reify   '/usr/local/lib/node_modules/wrangler/node_modules/@img/sharp-libvips-linux-s390x'
455 silly reify ]
456 verbose reify failed optional dependency /usr/local/lib/node_modules/wrangler/node_modules/@img/sharp-libvips-linux-riscv64
457 silly reify mark deleted [
457 silly reify   '/usr/local/lib/node_modules/wrangler/node_modules/@img/sharp-libvips-linux-riscv64'
457 silly reify ]
458 verbose reify failed optional dependency /usr/local/lib/node_modules/wrangler/node_modules/@img/sharp-libvips-linux-ppc64
459 silly reify mark deleted [
459 silly reify   '/usr/local/lib/node_modules/wrangler/node_modules/@img/sharp-libvips-linux-ppc64'
459 silly reify ]
460 verbose reify failed optional dependency /usr/local/lib/node_modules/wrangler/node_modules/@img/sharp-libvips-linux-arm64
461 silly reify mark deleted [
461 silly reify   '/usr/local/lib/node_modules/wrangler/node_modules/@img/sharp-libvips-linux-arm64'
461 silly reify ]
462 verbose reify failed optional dependency /usr/local/lib/node_modules/wrangler/node_modules/@img/sharp-libvips-linux-arm
463 silly reify mark deleted [
463 silly reify   '/usr/local/lib/node_modules/wrangler/node_modules/@img/sharp-libvips-linux-arm'
463 silly reify ]
464 verbose reify failed optional dependency /usr/local/lib/node_modules/wrangler/node_modules/@img/sharp-libvips-darwin-x64
465 silly reify mark deleted [
465 silly reify   '/usr/local/lib/node_modules/wrangler/node_modules/@img/sharp-libvips-darwin-x64'
465 silly reify ]
466 verbose reify failed optional dependency /usr/local/lib/node_modules/wrangler/node_modules/@img/sharp-libvips-darwin-arm64
467 silly reify mark deleted [
467 silly reify   '/usr/local/lib/node_modules/wrangler/node_modules/@img/sharp-libvips-darwin-arm64'
467 silly reify ]
468 verbose reify failed optional dependency /usr/local/lib/node_modules/wrangler/node_modules/@img/sharp-darwin-x64
469 silly reify mark deleted [
469 silly reify   '/usr/local/lib/node_modules/wrangler/node_modules/@img/sharp-darwin-x64'
469 silly reify ]
470 verbose reify failed optional dependency /usr/local/lib/node_modules/wrangler/node_modules/@img/sharp-darwin-arm64
471 silly reify mark deleted [
471 silly reify   '/usr/local/lib/node_modules/wrangler/node_modules/@img/sharp-darwin-arm64'
471 silly reify ]
472 verbose reify failed optional dependency /usr/local/lib/node_modules/wrangler/node_modules/@esbuild/win32-x64
473 silly reify mark deleted [
473 silly reify   '/usr/local/lib/node_modules/wrangler/node_modules/@esbuild/win32-x64'
473 silly reify ]
474 verbose reify failed optional dependency /usr/local/lib/node_modules/wrangler/node_modules/@esbuild/win32-ia32
475 silly reify mark deleted [
475 silly reify   '/usr/local/lib/node_modules/wrangler/node_modules/@esbuild/win32-ia32'
475 silly reify ]
476 verbose reify failed optional dependency /usr/local/lib/node_modules/wrangler/node_modules/@esbuild/win32-arm64
477 silly reify mark deleted [
477 silly reify   '/usr/local/lib/node_modules/wrangler/node_modules/@esbuild/win32-arm64'
477 silly reify ]
478 verbose reify failed optional dependency /usr/local/lib/node_modules/wrangler/node_modules/@esbuild/sunos-x64
479 silly reify mark deleted [
479 silly reify   '/usr/local/lib/node_modules/wrangler/node_modules/@esbuild/sunos-x64'
479 silly reify ]
480 verbose reify failed optional dependency /usr/local/lib/node_modules/wrangler/node_modules/@esbuild/openharmony-arm64
481 silly reify mark deleted [
481 silly reify   '/usr/local/lib/node_modules/wrangler/node_modules/@esbuild/openharmony-arm64'
481 silly reify ]
482 verbose reify failed optional dependency /usr/local/lib/node_modules/wrangler/node_modules/@esbuild/openbsd-x64
483 silly reify mark deleted [
483 silly reify   '/usr/local/lib/node_modules/wrangler/node_modules/@esbuild/openbsd-x64'
483 silly reify ]
484 verbose reify failed optional dependency /usr/local/lib/node_modules/wrangler/node_modules/@esbuild/openbsd-arm64
485 silly reify mark deleted [
485 silly reify   '/usr/local/lib/node_modules/wrangler/node_modules/@esbuild/openbsd-arm64'
485 silly reify ]
486 verbose reify failed optional dependency /usr/local/lib/node_modules/wrangler/node_modules/@esbuild/netbsd-x64
487 silly reify mark deleted [
487 silly reify   '/usr/local/lib/node_modules/wrangler/node_modules/@esbuild/netbsd-x64'
487 silly reify ]
488 verbose reify failed optional dependency /usr/local/lib/node_modules/wrangler/node_modules/@esbuild/netbsd-arm64
489 silly reify mark deleted [
489 silly reify   '/usr/local/lib/node_modules/wrangler/node_modules/@esbuild/netbsd-arm64'
489 silly reify ]
490 verbose reify failed optional dependency /usr/local/lib/node_modules/wrangler/node_modules/@esbuild/linux-x64
491 silly reify mark deleted [
491 silly reify   '/usr/local/lib/node_modules/wrangler/node_modules/@esbuild/linux-x64'
491 silly reify ]
492 verbose reify failed optional dependency /usr/local/lib/node_modules/wrangler/node_modules/@esbuild/linux-s390x
493 silly reify mark deleted [
493 silly reify   '/usr/local/lib/node_modules/wrangler/node_modules/@esbuild/linux-s390x'
493 silly reify ]
494 verbose reify failed optional dependency /usr/local/lib/node_modules/wrangler/node_modules/@esbuild/linux-riscv64
495 silly reify mark deleted [
495 silly reify   '/usr/local/lib/node_modules/wrangler/node_modules/@esbuild/linux-riscv64'
495 silly reify ]
496 verbose reify failed optional dependency /usr/local/lib/node_modules/wrangler/node_modules/@esbuild/linux-ppc64
497 silly reify mark deleted [
497 silly reify   '/usr/local/lib/node_modules/wrangler/node_modules/@esbuild/linux-ppc64'
497 silly reify ]
498 verbose reify failed optional dependency /usr/local/lib/node_modules/wrangler/node_modules/@esbuild/linux-mips64el
499 silly reify mark deleted [
499 silly reify   '/usr/local/lib/node_modules/wrangler/node_modules/@esbuild/linux-mips64el'
499 silly reify ]
500 verbose reify failed optional dependency /usr/local/lib/node_modules/wrangler/node_modules/@esbuild/linux-loong64
501 silly reify mark deleted [
501 silly reify   '/usr/local/lib/node_modules/wrangler/node_modules/@esbuild/linux-loong64'
501 silly reify ]
502 verbose reify failed optional dependency /usr/local/lib/node_modules/wrangler/node_modules/@esbuild/linux-ia32
503 silly reify mark deleted [
503 silly reify   '/usr/local/lib/node_modules/wrangler/node_modules/@esbuild/linux-ia32'
503 silly reify ]
504 verbose reify failed optional dependency /usr/local/lib/node_modules/wrangler/node_modules/@esbuild/linux-arm64
505 silly reify mark deleted [
505 silly reify   '/usr/local/lib/node_modules/wrangler/node_modules/@esbuild/linux-arm64'
505 silly reify ]
506 verbose reify failed optional dependency /usr/local/lib/node_modules/wrangler/node_modules/@esbuild/linux-arm
507 silly reify mark deleted [
507 silly reify   '/usr/local/lib/node_modules/wrangler/node_modules/@esbuild/linux-arm'
507 silly reify ]
508 verbose reify failed optional dependency /usr/local/lib/node_modules/wrangler/node_modules/@esbuild/freebsd-x64
509 silly reify mark deleted [
509 silly reify   '/usr/local/lib/node_modules/wrangler/node_modules/@esbuild/freebsd-x64'
509 silly reify ]
510 verbose reify failed optional dependency /usr/local/lib/node_modules/wrangler/node_modules/@esbuild/freebsd-arm64
511 silly reify mark deleted [
511 silly reify   '/usr/local/lib/node_modules/wrangler/node_modules/@esbuild/freebsd-arm64'
511 silly reify ]
512 verbose reify failed optional dependency /usr/local/lib/node_modules/wrangler/node_modules/@esbuild/darwin-x64
513 silly reify mark deleted [
513 silly reify   '/usr/local/lib/node_modules/wrangler/node_modules/@esbuild/darwin-x64'
513 silly reify ]
514 verbose reify failed optional dependency /usr/local/lib/node_modules/wrangler/node_modules/@esbuild/darwin-arm64
515 silly reify mark deleted [
515 silly reify   '/usr/local/lib/node_modules/wrangler/node_modules/@esbuild/darwin-arm64'
515 silly reify ]
516 verbose reify failed optional dependency /usr/local/lib/node_modules/wrangler/node_modules/@esbuild/android-x64
517 silly reify mark deleted [
517 silly reify   '/usr/local/lib/node_modules/wrangler/node_modules/@esbuild/android-x64'
517 silly reify ]
518 verbose reify failed optional dependency /usr/local/lib/node_modules/wrangler/node_modules/@esbuild/android-arm64
519 silly reify mark deleted [
519 silly reify   '/usr/local/lib/node_modules/wrangler/node_modules/@esbuild/android-arm64'
519 silly reify ]
520 verbose reify failed optional dependency /usr/local/lib/node_modules/wrangler/node_modules/@esbuild/android-arm
521 silly reify mark deleted [
521 silly reify   '/usr/local/lib/node_modules/wrangler/node_modules/@esbuild/android-arm'
521 silly reify ]
522 verbose reify failed optional dependency /usr/local/lib/node_modules/wrangler/node_modules/@esbuild/aix-ppc64
523 silly reify mark deleted [
523 silly reify   '/usr/local/lib/node_modules/wrangler/node_modules/@esbuild/aix-ppc64'
523 silly reify ]
524 verbose reify failed optional dependency /usr/local/lib/node_modules/wrangler/node_modules/fsevents
525 silly reify mark deleted [ '/usr/local/lib/node_modules/wrangler/node_modules/fsevents' ]
526 timing reifyNode:node_modules/wrangler/node_modules/@cloudflare/workerd-windows-64 Completed in 19ms
527 timing reifyNode:node_modules/wrangler/node_modules/@cloudflare/workerd-linux-arm64 Completed in 19ms
528 timing reifyNode:node_modules/wrangler/node_modules/@cloudflare/workerd-linux-64 Completed in 19ms
529 timing reifyNode:node_modules/wrangler/node_modules/@cloudflare/workerd-darwin-arm64 Completed in 18ms
530 timing reifyNode:node_modules/wrangler/node_modules/@cloudflare/workerd-darwin-64 Completed in 18ms
531 timing reifyNode:node_modules/wrangler/node_modules/@img/sharp-win32-x64 Completed in 18ms
532 timing reifyNode:node_modules/wrangler/node_modules/@img/sharp-win32-ia32 Completed in 18ms
533 timing reifyNode:node_modules/wrangler/node_modules/@img/sharp-win32-arm64 Completed in 18ms
534 timing reifyNode:node_modules/wrangler/node_modules/@img/sharp-wasm32 Completed in 18ms
535 timing reifyNode:node_modules/wrangler/node_modules/@img/sharp-linuxmusl-x64 Completed in 18ms
536 timing reifyNode:node_modules/wrangler/node_modules/@img/sharp-linuxmusl-arm64 Completed in 19ms
537 timing reifyNode:node_modules/wrangler/node_modules/@img/sharp-linux-x64 Completed in 19ms
538 timing reifyNode:node_modules/wrangler/node_modules/@img/sharp-linux-s390x Completed in 18ms
539 timing reifyNode:node_modules/wrangler/node_modules/@img/sharp-linux-riscv64 Completed in 18ms
540 timing reifyNode:node_modules/wrangler/node_modules/@img/sharp-linux-ppc64 Completed in 18ms
541 timing reifyNode:node_modules/wrangler/node_modules/@img/sharp-linux-arm64 Completed in 18ms
542 timing reifyNode:node_modules/wrangler/node_modules/@img/sharp-linux-arm Completed in 18ms
543 timing reifyNode:node_modules/wrangler/node_modules/@img/sharp-libvips-linuxmusl-arm64 Completed in 18ms
544 timing reifyNode:node_modules/wrangler/node_modules/@img/sharp-libvips-linux-s390x Completed in 18ms
545 timing reifyNode:node_modules/wrangler/node_modules/@img/sharp-libvips-linux-riscv64 Completed in 18ms
546 timing reifyNode:node_modules/wrangler/node_modules/@img/sharp-libvips-linux-ppc64 Completed in 18ms
547 timing reifyNode:node_modules/wrangler/node_modules/@img/sharp-libvips-linux-arm64 Completed in 18ms
548 timing reifyNode:node_modules/wrangler/node_modules/@img/sharp-libvips-linux-arm Completed in 18ms
549 timing reifyNode:node_modules/wrangler/node_modules/@img/sharp-libvips-darwin-x64 Completed in 18ms
550 timing reifyNode:node_modules/wrangler/node_modules/@img/sharp-libvips-darwin-arm64 Completed in 19ms
551 timing reifyNode:node_modules/wrangler/node_modules/@img/sharp-darwin-x64 Completed in 18ms
552 timing reifyNode:node_modules/wrangler/node_modules/@img/sharp-darwin-arm64 Completed in 18ms
553 timing reifyNode:node_modules/wrangler/node_modules/@esbuild/win32-x64 Completed in 18ms
554 timing reifyNode:node_modules/wrangler/node_modules/@esbuild/win32-ia32 Completed in 18ms
555 timing reifyNode:node_modules/wrangler/node_modules/@esbuild/win32-arm64 Completed in 18ms
556 timing reifyNode:node_modules/wrangler/node_modules/@esbuild/sunos-x64 Completed in 18ms
557 timing reifyNode:node_modules/wrangler/node_modules/@esbuild/openharmony-arm64 Completed in 18ms
558 timing reifyNode:node_modules/wrangler/node_modules/@esbuild/openbsd-x64 Completed in 18ms
559 timing reifyNode:node_modules/wrangler/node_modules/@esbuild/openbsd-arm64 Completed in 18ms
560 timing reifyNode:node_modules/wrangler/node_modules/@esbuild/netbsd-x64 Completed in 18ms
561 timing reifyNode:node_modules/wrangler/node_modules/@esbuild/netbsd-arm64 Completed in 18ms
562 timing reifyNode:node_modules/wrangler/node_modules/@esbuild/linux-x64 Completed in 18ms
563 timing reifyNode:node_modules/wrangler/node_modules/@esbuild/linux-s390x Completed in 18ms
564 timing reifyNode:node_modules/wrangler/node_modules/@esbuild/linux-riscv64 Completed in 18ms
565 timing reifyNode:node_modules/wrangler/node_modules/@esbuild/linux-ppc64 Completed in 19ms
566 timing reifyNode:node_modules/wrangler/node_modules/@esbuild/linux-mips64el Completed in 19ms
567 timing reifyNode:node_modules/wrangler/node_modules/@esbuild/linux-loong64 Completed in 19ms
568 timing reifyNode:node_modules/wrangler/node_modules/@esbuild/linux-ia32 Completed in 18ms
569 timing reifyNode:node_modules/wrangler/node_modules/@esbuild/linux-arm64 Completed in 18ms
570 timing reifyNode:node_modules/wrangler/node_modules/@esbuild/linux-arm Completed in 18ms
571 timing reifyNode:node_modules/wrangler/node_modules/@esbuild/freebsd-x64 Completed in 18ms
572 timing reifyNode:node_modules/wrangler/node_modules/@esbuild/freebsd-arm64 Completed in 18ms
573 timing reifyNode:node_modules/wrangler/node_modules/@esbuild/darwin-x64 Completed in 18ms
574 timing reifyNode:node_modules/wrangler/node_modules/@esbuild/darwin-arm64 Completed in 18ms
575 timing reifyNode:node_modules/wrangler/node_modules/@esbuild/android-x64 Completed in 18ms
576 timing reifyNode:node_modules/wrangler/node_modules/@esbuild/android-arm64 Completed in 18ms
577 timing reifyNode:node_modules/wrangler/node_modules/@esbuild/android-arm Completed in 18ms
578 timing reifyNode:node_modules/wrangler/node_modules/@esbuild/aix-ppc64 Completed in 18ms
579 timing reifyNode:node_modules/wrangler/node_modules/fsevents Completed in 18ms
580 http fetch POST 200 https://registry.npmjs.org/-/npm/v1/security/advisories/bulk 807ms
581 timing auditReport:getReport Completed in 809ms
582 silly audit report {}
583 timing auditReport:init Completed in 0ms
584 timing reify:audit Completed in 811ms
585 timing reifyNode:node_modules/wrangler/node_modules/supports-color Completed in 815ms
586 timing reifyNode:node_modules/wrangler/node_modules/@poppinss/exception Completed in 824ms
587 timing reifyNode:node_modules/wrangler/node_modules/@img/colour Completed in 827ms
588 timing reifyNode:node_modules/wrangler/node_modules/kleur Completed in 832ms
589 timing reifyNode:node_modules/wrangler/node_modules/detect-libc Completed in 832ms
590 timing reifyNode:node_modules/wrangler/node_modules/@jridgewell/resolve-uri Completed in 834ms
591 timing reifyNode:node_modules/wrangler/node_modules/youch-core Completed in 834ms
592 timing reifyNode:node_modules/wrangler/node_modules/cookie Completed in 836ms
593 timing reifyNode:node_modules/wrangler/node_modules/@poppinss/colors Completed in 841ms
594 timing reifyNode:node_modules/wrangler/node_modules/@sindresorhus/is Completed in 845ms
595 timing reifyNode:node_modules/wrangler/node_modules/error-stack-parser-es Completed in 844ms
596 timing reifyNode:node_modules/wrangler/node_modules/@cspotcode/source-map-support Completed in 848ms
597 timing reifyNode:node_modules/wrangler/node_modules/path-to-regexp Completed in 851ms
598 timing reifyNode:node_modules/wrangler/node_modules/esbuild Completed in 862ms
599 timing reifyNode:node_modules/wrangler/node_modules/pathe Completed in 866ms
600 timing reifyNode:node_modules/wrangler/node_modules/tslib Completed in 871ms
601 timing reifyNode:node_modules/wrangler/node_modules/@cloudflare/unenv-preset Completed in 870ms
602 timing reifyNode:node_modules/wrangler/node_modules/@cloudflare/kv-asset-handler Completed in 870ms
603 timing reifyNode:node_modules/wrangler/node_modules/@jridgewell/trace-mapping Completed in 880ms
604 timing reifyNode:node_modules/wrangler/node_modules/ws Completed in 887ms
605 timing reifyNode:node_modules/wrangler/node_modules/@jridgewell/sourcemap-codec Completed in 895ms
606 timing reifyNode:node_modules/wrangler/node_modules/@poppinss/dumper Completed in 912ms
607 timing reifyNode:node_modules/wrangler/node_modules/@emnapi/runtime Completed in 916ms
608 timing reifyNode:node_modules/wrangler/node_modules/semver Completed in 921ms
609 timing reifyNode:node_modules/wrangler/node_modules/sharp Completed in 933ms
610 timing reifyNode:node_modules/wrangler/node_modules/youch Completed in 966ms
611 timing reifyNode:node_modules/wrangler/node_modules/blake3-wasm Completed in 1083ms
612 timing reifyNode:node_modules/wrangler/node_modules/workerd Completed in 1097ms
613 timing reifyNode:node_modules/wrangler/node_modules/@speed-highlight/core Completed in 1101ms
614 timing reifyNode:node_modules/wrangler/node_modules/undici Completed in 1138ms
615 timing reifyNode:node_modules/wrangler/node_modules/unenv Completed in 1217ms
616 timing reifyNode:node_modules/wrangler/node_modules/@img/sharp-libvips-linux-x64 Completed in 1275ms
617 timing reifyNode:node_modules/wrangler Completed in 1285ms
618 timing reifyNode:node_modules/wrangler/node_modules/@img/sharp-libvips-linuxmusl-x64 Completed in 1281ms
619 timing reifyNode:node_modules/wrangler/node_modules/miniflare Completed in 1297ms
620 timing reify:unpack Completed in 1303ms
621 timing reify:unretire Completed in 0ms
622 timing build:queue Completed in 4ms
623 timing build:link:node_modules/wrangler Completed in 4ms
624 timing build:link:node_modules/wrangler/node_modules/esbuild Completed in 3ms
625 timing build:link:node_modules/wrangler/node_modules/miniflare Completed in 4ms
626 timing build:link:node_modules/wrangler/node_modules/semver Completed in 4ms
627 timing build:link:node_modules/wrangler/node_modules/workerd Completed in 4ms
628 timing build:link Completed in 5ms
629 info run sharp@0.34.5 install node_modules/wrangler/node_modules/sharp node install/check.js || npm run build
630 info run sharp@0.34.5 install { code: 0, signal: null }
631 timing build:run:install:node_modules/wrangler/node_modules/sharp Completed in 182ms
632 timing build:run:install Completed in 182ms
633 info run esbuild@0.27.3 postinstall node_modules/wrangler/node_modules/esbuild node install.js
634 info run workerd@1.20260302.0 postinstall node_modules/wrangler/node_modules/workerd node install.js
635 info run esbuild@0.27.3 postinstall { code: 0, signal: null }
636 timing build:run:postinstall:node_modules/wrangler/node_modules/esbuild Completed in 1380ms
637 info run workerd@1.20260302.0 postinstall { code: 0, signal: null }
638 timing build:run:postinstall:node_modules/wrangler/node_modules/workerd Completed in 2269ms
639 timing build:run:postinstall Completed in 2279ms
640 timing build:deps Completed in 2470ms
641 timing build Completed in 2471ms
642 timing reify:build Completed in 2471ms
643 timing reify:trash Completed in 270ms
644 timing reify Completed in 7163ms
645 silly CHANGE node_modules/wrangler
646 silly ADD
647 silly ADD
648 silly ADD
649 silly ADD
650 silly ADD
651 silly ADD
652 silly ADD
653 silly ADD
654 silly ADD
655 silly ADD
656 silly ADD
657 silly ADD
658 silly ADD
659 silly ADD
660 silly ADD
661 silly ADD
662 silly ADD
663 silly ADD
664 silly ADD
665 silly ADD
666 silly ADD
667 silly ADD
668 silly ADD
669 silly ADD
670 silly ADD
671 silly ADD
672 silly ADD
673 silly ADD
674 silly ADD
675 silly ADD
676 silly ADD
677 silly ADD
678 silly ADD
679 silly ADD
680 silly ADD
681 silly ADD
682 silly ADD
683 silly ADD
684 silly ADD
685 silly ADD
686 silly ADD
687 silly ADD
688 silly ADD
689 silly ADD
690 silly ADD
691 silly ADD
692 silly ADD
693 silly ADD
694 silly ADD
695 silly ADD
696 silly ADD
697 silly ADD
698 silly ADD
699 silly ADD
700 silly ADD
701 silly ADD
702 silly CHANGE node_modules/wrangler/node_modules/@speed-highlight/core
703 silly CHANGE node_modules/wrangler/node_modules/@sindresorhus/is
704 silly CHANGE node_modules/wrangler/node_modules/@poppinss/exception
705 silly CHANGE node_modules/wrangler/node_modules/@poppinss/dumper
706 silly CHANGE node_modules/wrangler/node_modules/@poppinss/colors
707 silly CHANGE node_modules/wrangler/node_modules/@jridgewell/trace-mapping
708 silly CHANGE node_modules/wrangler/node_modules/@jridgewell/sourcemap-codec
709 silly CHANGE node_modules/wrangler/node_modules/@jridgewell/resolve-uri
710 silly CHANGE node_modules/wrangler/node_modules/@img/sharp-libvips-linuxmusl-x64
711 silly CHANGE node_modules/wrangler/node_modules/@img/sharp-libvips-linux-x64
712 silly CHANGE node_modules/wrangler/node_modules/@img/colour
713 silly CHANGE node_modules/wrangler/node_modules/@cspotcode/source-map-support
714 silly CHANGE node_modules/wrangler/node_modules/@cloudflare/unenv-preset
715 silly CHANGE node_modules/wrangler/node_modules/@cloudflare/kv-asset-handler
716 silly CHANGE node_modules/wrangler/node_modules/youch-core
717 silly CHANGE node_modules/wrangler/node_modules/youch
718 silly CHANGE node_modules/wrangler/node_modules/ws
719 silly CHANGE node_modules/wrangler/node_modules/workerd
720 silly CHANGE node_modules/wrangler/node_modules/unenv
721 silly CHANGE node_modules/wrangler/node_modules/undici
722 silly CHANGE node_modules/wrangler/node_modules/supports-color
723 silly CHANGE node_modules/wrangler/node_modules/sharp
724 silly CHANGE node_modules/wrangler/node_modules/semver
725 silly CHANGE node_modules/wrangler/node_modules/pathe
726 silly CHANGE node_modules/wrangler/node_modules/path-to-regexp
727 silly CHANGE node_modules/wrangler/node_modules/miniflare
728 silly CHANGE node_modules/wrangler/node_modules/kleur
729 silly CHANGE node_modules/wrangler/node_modules/esbuild
730 silly CHANGE node_modules/wrangler/node_modules/error-stack-parser-es
731 silly CHANGE node_modules/wrangler/node_modules/detect-libc
732 silly CHANGE node_modules/wrangler/node_modules/cookie
733 silly CHANGE node_modules/wrangler/node_modules/blake3-wasm
734 timing command:install Completed in 7179ms
735 verbose exit 0
736 timing npm Completed in 7478ms
737 info ok
