[*] Health Monitor starting on aria...
[*] Checking every 30s
[ALERT] WARNING: service_mesh = stopped
[21:02:00] Load:1.2 Mem:86% Services:4/5
[21:02:30] Load:1.2 Mem:86% Services:5/5
[21:03:00] Load:1.2 Mem:86% Services:5/5
[21:03:30] Load:1.3 Mem:87% Services:5/5
[21:04:00] Load:1.2 Mem:86% Services:5/5
[21:04:30] Load:1.1 Mem:86% Services:5/5
[21:05:00] Load:1.1 Mem:86% Services:5/5
[21:05:30] Load:1.2 Mem:86% Services:5/5
[21:06:00] Load:2.0 Mem:86% Services:5/5
[21:06:30] Load:1.6 Mem:86% Services:5/5
[21:07:00] Load:1.6 Mem:86% Services:5/5
[21:07:30] Load:1.3 Mem:86% Services:5/5
[21:08:00] Load:1.6 Mem:86% Services:5/5
[21:08:30] Load:1.4 Mem:86% Services:5/5
[21:09:00] Load:1.2 Mem:86% Services:5/5
[21:09:30] Load:0.7 Mem:86% Services:5/5
[21:10:00] Load:1.2 Mem:86% Services:5/5
[21:10:30] Load:1.1 Mem:86% Services:5/5
[21:11:00] Load:0.7 Mem:86% Services:5/5
[21:11:30] Load:0.7 Mem:86% Services:5/5
[21:12:00] Load:0.4 Mem:86% Services:5/5
[21:12:30] Load:0.7 Mem:86% Services:5/5
[21:13:00] Load:1.3 Mem:86% Services:5/5
[21:13:30] Load:1.2 Mem:86% Services:5/5
[21:14:00] Load:0.7 Mem:86% Services:5/5
[21:14:30] Load:0.4 Mem:86% Services:5/5
[21:15:00] Load:0.7 Mem:86% Services:5/5
[21:15:30] Load:0.9 Mem:87% Services:5/5
[21:16:00] Load:0.6 Mem:86% Services:5/5
[21:16:30] Load:0.5 Mem:86% Services:5/5
[21:17:00] Load:0.6 Mem:87% Services:5/5
[21:17:30] Load:0.6 Mem:86% Services:5/5
[21:18:00] Load:0.5 Mem:86% Services:5/5
[21:18:30] Load:0.3 Mem:86% Services:5/5
[21:19:00] Load:0.8 Mem:87% Services:5/5
[21:19:30] Load:0.8 Mem:87% Services:5/5
[21:20:00] Load:1.4 Mem:86% Services:5/5
[21:20:30] Load:0.9 Mem:86% Services:5/5
[21:21:00] Load:0.8 Mem:86% Services:5/5
[21:21:30] Load:0.6 Mem:87% Services:5/5
[21:22:00] Load:0.8 Mem:86% Services:5/5
[21:22:30] Load:1.9 Mem:86% Services:5/5
[21:23:00] Load:1.6 Mem:86% Services:5/5
[ALERT] WARNING: cpu_load = 2.01
[21:23:30] Load:2.0 Mem:87% Services:5/5
[21:24:00] Load:1.8 Mem:86% Services:5/5
[21:24:31] Load:2.0 Mem:86% Services:5/5
[21:25:01] Load:1.6 Mem:86% Services:5/5
[21:25:31] Load:1.4 Mem:86% Services:5/5
[21:26:01] Load:1.8 Mem:86% Services:5/5
[21:26:31] Load:2.3 Mem:86% Services:5/5
[21:27:01] Load:1.7 Mem:86% Services:5/5
[21:27:31] Load:1.4 Mem:86% Services:5/5
[21:28:01] Load:1.0 Mem:87% Services:5/5
[21:28:31] Load:0.9 Mem:86% Services:5/5
[21:29:01] Load:0.6 Mem:86% Services:5/5
[21:29:31] Load:0.4 Mem:86% Services:5/5
[21:30:01] Load:0.3 Mem:86% Services:5/5
[21:30:31] Load:0.2 Mem:86% Services:5/5
[21:31:01] Load:0.6 Mem:86% Services:5/5
[21:31:31] Load:0.7 Mem:86% Services:5/5
[21:32:01] Load:0.5 Mem:86% Services:5/5
[21:32:31] Load:0.4 Mem:86% Services:5/5
[21:33:01] Load:0.7 Mem:86% Services:5/5
[21:33:31] Load:0.8 Mem:86% Services:5/5
[21:34:01] Load:0.7 Mem:87% Services:5/5
[21:34:31] Load:0.6 Mem:86% Services:5/5
[21:35:01] Load:0.4 Mem:86% Services:5/5
[21:35:31] Load:0.5 Mem:86% Services:5/5
[21:36:01] Load:0.3 Mem:86% Services:5/5
[21:36:31] Load:0.5 Mem:86% Services:5/5
[21:37:01] Load:0.4 Mem:86% Services:5/5
[21:37:31] Load:1.5 Mem:87% Services:5/5
[21:38:01] Load:1.6 Mem:86% Services:5/5
[21:38:31] Load:1.0 Mem:86% Services:5/5
[21:39:01] Load:1.3 Mem:86% Services:5/5
[21:39:31] Load:0.8 Mem:86% Services:5/5
[21:40:01] Load:0.8 Mem:86% Services:5/5
[21:40:31] Load:0.6 Mem:86% Services:5/5
[21:41:01] Load:0.3 Mem:87% Services:5/5
[21:41:31] Load:0.3 Mem:86% Services:5/5
[21:42:01] Load:0.7 Mem:86% Services:5/5
[21:42:31] Load:0.5 Mem:86% Services:5/5
[21:43:01] Load:1.4 Mem:86% Services:5/5
[21:43:31] Load:1.5 Mem:86% Services:5/5
[21:44:01] Load:1.3 Mem:86% Services:5/5
[21:44:31] Load:1.5 Mem:86% Services:5/5
[21:45:01] Load:1.4 Mem:86% Services:5/5
[21:45:31] Load:1.5 Mem:86% Services:5/5
[21:46:01] Load:1.4 Mem:86% Services:5/5
[21:46:31] Load:1.8 Mem:87% Services:5/5
[21:47:01] Load:1.9 Mem:86% Services:5/5
[21:47:31] Load:1.7 Mem:86% Services:5/5
[21:48:01] Load:1.9 Mem:86% Services:5/5
[ALERT] WARNING: cpu_load = 2.42
[21:48:31] Load:2.4 Mem:86% Services:5/5
[21:49:01] Load:2.4 Mem:86% Services:5/5
[21:49:31] Load:1.9 Mem:86% Services:5/5
[21:50:01] Load:1.3 Mem:86% Services:5/5
[21:50:31] Load:1.2 Mem:86% Services:5/5
[21:51:01] Load:0.9 Mem:86% Services:5/5
[21:51:31] Load:0.7 Mem:86% Services:5/5
[21:52:01] Load:0.6 Mem:86% Services:5/5
[21:52:31] Load:1.2 Mem:86% Services:5/5
[21:53:01] Load:0.8 Mem:86% Services:5/5
[21:53:31] Load:0.7 Mem:86% Services:5/5
[ALERT] WARNING: cpu_load = 2.05
[21:54:01] Load:2.0 Mem:87% Services:5/5
[21:54:31] Load:2.0 Mem:86% Services:5/5
[21:55:01] Load:1.9 Mem:86% Services:5/5
[21:55:31] Load:1.1 Mem:87% Services:5/5
[21:56:01] Load:1.4 Mem:86% Services:5/5
[21:56:31] Load:1.7 Mem:86% Services:5/5
[21:57:01] Load:1.1 Mem:86% Services:5/5
[21:57:31] Load:0.7 Mem:86% Services:5/5
[21:58:01] Load:1.1 Mem:86% Services:5/5
[21:58:31] Load:0.6 Mem:86% Services:5/5
[21:59:01] Load:0.4 Mem:86% Services:5/5
[21:59:31] Load:0.3 Mem:86% Services:5/5
[22:00:01] Load:0.2 Mem:86% Services:5/5
[22:00:31] Load:0.3 Mem:86% Services:5/5
[22:01:01] Load:0.3 Mem:87% Services:5/5
[22:01:31] Load:1.1 Mem:86% Services:5/5
[22:02:01] Load:0.7 Mem:86% Services:5/5
[22:02:31] Load:0.6 Mem:86% Services:5/5
[22:03:01] Load:0.4 Mem:87% Services:5/5
[22:03:31] Load:0.9 Mem:86% Services:5/5
[22:04:01] Load:1.6 Mem:86% Services:5/5
[22:04:31] Load:1.7 Mem:86% Services:5/5
[ALERT] WARNING: cpu_load = 2.44
[22:05:01] Load:2.4 Mem:86% Services:5/5
[22:05:31] Load:2.1 Mem:87% Services:5/5
[22:06:01] Load:1.8 Mem:86% Services:5/5
[22:06:31] Load:1.7 Mem:86% Services:5/5
[22:07:01] Load:1.7 Mem:86% Services:5/5
[22:07:31] Load:1.9 Mem:87% Services:5/5
[22:08:01] Load:2.5 Mem:86% Services:5/5
[22:08:31] Load:2.1 Mem:86% Services:5/5
[22:09:01] Load:2.2 Mem:87% Services:5/5
[22:09:31] Load:1.8 Mem:86% Services:5/5
[ALERT] WARNING: cpu_load = 2.73
[ALERT] WARNING: memory = 90.6
[22:10:01] Load:2.7 Mem:91% Services:5/5
[22:10:47] Load:12.4 Mem:98% Services:5/5
[22:11:39] Load:37.1 Mem:99% Services:5/5
[22:12:35] Load:48.8 Mem:99% Services:5/5
[22:13:30] Load:60.9 Mem:99% Services:5/5
[22:14:31] Load:65.9 Mem:99% Services:5/5
[ALERT] WARNING: cpu_load = 73.64
[ALERT] WARNING: memory = 99.2
[22:15:51] Load:73.6 Mem:99% Services:5/5
[22:16:59] Load:83.1 Mem:99% Services:5/5
[22:18:14] Load:88.8 Mem:99% Services:5/5
[22:19:26] Load:89.1 Mem:99% Services:5/5
[22:20:13] Load:84.0 Mem:99% Services:5/5
[ALERT] WARNING: cpu_load = 64.54
[ALERT] WARNING: memory = 97.2
[22:20:44] Load:64.5 Mem:97% Services:5/5
[22:21:27] Load:66.8 Mem:98% Services:5/5
[22:22:23] Load:72.4 Mem:99% Services:5/5
[22:23:11] Load:68.3 Mem:99% Services:5/5
[22:23:54] Load:60.3 Mem:99% Services:5/5
[22:24:38] Load:59.1 Mem:99% Services:5/5
[22:25:24] Load:54.5 Mem:99% Services:5/5
[ALERT] WARNING: cpu_load = 62.79
[22:26:03] Load:62.8 Mem:90% Services:5/5
[ALERT] WARNING: memory = 99.0
[22:26:45] Load:51.1 Mem:99% Services:5/5
[22:27:32] Load:50.4 Mem:99% Services:5/5
[22:28:19] Load:50.7 Mem:99% Services:5/5
[22:28:59] Load:50.0 Mem:98% Services:5/5
[22:29:48] Load:53.8 Mem:98% Services:5/5
[22:30:20] Load:52.5 Mem:89% Services:5/5
[22:30:57] Load:44.9 Mem:99% Services:5/5
[ALERT] WARNING: cpu_load = 44.35
[ALERT] WARNING: memory = 99.1
[22:31:51] Load:44.4 Mem:99% Services:5/5
[22:32:42] Load:52.9 Mem:99% Services:5/5
[22:33:45] Load:59.8 Mem:99% Services:5/5
[22:34:51] Load:71.4 Mem:99% Services:5/5
[22:35:57] Load:71.8 Mem:99% Services:5/5
[ALERT] WARNING: cpu_load = 78.7
[ALERT] WARNING: memory = 99.1
[22:37:08] Load:78.7 Mem:99% Services:5/5
[22:37:44] Load:78.2 Mem:99% Services:5/5
[22:38:21] Load:60.5 Mem:99% Services:5/5
[22:39:09] Load:59.3 Mem:99% Services:5/5
[22:40:11] Load:64.0 Mem:99% Services:5/5
[22:40:48] Load:59.5 Mem:93% Services:5/5
[22:41:29] Load:52.1 Mem:98% Services:5/5
[ALERT] WARNING: cpu_load = 53.69
[ALERT] WARNING: memory = 98.9
[22:42:06] Load:53.7 Mem:99% Services:5/5
[22:42:52] Load:53.9 Mem:99% Services:5/5
[22:43:23] Load:51.2 Mem:96% Services:5/5
[22:44:08] Load:43.2 Mem:99% Services:5/5
[22:44:48] Load:51.2 Mem:99% Services:5/5
[22:45:39] Load:56.0 Mem:99% Services:5/5
[22:46:27] Load:67.0 Mem:99% Services:5/5
[ALERT[22:40:11] Load:64.0 Mem:99%[ALERT] WARNING: memory = 98.7
[22:47:26] Load:73.1 Mem:99% Services:5/5
[22:48:15] Load:67.7 Mem:99% Services:5/5
[22:49:01] Load:73.6 Mem:99% Services:5/5
[22:49:57] Load:72.1 Mem:99% Services:5/5
[22:50:29] Load:73.1 Mem:86% Services:5/5
[22:51:16] Load:54.6 Mem:99% Services:5/5
[22:52:05] Load:56.4 Mem:99% Services:5/5
[ALERT] WARNING: cpu_load = 53.71
[ALERT] WARNING: memory = 99.0
[22:53:00] Load:53.7 Mem:99% Services:5/5
[22:53:45] Load:53.8 Mem:99% Services:5/5
[22:54:46] Load:54.4 Mem:99% Services:5/5
[22:55:31] Load:61.2 Mem:99% Services:5/5
[22:56:13] Load:53.7 Mem:99% Services:5/5
[22:56:59] Load:53.3 Mem:99% Services:5/5
[22:57:44] Load:56.1 Mem:99% Services:5/5
[ALERT] WARNING: cpu_load = 60.45
[ALERT] WARNING: memory = 99.0
[22:58:35] Load:60.5 Mem:99% Services:5/5
[22:59:43] Load:66.3 Mem:99% Services:5/5
[23:00:51] Load:67.3 Mem:99% Services:5/5
[23:01:52] Load:74.2 Mem:99% Services:5/5
[23:02:57] Load:72.7 Mem:99% Services:5/5
[23:03:30] Load:73.5 Mem:87% Services:5/5
[ALERT] WARNING: cpu_load = 43.68
[ALERT] WARNING: memory = 91.9
[23:04:00] Load:43.7 Mem:92% Services:5/5
[23:04:30] Load:26.9 Mem:94% Services:5/5
[23:05:00] Load:16.7 Mem:94% Services:5/5
[23:05:30] Load:12.9 Mem:94% Services:5/5
[23:06:00] Load:9.2 Mem:94% Services:5/5
[23:06:30] Load:6.0 Mem:94% Services:5/5
[23:07:00] Load:4.4 Mem:94% Services:5/5
[23:07:30] Load:3.3 Mem:94% Services:5/5
[23:08:00] Load:2.5 Mem:87% Services:5/5
[23:08:30] Load:2.0 Mem:86% Services:5/5
[ALERT] WARNING: cpu_load = 2.3
[23:09:00] Load:2.3 Mem:87% Services:5/5
[23:09:30] Load:2.4 Mem:87% Services:5/5
[23:10:00] Load:2.1 Mem:86% Services:5/5
[23:10:30] Load:2.3 Mem:87% Services:5/5
[23:11:00] Load:1.8 Mem:86% Services:5/5
[23:11:30] Load:1.6 Mem:86% Services:5/5
[23:12:00] Load:1.5 Mem:86% Services:5/5
[23:12:30] Load:1.7 Mem:86% Services:5/5
[23:13:00] Load:1.5 Mem:86% Services:5/5
[23:13:30] Load:2.6 Mem:86% Services:5/5
[ALERT] WARNING: cpu_load = 2.44
[23:14:00] Load:2.4 Mem:86% Services:5/5
[23:14:30] Load:2.8 Mem:86% Services:5/5
[23:15:00] Load:2.4 Mem:86% Services:5/5
[23:15:30] Load:1.9 Mem:86% Services:5/5
[23:16:00] Load:1.6 Mem:86% Services:5/5
[23:16:30] Load:2.1 Mem:86% Services:5/5
[23:17:00] Load:2.1 Mem:87% Services:5/5
[23:17:30] Load:1.7 Mem:86% Services:5/5
[23:18:00] Load:1.4 Mem:86% Services:5/5
[23:18:30] Load:1.4 Mem:86% Services:5/5
[23:19:00] Load:1.5 Mem:86% Services:5/5
[23:19:30] Load:1.6 Mem:86% Services:5/5
[ALERT] WARNING: cpu_load = 2.43
[23:20:00] Load:2.4 Mem:87% Services:5/5
[23:20:30] Load:3.2 Mem:87% Services:5/5
[23:21:00] Load:3.1 Mem:86% Services:5/5
[23:21:30] Load:2.8 Mem:86% Services:5/5
[23:22:00] Load:2.5 Mem:86% Services:5/5
[23:22:30] Load:1.5 Mem:86% Services:5/5
[23:23:00] Load:0.9 Mem:86% Services:5/5
[23:23:30] Load:1.4 Mem:86% Services:5/5
[23:24:00] Load:1.0 Mem:86% Services:5/5
[23:24:30] Load:0.6 Mem:86% Services:5/5
[23:25:00] Load:0.3 Mem:86% Services:5/5
[23:25:30] Load:0.2 Mem:86% Services:5/5
[23:26:00] Load:0.6 Mem:87% Services:5/5
[23:26:30] Load:0.4 Mem:87% Services:5/5
[23:27:00] Load:0.3 Mem:86% Services:5/5
[23:27:30] Load:0.8 Mem:86% Services:5/5
[23:28:00] Load:1.2 Mem:87% Services:5/5
[23:28:30] Load:1.3 Mem:86% Services:5/5
[ALERT] WARNING: cpu_load = 2.37
[23:29:00] Load:2.4 Mem:86% Services:5/5
[23:29:30] Load:1.8 Mem:87% Services:5/5
[23:30:00] Load:1.5 Mem:86% Services:5/5
[23:30:30] Load:1.7 Mem:86% Services:5/5
[23:31:00] Load:1.6 Mem:87% Services:5/5
[23:31:30] Load:1.7 Mem:86% Services:5/5
[23:32:00] Load:1.6 Mem:86% Services:5/5
[23:32:30] Load:2.1 Mem:87% Services:5/5
[23:33:00] Load:1.4 Mem:86% Services:5/5
[23:33:30] Load:0.9 Mem:87% Services:5/5
[23:34:00] Load:0.7 Mem:86% Services:5/5
[23:34:30] Load:0.4 Mem:86% Services:5/5
[23:35:00] Load:0.6 Mem:86% Services:5/5
[23:35:30] Load:0.5 Mem:87% Services:5/5
[23:36:00] Load:0.3 Mem:87% Services:5/5
[23:36:30] Load:0.2 Mem:87% Services:5/5
[23:37:00] Load:0.1 Mem:86% Services:5/5
[23:37:30] Load:0.2 Mem:87% Services:5/5
[23:38:00] Load:1.0 Mem:86% Services:5/5
[23:38:30] Load:0.6 Mem:86% Services:5/5
[23:39:00] Load:0.8 Mem:87% Services:5/5
[23:39:30] Load:0.8 Mem:86% Services:5/5
[23:40:00] Load:0.7 Mem:86% Services:5/5
[23:40:30] Load:0.5 Mem:86% Services:5/5
[23:41:00] Load:0.3 Mem:86% Services:5/5
[23:41:30] Load:1.7 Mem:86% Services:5/5
[23:42:00] Load:1.4 Mem:86% Services:5/5
[23:42:30] Load:1.5 Mem:86% Services:5/5
[23:43:00] Load:0.9 Mem:86% Services:5/5
[23:43:30] Load:0.6 Mem:86% Services:5/5
[23:44:00] Load:0.6 Mem:86% Services:5/5
[23:44:30] Load:0.6 Mem:86% Services:5/5
[23:45:00] Load:0.4 Mem:86% Services:5/5
[23:45:30] Load:0.4 Mem:86% Services:5/5
[23:46:00] Load:0.2 Mem:86% Services:5/5
[23:46:30] Load:0.4 Mem:86% Services:5/5
[23:47:00] Load:0.3 Mem:86% Services:5/5
[23:47:30] Load:0.2 Mem:86% Services:5/5
[23:48:00] Load:0.2 Mem:86% Services:5/5
[23:48:31] Load:0.8 Mem:86% Services:5/5
[23:49:01] Load:1.0 Mem:86% Services:5/5
[23:49:31] Load:1.4 Mem:86% Services:5/5
[23:50:01] Load:2.0 Mem:86% Services:5/5
[ALERT] WARNING: cpu_load = 2.65
[23:50:31] Load:2.6 Mem:85% Services:5/5
[23:51:01] Load:2.2 Mem:85% Services:5/5
[23:51:31] Load:1.8 Mem:85% Services:5/5
[23:52:01] Load:1.8 Mem:85% Services:5/5
[23:52:31] Load:1.6 Mem:85% Services:5/5
[23:53:01] Load:1.8 Mem:85% Services:5/5
[23:53:31] Load:1.1 Mem:85% Services:5/5
[23:54:01] Load:0.8 Mem:85% Services:5/5
[23:54:31] Load:0.8 Mem:84% Services:5/5
[23:55:01] Load:0.7 Mem:84% Services:5/5
[23:55:31] Load:0.6 Mem:84% Services:5/5
[23:56:01] Load:0.3 Mem:85% Services:5/5
[23:56:31] Load:0.2 Mem:84% Services:5/5
[23:57:01] Load:0.1 Mem:84% Services:5/5
[23:57:31] Load:0.2 Mem:85% Services:5/5
[23:58:01] Load:0.2 Mem:85% Services:5/5
[23:58:31] Load:0.1 Mem:84% Services:5/5
[23:59:01] Load:0.2 Mem:85% Services:5/5
[23:59:31] Load:0.5 Mem:85% Services:5/5
[00:00:01] Load:0.5 Mem:85% Services:5/5
[00:00:31] Load:0.9 Mem:84% Services:5/5
[00:01:01] Load:0.7 Mem:85% Services:5/5
[00:01:31] Load:0.7 Mem:84% Services:5/5
[00:02:01] Load:0.6 Mem:85% Services:5/5
[00:02:31] Load:0.4 Mem:84% Services:5/5
[00:03:01] Load:0.2 Mem:84% Services:5/5
[00:03:31] Load:0.2 Mem:85% Services:5/5
[00:04:01] Load:0.4 Mem:84% Services:5/5
[00:04:31] Load:0.6 Mem:85% Services:5/5
[00:05:01] Load:0.4 Mem:84% Services:5/5
[00:05:31] Load:1.1 Mem:84% Services:5/5
[00:06:01] Load:0.8 Mem:85% Services:5/5
[00:06:31] Load:0.6 Mem:84% Services:5/5
[00:07:01] Load:0.6 Mem:84% Services:5/5
[00:07:31] Load:0.6 Mem:85% Services:5/5
[00:08:01] Load:0.4 Mem:84% Services:5/5
[00:08:31] Load:0.5 Mem:84% Services:5/5
[00:09:01] Load:0.8 Mem:85% Services:5/5
[00:09:31] Load:1.0 Mem:85% Services:5/5
[00:10:01] Load:1.0 Mem:85% Services:5/5
[00:10:31] Load:1.0 Mem:84% Services:5/5
[00:11:01] Load:1.1 Mem:85% Services:5/5
[00:11:31] Load:1.2 Mem:84% Services:5/5
[00:12:01] Load:1.1 Mem:85% Services:5/5
[00:12:31] Load:1.1 Mem:84% Services:5/5
[00:13:01] Load:1.5 Mem:85% Services:5/5
[00:13:31] Load:1.8 Mem:85% Services:5/5
[ALERT] WARNING: cpu_load = 2.69
[00:14:01] Load:2.7 Mem:84% Services:5/5
[00:14:31] Load:1.8 Mem:85% Services:5/5
[00:15:01] Load:1.5 Mem:85% Services:5/5
[00:15:31] Load:1.0 Mem:85% Services:5/5
[00:16:01] Load:0.7 Mem:85% Services:5/5
[00:16:31] Load:0.5 Mem:85% Services:5/5
[00:17:01] Load:0.3 Mem:85% Services:5/5
[00:17:31] Load:0.6 Mem:85% Services:5/5
[00:18:01] Load:0.8 Mem:85% Services:5/5
[00:18:31] Load:0.7 Mem:85% Services:5/5
[00:19:01] Load:1.2 Mem:84% Services:5/5
[00:19:31] Load:1.9 Mem:85% Services:5/5
[00:20:01] Load:1.3 Mem:85% Services:5/5
[00:20:31] Load:1.2 Mem:84% Services:5/5
[00:21:01] Load:0.8 Mem:85% Services:5/5
[00:21:31] Load:0.5 Mem:85% Services:5/5
[00:22:01] Load:0.3 Mem:85% Services:5/5
[00:22:31] Load:0.7 Mem:85% Services:5/5
[00:23:01] Load:0.4 Mem:85% Services:5/5
[00:23:31] Load:0.2 Mem:85% Services:5/5
[00:24:01] Load:0.1 Mem:85% Services:5/5
[00:24:31] Load:0.2 Mem:85% Services:5/5
[00:25:01] Load:0.3 Mem:85% Services:5/5
[00:25:31] Load:0.8 Mem:85% Services:5/5
[00:26:01] Load:1.2 Mem:85% Services:5/5
[00:26:31] Load:0.8 Mem:85% Services:5/5
[00:27:01] Load:1.3 Mem:85% Services:5/5
[00:27:31] Load:0.8 Mem:85% Services:5/5[[00:28:01] Load:1.0 Mem:85% Services:5/5
[00:28:31] Load:0.9 Mem:85% Services:5/5
[00:29:01] Load:0.5 Mem:85% Services:5/5
[00:29:31] Load:0.7 Mem:85% Services:5/5
[00:30:01] Load:1.2 Mem:85% Services:5/5
[00:30:31] Load:1.4 Mem:85% Services:5/5
[00:31:01] Load:1.6 Mem:85% Services:5/5
[ALERT] WARNING: cpu_load = 2.7
[00:31:31] Load:2.7 Mem:85% Services:5/5
[00:32:01] Load:2.0 Mem:85% Services:5/5
[00:32:31] Load:2.4 Mem:85% Services:5/5
[00:33:01] Load:1.9 Mem:85% Services:5/5
[00:33:31] Load:1.6 Mem:85% Services:5/5
[00:34:01] Load:1.6 Mem:85% Services:5/5
[00:34:31] Load:1.4 Mem:85% Services:5/5
[00:35:01] Load:1.0 Mem:85% Services:5/5
[00:35:31] Load:0.9 Mem:85% Services:5/5
[00:36:01] Load:1.3 Mem:85% Services:5/5
[00:36:31] Load:0.8 Mem:85% Services:5/5
[00:37:01] Load:0.5 Mem:85% Services:5/5
[00:37:31] Load:0.3 Mem:85% Services:5/5
[00:38:01] Load:0.4 Mem:85% Services:5/5
[00:38:31] Load:0.4 Mem:85% Services:5/5
[00:39:01] Load:0.2 Mem:85% Services:5/5
[00:39:31] Load:1.0 Mem:85% Services:5/5
[00:40:01] Load:0.9 Mem:85% Services:5/5
[00:40:31] Load:1.9 Mem:85% Services:5/5
[00:41:01] Load:1.2 Mem:85% Services:5/5
[00:41:31] Load:0.8 Mem:85% Services:5/5
[00:42:01] Load:0.6 Mem:85% Services:5/5
[00:42:31] Load:0.4 Mem:85% Services:5/5
[00:43:01] Load:0.4 Mem:85% Services:5/5
[00:43:31] Load:0.2 Mem:85% Services:5/5
[00:44:01] Load:0.1 Mem:86% Services:5/5
[00:44:31] Load:0.1 Mem:85% Services:5/5
[00:45:01] Load:0.2 Mem:85% Services:5/5
[00:45:31] Load:0.2 Mem:85% Services:5/5
[00:46:01] Load:0.4 Mem:85% Services:5/5
[00:46:31] Load:0.3 Mem:85% Services:5/5
[00:47:01] Load:1.7 Mem:85% Services:5/5
[00:47:31] Load:1.3 Mem:85% Services:5/5
[00:48:01] Load:1.4 Mem:85% Services:5/5
[00:48:31] Load:1.7 Mem:85% Services:5/5
[00:49:01] Load:1.0 Mem:85% Services:5/5
[00:49:31] Load:1.5 Mem:85% Services:5/5
[00:50:01] Load:1.4 Mem:85% Services:5/5
[00:50:31] Load:0.9 Mem:85% Services:5/5
[00:51:01] Load:1.3 Mem:86% Services:5/5
[00:51:31] Load:1.5 Mem:85% Services:5/5
[ALERT] WARNING: cpu_load = 2.06
[00:52:01] Load:2.1 Mem:85% Services:5/5
[00:52:31] Load:1.6 Mem:85% Services:5/5
[00:53:01] Load:1.7 Mem:85% Services:5/5
[00:53:32] Load:1.4 Mem:85% Services:5/5
[00:54:02] Load:1.5 Mem:85% Services:5/5
[00:54:32] Load:1.6 Mem:86% Services:5/5
[00:55:02] Load:1.3 Mem:85% Services:5/5
[00:55:32] Load:1.5 Mem:85% Services:5/5
[00:56:02] Load:1.6 Mem:85% Services:5/5
[00:56:32] Load:1.2 Mem:85% Services:5/5
[00:57:02] Load:0.9 Mem:85% Services:5/5
[00:57:32] Load:0.7 Mem:85% Services:5/5
[00:58:02] Load:0.4 Mem:85% Services:5/5
[00:58:32] Load:0.3 Mem:85% Services:5/5
[00:59:02] Load:0.3 Mem:85% Services:5/5
[00:59:32] Load:0.8 Mem:85% Services:5/5
[01:00:02] Load:0.8 Mem:85% Services:5/5
[01:00:32] Load:1.4 Mem:85% Services:5/5
[01:01:02] Load:1.4 Mem:85% Services:5/5
[01:01:32] Load:0.8 Mem:85% Services:5/5
[01:02:02] Load:0.7 Mem:85% Services:5/5
[01:02:32] Load:1.1 Mem:85% Services:5/5
[01:03:02] Load:0.9 Mem:85% Services:5/5
[01:03:32] Load:0.8 Mem:86% Services:5/5
[01:04:02] Load:0.6 Mem:86% Services:5/5
[01:04:32] Load:1.2 Mem:86% Services:5/5
[01:05:02] Load:0.9 Mem:86% Services:5/5
[01:05:32] Load:0.8 Mem:86% Services:5/5
[01:06:02] Load:1.2 Mem:86% Services:5/5
[01:06:32] Load:0.9 Mem:86% Services:5/5
[01:07:02] Load:0.5 Mem:86% Services:5/5
[01:07:32] Load:0.4 Mem:86% Services:5/5
[01:08:02] Load:0.5 Mem:85% Services:5/5
[01:08:32] Load:0.5 Mem:85% Services:5/5
[01:09:02] Load:0.3 Mem:85% Services:5/5
[01:09:32] Load:0.2 Mem:85% Services:5/5
[01:10:02] Load:0.9 Mem:85% Services:5/5
[01:10:32] Load:0.5 Mem:85% Services:5/5
[01:11:02] Load:0.3 Mem:86% Services:5/5
[01:11:32] Load:1.6 Mem:85% Services:5/5
[ALERT] WARNING: cpu_load = 2.23
[01:12:02] Load:2.2 Mem:85% Services:5/5
[01:12:32] Load:2.2 Mem:85% Services:5/5
[01:13:02] Load:1.8 Mem:85% Services:5/5
[01:13:32] Load:1.5 Mem:85% Services:5/5
[01:14:02] Load:1.6 Mem:85% Services:5/5
[01:14:32] Load:1.6 Mem:85% Services:5/5
[01:15:02] Load:1.4 Mem:85% Services:5/5
[01:15:32] Load:1.7 Mem:85% Services:5/5
[01:16:02] Load:1.5 Mem:85% Services:5/5
[01:16:32] Load:1.0 Mem:85% Services:5/5
[01:17:02] Load:0.9 Mem:85% Services:5/5
[01:17:32] Load:1.3 Mem:85% Services:5/5
[01:18:02] Load:1.1 Mem:85% Services:5/5
[01:18:32] Load:0.8 Mem:86% Services:5/5
[01:19:02] Load:0.8 Mem:85% Services:5/5
[01:19:32] Load:0.5 Mem:85% Services:5/5
[01:20:02] Load:0.8 Mem:85% Services:5/5
[01:20:32] Load:0.5 Mem:85% Services:5/5
[01:21:02] Load:0.3 Mem:86% Services:5/5
[01:21:32] Load:0.5 Mem:85% Services:5/5
[01:22:02] Load:0.4 Mem:85% Services:5/5
[01:22:32] Load:0.3 Mem:85% Services:5/5
[01:23:02] Load:0.2 Mem:85% Services:5/5
[01:23:32] Load:0.5 Mem:85% Services:5/5
[01:24:02] Load:0.4 Mem:85% Services:5/5
[01:24:32] Load:0.3 Mem:85% Services:5/5
[01:25:02] Load:0.6 Mem:85% Services:5/5
[01:25:32] Load:1.5 Mem:85% Services:5/5
[01:26:02] Load:1.1 Mem:85% Services:5/5
[01:26:32] Load:0.7 Mem:85% Services:5/5
[01:27:02] Load:0.4 Mem:86% Services:5/5
[01:27:32] Load:0.3 Mem:85% Services:5/5
[01:28:02] Load:0.4 Mem:85% Services:5/5
[01:28:32] Load:0.4 Mem:85% Services:5/5
[01:29:02] Load:0.3 Mem:85% Services:5/5
[01:29:32] Load:0.2 Mem:85% Services:5/5
[01:30:02] Load:0.9 Mem:85% Services:5/5
[01:30:32] Load:0.8 Mem:85% Services:5/5
[01:31:02] Load:1.0 Mem:85% Services:5/5
[01:31:32] Load:0.9 Mem:85% Services:5/5
[01:32:02] Load:0.6 Mem:85% Services:5/5
[01:32:32] Load:1.2 Mem:85% Services:5/5
[01:33:02] Load:1.3 Mem:85% Services:5/5
[01:33:32] Load:1.2 Mem:86% Services:5/5
[01:34:02] Load:1.3 Mem:85% Services:5/5
[01:34:32] Load:1.2 Mem:85% Services:5/5
[01:35:02] Load:1.5 Mem:85% Services:5/5
[01:35:32] Load:1.7 Mem:86% Services:5/5
[ALERT] WARNING: cpu_load = 2.09
[01:36:02] Load:2.1 Mem:85% Services:5/5
[01:36:32] Load:1.8 Mem:85% Services:5/5
[01:37:02] Load:1.9 Mem:86% Services:5/5
[01:37:32] Load:1.5 Mem:85% Services:5/5
[01:38:02] Load:1.7 Mem:85% Services:5/5
[01:38:32] Load:1.3 Mem:85% Services:5/5
[01:39:02] Load:1.8 Mem:86% Services:5/5
[01:39:32] Load:1.6 Mem:85% Services:5/5
[01:40:02] Load:1.0 Mem:85% Services:5/5
[01:40:32] Load:0.8 Mem:86% Services:5/5
[01:41:02] Load:0.8 Mem:85% Services:5/5
[01:41:32] Load:0.7 Mem:85% Services:5/5
[01:42:02] Load:0.6 Mem:85% Services:5/5
[01:42:32] Load:1.2 Mem:85% Services:5/5
[01:43:02] Load:0.8 Mem:85% Services:5/5
[01:43:32] Load:0.5 Mem:85% Services:5/5
[01:44:02] Load:0.6 Mem:85% Services:5/5
[01:44:32] Load:0.4 Mem:85% Services:5/5
[01:45:02] Load:0.3 Mem:85% Services:5/5
[01:45:32] Load:0.4 Mem:85% Services:5/5
[01:46:02] Load:0.3 Mem:85% Services:5/5
[01:46:32] Load:0.9 Mem:85% Services:5/5
[01:47:02] Load:0.8 Mem:85% Services:5/5
[01:47:32] Load:0.5 Mem:85% Services:5/5
[01:48:02] Load:0.8 Mem:86% Services:5/5
[01:48:32] Load:0.8 Mem:85% Services:5/5
[01:49:02] Load:0.5 Mem:85% Services:5/5
[01:49:32] Load:0.3 Mem:85% Services:5/5
[01:50:02] Load:0.7 Mem:85% Services:5/5
[01:50:32] Load:0.6 Mem:86% Services:5/5
[01:51:02] Load:0.7 Mem:85% Services:5/5
[01:51:32] Load:0.6 Mem:85% Services:5/5
[01:52:02] Load:0.4 Mem:85% Services:5/5
[01:52:32] Load:0.3 Mem:85% Services:5/5
[01:53:02] Load:0.4 Mem:85% Services:5/5
[01:53:32] Load:0.9 Mem:85% Services:5/5
[01:54:02] Load:1.0 Mem:85% Services:5/5
[01:54:32] Load:1.0 Mem:85% Services:5/5
[01:55:02] Load:1.1 Mem:85% Services:5/5
[01:55:32] Load:1.3 Mem:85% Services:5/5
[01:56:02] Load:1.4 Mem:85% Services:5/5
[01:56:32] Load:1.2 Mem:85% Services:5/5
[01:57:02] Load:1.1 Mem:85% Services:5/5
[01:57:32] Load:1.4 Mem:85% Services:5/5
[01:58:02] Load:1.1 Mem:85% Services:5/5
[01:58:32] Load:0.8 Mem:86% Services:5/5
[01:59:02] Load:1.0 Mem:85% Services:5/5
[01:59:32] Load:1.5 Mem:85% Services:5/5
[02:00:02] Load:1.4 Mem:85% Services:5/5
[02:00:32] Load:1.0 Mem:85% Services:5/5
[02:01:02] Load:0.7 Mem:85% Services:5/5
[02:01:33] Load:0.6 Mem:85% Services:5/5
[02:02:03] Load:0.5 Mem:85% Services:5/5
[02:02:33] Load:0.5 Mem:85% Services:5/5
[02:03:03] Load:0.5 Mem:85% Services:5/5
[02:03:33] Load:1.1 Mem:85% Services:5/5
[02:04:03] Load:1.0 Mem:85% Services:5/5
[02:04:33] Load:1.3 Mem:86% Services:5/5
[02:05:03] Load:0.8 Mem:85% Services:5/5
[02:05:33] Load:0.5 Mem:85% Services:5/5[[02:06:03] Load:0.5 Mem:85% Services:5/5
[02:06:33] Load:0.7 Mem:85% Services:5/5
[02:07:03] Load:1.1 Mem:85% Services:5/5
[02:07:33] Load:0.7 Mem:85% Services:5/5
[02:08:03] Load:0.5 Mem:86% Services:5/5
[02:08:33] Load:0.4 Mem:85% Services:5/5
[02:09:03] Load:0.5 Mem:85% Services:5/5
[02:09:33] Load:0.3 Mem:85% Services:5/5
[02:10:03] Load:0.4 Mem:85% Services:5/5
[02:10:33] Load:0.5 Mem:85% Services:5/5
[02:11:03] Load:0.4 Mem:85% Services:5/5
[02:11:33] Load:0.6 Mem:85% Services:5/5
[02:12:03] Load:0.5 Mem:85% Services:5/5
[02:12:33] Load:1.1 Mem:85% Services:5/5
[02:13:03] Load:0.6 Mem:85% Services:5/5
[02:13:33] Load:1.1 Mem:85% Services:5/5
[02:14:03] Load:1.4 Mem:85% Services:5/5
[02:14:33] Load:1.6 Mem:85% Services:5/5
[02:15:03] Load:1.5 Mem:85% Services:5/5
[02:15:33] Load:1.4 Mem:85% Services:5/5
[ALERT] WARNING: cpu_load = 2.14
[02:16:03] Load:2.1 Mem:85% Services:5/5
[02:16:33] Load:1.7 Mem:85% Services:5/5
[02:17:03] Load:1.4 Mem:85% Services:5/5
[02:17:33] Load:1.4 Mem:85% Services:5/5
[02:18:03] Load:1.4 Mem:85% Services:5/5
[02:18:33] Load:1.5 Mem:85% Services:5/5
[02:19:03] Load:1.4 Mem:85% Services:5/5
[02:19:33] Load:0.9 Mem:85% Services:5/5
[02:20:03] Load:1.0 Mem:85% Services:5/5
[02:20:33] Load:1.1 Mem:86% Services:5/5
[02:21:03] Load:0.6 Mem:85% Services:5/5
[02:21:33] Load:0.4 Mem:85% Services:5/5
[02:22:03] Load:0.2 Mem:85% Services:5/5
[02:22:33] Load:0.3 Mem:85% Services:5/5
[02:23:03] Load:0.2 Mem:85% Services:5/5
[02:23:33] Load:0.3 Mem:85% Services:5/5
[02:24:03] Load:0.4 Mem:85% Services:5/5
[02:24:33] Load:0.3 Mem:86% Services:5/5
[02:25:03] Load:0.5 Mem:85% Services:5/5
[02:25:33] Load:0.3 Mem:85% Services:5/5
[02:26:03] Load:1.3 Mem:85% Services:5/5
[02:26:33] Load:0.8 Mem:85% Services:5/5
[02:27:03] Load:1.3 Mem:85% Services:5/5
[02:27:33] Load:0.8 Mem:85% Services:5/5
[02:28:03] Load:0.6 Mem:85% Services:5/5
[02:28:33] Load:0.4 Mem:85% Services:5/5
[02:29:03] Load:0.3 Mem:85% Services:5/5
[02:29:33] Load:0.8 Mem:85% Services:5/5
[02:30:03] Load:0.5 Mem:86% Services:5/5
[02:30:33] Load:0.4 Mem:85% Services:5/5
[02:31:03] Load:0.6 Mem:85% Services:5/5
[02:31:33] Load:0.6 Mem:85% Services:5/5
[02:32:03] Load:0.4 Mem:85% Services:5/5
[02:32:33] Load:0.3 Mem:85% Services:5/5
[02:33:03] Load:0.2 Mem:85% Services:5/5
[02:33:33] Load:0.1 Mem:85% Services:5/5
[02:34:03] Load:0.3 Mem:85% Services:5/5
[02:34:33] Load:0.2 Mem:85% Services:5/5
[02:35:03] Load:0.9 Mem:85% Services:5/5
[02:35:33] Load:1.0 Mem:86% Services:5/5
[02:36:03] Load:1.6 Mem:85% Services:5/5
[ALERT] WARNING: cpu_load = 2.07
[02:36:33] Load:2.1 Mem:86% Services:5/5
[02:37:03] Load:2.0 Mem:85% Services:5/5
[02:37:33] Load:2.4 Mem:85% Services:5/5
[02:38:03] Load:1.9 Mem:85% Services:5/5
[02:38:33] Load:1.8 Mem:85% Services:5/5
[02:39:03] Load:1.5 Mem:85% Services:5/5
[02:39:33] Load:1.5 Mem:85% Services:5/5
[02:40:03] Load:1.1 Mem:85% Services:5/5
[02:40:33] Load:0.9 Mem:85% Services:5/5
[02:41:03] Load:0.6 Mem:85% Services:5/5
[02:41:33] Load:0.7 Mem:85% Services:5/5
[02:42:03] Load:0.4 Mem:85% Services:5/5
[02:42:33] Load:0.4 Mem:85% Services:5/5
[02:43:03] Load:0.5 Mem:85% Services:5/5
[02:43:33] Load:0.3 Mem:85% Services:5/5
[02:44:03] Load:0.4 Mem:86% Services:5/5
[02:44:33] Load:1.2 Mem:85% Services:5/5
[02:45:03] Load:1.7 Mem:85% Services:5/5
[02:45:33] Load:1.4 Mem:85% Services:5/5
[02:46:03] Load:0.9 Mem:85% Services:5/5
[02:46:33] Load:0.5 Mem:85% Services:5/5
[02:47:03] Load:0.4 Mem:85% Services:5/5
[02:47:33] Load:0.4 Mem:86% Services:5/5
[02:48:03] Load:1.2 Mem:85% Services:5/5
[02:48:33] Load:1.1 Mem:85% Services:5/5
[02:49:03] Load:1.3 Mem:85% Services:5/5
[02:49:33] Load:1.1 Mem:85% Services:5/5
[02:50:03] Load:0.7 Mem:85% Services:5/5
[02:50:33] Load:0.4 Mem:85% Services:5/5
[02:51:03] Load:0.3 Mem:85% Services:5/5
[02:51:33] Load:0.2 Mem:85% Services:5/5
[02:52:03] Load:0.3 Mem:85% Services:5/5
[02:52:33] Load:0.2 Mem:85% Services:5/5
[02:53:03] Load:0.5 Mem:85% Services:5/5
[02:53:33] Load:1.3 Mem:86% Services:5/5
[02:54:03] Load:1.0 Mem:85% Services:5/5
[02:54:33] Load:0.7 Mem:85% Services:5/5
[02:55:03] Load:0.4 Mem:85% Services:5/5
[02:55:33] Load:0.2 Mem:85% Services:5/5
[02:56:03] Load:0.8 Mem:85% Services:5/5
[ALERT] WARNING: cpu_load = 2.17
[02:56:33] Load:2.2 Mem:85% Services:5/5
[02:57:03] Load:1.8 Mem:86% Services:5/5
[02:57:33] Load:1.6 Mem:85% Services:5/5
[02:58:03] Load:1.4 Mem:85% Services:5/5
[02:58:33] Load:3.1 Mem:85% Services:5/5
[02:59:03] Load:2.4 Mem:85% Services:5/5
[02:59:33] Load:1.8 Mem:85% Services:5/5
[03:00:03] Load:1.7 Mem:85% Services:5/5
[03:00:33] Load:1.5 Mem:85% Services:5/5
[03:01:03] Load:1.6 Mem:86% Services:5/5
[03:01:33] Load:1.8 Mem:85% Services:5/5
[03:02:03] Load:1.1 Mem:85% Services:5/5
[03:02:33] Load:1.1 Mem:85% Services:5/5
[03:03:03] Load:0.8 Mem:85% Services:5/5
[03:03:33] Load:0.6 Mem:85% Services:5/5
[03:04:03] Load:0.5 Mem:86% Services:5/5
[03:04:33] Load:0.4 Mem:85% Services:5/5
[03:05:03] Load:0.2 Mem:85% Services:5/5
[03:05:33] Load:0.3 Mem:86% Services:5/5
[03:06:03] Load:0.4 Mem:85% Services:5/5
[03:06:33] Load:0.4 Mem:85% Services:5/5
[03:07:03] Load:0.2 Mem:85% Services:5/5
[03:07:33] Load:0.2 Mem:85% Services:5/5
[03:08:03] Load:0.5 Mem:86% Services:5/5
[03:08:33] Load:0.5 Mem:86% Services:5/5
[03:09:03] Load:0.3 Mem:85% Services:5/5
[03:09:33] Load:0.2 Mem:85% Services:5/5
[03:10:04] Load:1.5 Mem:85% Services:5/5
[03:10:34] Load:1.4 Mem:86% Services:5/5
[03:11:04] Load:1.3 Mem:85% Services:5/5
[03:11:34] Load:1.6 Mem:85% Services:5/5
[03:12:04] Load:1.0 Mem:85% Services:5/5
[03:12:34] Load:1.3 Mem:86% Services:5/5
[03:13:04] Load:1.2 Mem:85% Services:5/5
[03:13:34] Load:0.7 Mem:86% Services:5/5
[03:14:04] Load:0.4 Mem:86% Services:5/5
[03:14:34] Load:0.5 Mem:86% Services:5/5
[03:15:04] Load:1.0 Mem:85% Services:5/5
[03:15:34] Load:0.6 Mem:85% Services:5/5
[03:16:04] Load:0.5 Mem:85% Services:5/5
[03:16:34] Load:0.6 Mem:86% Services:5/5
[03:17:04] Load:1.1 Mem:85% Services:5/5
[03:17:34] Load:1.1 Mem:85% Services:5/5
[03:18:04] Load:1.2 Mem:85% Services:5/5
[03:18:34] Load:1.4 Mem:85% Services:5/5
[03:19:04] Load:1.5 Mem:85% Services:5/5
[03:19:34] Load:1.3 Mem:85% Services:5/5
[03:20:04] Load:1.2 Mem:85% Services:5/5
[03:20:34] Load:1.1 Mem:85% Services:5/5
[03:21:04] Load:1.3 Mem:85% Services:5/5
[03:21:34] Load:1.4 Mem:86% Services:5/5
[03:22:04] Load:0.9 Mem:85% Services:5/5
[03:22:34] Load:0.6 Mem:85% Services:5/5
[03:23:04] Load:0.4 Mem:85% Services:5/5
[03:23:34] Load:0.4 Mem:86% Services:5/5
[03:24:04] Load:0.5 Mem:85% Services:5/5
[03:24:34] Load:0.6 Mem:85% Services:5/5
[03:25:04] Load:0.4 Mem:85% Services:5/5
[03:25:34] Load:0.4 Mem:86% Services:5/5
[03:26:04] Load:0.6 Mem:85% Services:5/5
[03:26:34] Load:1.5 Mem:85% Services:5/5
[03:27:04] Load:0.9 Mem:85% Services:5/5
[03:27:34] Load:0.7 Mem:86% Services:5/5
[03:28:04] Load:1.1 Mem:85% Services:5/5
[03:28:34] Load:0.9 Mem:85% Services:5/5
[03:29:04] Load:0.6 Mem:86% Services:5/5
[03:29:34] Load:0.4 Mem:85% Services:5/5
[03:30:04] Load:0.3 Mem:85% Services:5/5
[03:30:34] Load:0.4 Mem:85% Services:5/5
[03:31:04] Load:0.3 Mem:85% Services:5/5
[03:31:34] Load:0.2 Mem:86% Services:5/5
[03:32:04] Load:0.1 Mem:85% Services:5/5
[03:32:34] Load:0.4 Mem:85% Services:5/5
[03:33:04] Load:0.3 Mem:85% Services:5/5
[03:33:34] Load:0.2 Mem:85% Services:5/5
[03:34:04] Load:0.2 Mem:85% Services:5/5
[03:34:34] Load:0.1 Mem:85% Services:5/5
[03:35:04] Load:0.3 Mem:86% Services:5/5
[03:35:34] Load:0.4 Mem:85% Services:5/5
[03:36:04] Load:0.2 Mem:85% Services:5/5
[03:36:34] Load:0.5 Mem:86% Services:5/5
[03:37:04] Load:1.2 Mem:86% Services:5/5
[03:37:34] Load:1.3 Mem:85% Services:5/5
[03:38:04] Load:1.3 Mem:85% Services:5/5
[03:38:34] Load:1.3 Mem:85% Services:5/5
[03:39:04] Load:1.6 Mem:85% Services:5/5
[03:39:34] Load:1.8 Mem:85% Services:5/5
[ALERT] WARNING: cpu_load = 2.55
[03:40:04] Load:2.5 Mem:86% Services:5/5
[03:40:34] Load:2.2 Mem:85% Services:5/5
[03:41:04] Load:1.9 Mem:85% Services:5/5
[03:41:34] Load:1.8 Mem:85% Services:5/5
[03:42:04] Load:1.6 Mem:85% Services:5/5
[03:42:34] Load:1.3 Mem:85% Services:5/5
[03:43:04] Load:1.8 Mem:85% Services:5/5
[03:43:34] Load:1.1 Mem:85% Services:5/5
[03:44:04] Load:0.9 Mem:85% Services:5/5
[03:44:34] Load:0.7 Mem:85% Services:5/5
[03:45:04] Load:0.8 Mem:85% Services:5/5
[03:45:34] Load:0.5 Mem:85% Services:5/5
[03:46:04] Load:0.4 Mem:85% Services:5/5
[03:46:34] Load:0.6 Mem:85% Services:5/5
[03:47:04] Load:0.6 Mem:85% Services:5/5
[03:47:34] Load:0.3 Mem:85% Services:5/5
[03:48:04] Load:0.4 Mem:85% Services:5/5
[03:48:34] Load:0.7 Mem:85% Services:5/5
[03:49:04] Load:1.5 Mem:85% Services:5/5
[03:49:34] Load:0.9 Mem:85% Services:5/5
[03:50:04] Load:1.1 Mem:86% Services:5/5
[03:50:34] Load:0.7 Mem:85% Services:5/5
[03:51:04] Load:0.6 Mem:85% Services:5/5
[03:51:34] Load:0.3 Mem:85% Services:5/5
[03:52:04] Load:0.4 Mem:86% Services:5/5
[03:52:34] Load:1.0 Mem:85% Services:5/5
[03:53:04] Load:0.8 Mem:86% Services:5/5
[03:53:34] Load:0.5 Mem:85% Services:5/5
[03:54:04] Load:0.3 Mem:86% Services:5/5
[03:54:34] Load:0.4 Mem:86% Services:5/5
[03:55:04] Load:0.7 Mem:86% Services:5/5
[03:55:34] Load:0.9 Mem:85% Services:5/5
[03:56:04] Load:1.2 Mem:85% Services:5/5
[03:56:34] Load:0.7 Mem:85% Services:5/5
[03:57:04] Load:0.4 Mem:85% Services:5/5
[03:57:34] Load:0.8 Mem:85% Services:5/5
[03:58:04] Load:0.7 Mem:85% Services:5/5
[03:58:34] Load:0.9 Mem:85% Services:5/5
[03:59:04] Load:1.8 Mem:85% Services:5/5
[ALERT] WARNING: cpu_load = 2.21
[03:59:34] Load:2.2 Mem:85% Services:5/5
[04:00:04] Load:2.0 Mem:85% Services:5/5
[04:00:34] Load:1.8 Mem:85% Services:5/5
[04:01:04] Load:2.1 Mem:85% Services:5/5
[04:01:34] Load:1.7 Mem:85% Services:5/5
[04:02:04] Load:1.7 Mem:85% Services:5/5
[04:02:34] Load:1.6 Mem:85% Services:5/5
[04:03:04] Load:1.6 Mem:86% Services:5/5
[04:03:34] Load:1.5 Mem:85% Services:5/5
[04:04:04] Load:1.1 Mem:85% Services:5/5
[04:04:34] Load:0.9 Mem:85% Services:5/5
[04:05:04] Load:0.7 Mem:85% Services:5/5
[04:05:34] Load:0.7 Mem:86% Services:5/5
[04:06:04] Load:0.8 Mem:85% Services:5/5
[04:06:34] Load:0.8 Mem:86% Services:5/5
[04:07:04] Load:0.7 Mem:85% Services:5/5
[04:07:34] Load:1.2 Mem:85% Services:5/5
[04:08:04] Load:0.8 Mem:85% Services:5/5
[04:08:34] Load:0.7 Mem:85% Services:5/5
[04:09:04] Load:0.6 Mem:85% Services:5/5
[04:09:34] Load:0.4 Mem:85% Services:5/5
[04:10:04] Load:0.6 Mem:85% Services:5/5
[04:10:34] Load:1.9 Mem:85% Services:5/5
[04:11:04] Load:1.9 Mem:85% Services:5/5
[04:11:34] Load:1.2 Mem:85% Services:5/5
[04:12:04] Load:1.6 Mem:85% Services:5/5
[04:12:34] Load:1.0 Mem:85% Services:5/5
[04:13:04] Load:0.6 Mem:85% Services:5/5
[04:13:34] Load:0.5 Mem:85% Services:5/5
[04:14:04] Load:0.3 Mem:85% Services:5/5
[04:14:34] Load:0.2 Mem:85% Services:5/5
[04:15:04] Load:0.6 Mem:86% Services:5/5
[04:15:34] Load:0.6 Mem:85% Services:5/5
[04:16:04] Load:0.4 Mem:85% Services:5/5
[04:16:34] Load:0.4 Mem:85% Services:5/5
[04:17:04] Load:0.5 Mem:85% Services:5/5
[04:17:34] Load:0.3 Mem:85% Services:5/5
[04:18:04] Load:0.4 Mem:85% Services:5/5
[04:18:35] Load:0.5 Mem:85% Services:5/5
[04:19:05] Load:0.5 Mem:85% Services:5/5
[04:19:35] Load:1.1 Mem:85% Services:5/5
[04:20:05] Load:1.2 Mem:86% Services:5/5
[04:20:35] Load:1.6 Mem:85% Services:5/5
[04:21:05] Load:1.4 Mem:85% Services:5/5
[04:21:35] Load:1.5 Mem:85% Services:5/5
[04:22:05] Load:1.4 Mem:85% Services:5/5
[04:22:35] Load:1.7 Mem:85% Services:5/5
[ALERT] WARNING: cpu_load = 2.35
[04:23:05] Load:2.4 Mem:86% Services:5/5
[04:23:35] Load:2.2 Mem:85% Services:5/5
[04:24:05] Load:1.6 Mem:85% Services:5/5
[04:24:35] Load:1.9 Mem:85% Services:5/5
[04:25:05] Load:2.3 Mem:85% Services:5/5
[04:25:35] Load:1.4 Mem:85% Services:5/5
[04:26:05] Load:0.8 Mem:85% Services:5/5
[04:26:35] Load:0.8 Mem:86% Services:5/5
[04:27:05] Load:0.8 Mem:85% Services:5/5
[04:27:35] Load:0.5 Mem:85% Services:5/5
[04:28:05] Load:0.3 Mem:85% Services:5/5
[04:28:35] Load:0.5 Mem:85% Services:5/5
[04:29:05] Load:0.3 Mem:85% Services:5/5
[04:29:35] Load:0.4 Mem:85% Services:5/5
[04:30:05] Load:0.2 Mem:85% Services:5/5
[04:30:35] Load:0.3 Mem:85% Services:5/5
[04:31:05] Load:0.7 Mem:85% Services:5/5
[04:31:35] Load:1.1 Mem:85% Services:5/5
[04:32:05] Load:0.9 Mem:86% Services:5/5
[04:32:35] Load:0.5 Mem:85% Services:5/5
[04:33:05] Load:0.4 Mem:85% Services:5/5
[04:33:35] Load:0.3 Mem:85% Services:5/5
[04:34:05] Load:0.6 Mem:85% Services:5/5
[04:34:35] Load:0.3 Mem:85% Services:5/5
[04:35:05] Load:0.2 Mem:86% Services:5/5
[04:35:35] Load:0.1 Mem:85% Services:5/5
[04:36:05] Load:0.4 Mem:85% Services:5/5
[04:36:35] Load:1.1 Mem:86% Services:5/5
[04:37:05] Load:0.7 Mem:85% Services:5/5
[04:37:35] Load:0.4 Mem:85% Services:5/5
[04:38:05] Load:0.2 Mem:85% Services:5/5
[04:38:35] Load:1.6 Mem:85% Services:5/5
[04:39:05] Load:0.9 Mem:85% Services:5/5
[04:39:35] Load:0.6 Mem:85% Services:5/5
[04:40:05] Load:0.7 Mem:85% Services:5/5
[04:40:35] Load:1.5 Mem:85% Services:5/5
[04:41:05] Load:1.6 Mem:85% Services:5/5
[04:41:35] Load:1.4 Mem:85% Services:5/5
[04:42:05] Load:1.4 Mem:85% Services:5/5
[04:42:35] Load:1.5 Mem:85% Services:5/5
[04:43:05] Load:1.7 Mem:85% Services:5/5
[04:43:35] Load:1.5 Mem:85% Services:5/5
[04:44:05] Load:1.4 Mem:85% Services:5/5
[04:44:35] Load:1.4 Mem:85% Services:5/5
[04:45:05] Load:1.2 Mem:85% Services:5/5
[04:45:35] Load:0.9 Mem:85% Services:5/5
[04:46:05] Load:0.8 Mem:85% Services:5/5
[04:46:35] Load:0.5 Mem:85% Services:5/5
[04:47:05] Load:0.3 Mem:85% Services:5/5
[04:47:35] Load:0.8 Mem:85% Services:5/5
[04:48:05] Load:0.7 Mem:85% Services:5/5
[04:48:35] Load:0.7 Mem:85% Services:5/5
[04:49:05] Load:0.6 Mem:85% Services:5/5
[04:49:35] Load:0.8 Mem:85% Services:5/5
[04:50:05] Load:0.6 Mem:85% Services:5/5
[04:50:35] Load:0.5 Mem:85% Services:5/5
[04:51:05] Load:0.6 Mem:85% Services:5/5
[04:51:35] Load:0.5 Mem:85% Services:5/5
[04:52:05] Load:1.3 Mem:85% Services:5/5
[04:52:35] Load:0.8 Mem:85% Services:5/5
[04:53:05] Load:1.6 Mem:85% Services:5/5
[04:53:35] Load:0.9 Mem:85% Services:5/5
[04:54:05] Load:0.7 Mem:85% Services:5/5
[04:54:35] Load:0.6 Mem:86% Services:5/5
[04:55:05] Load:0.3 Mem:85% Services:5/5
[04:55:35] Load:0.3 Mem:86% Services:5/5
[04:56:05] Load:0.3 Mem:85% Services:5/5
[04:56:35] Load:0.4 Mem:85% Services:5/5
[04:57:05] Load:0.4 Mem:85% Services:5/5
[04:57:35] Load:0.3 Mem:85% Services:5/5
[04:58:05] Load:0.2 Mem:85% Services:5/5
[04:58:35] Load:0.3 Mem:85% Services:5/5
[04:59:05] Load:1.1 Mem:85% Services:5/5
[04:59:35] Load:1.4 Mem:85% Services:5/5
[05:00:05] Load:0.9 Mem:85% Services:5/5
[05:00:35] Load:0.6 Mem:85% Services:5/5
[05:01:05] Load:1.1 Mem:86% Services:5/5
[05:01:35] Load:1.4 Mem:85% Services:5/5
[05:02:05] Load:1.4 Mem:85% Services:5/5
[05:02:35] Load:1.4 Mem:85% Services:5/5
[05:03:05] Load:1.2 Mem:85% Services:5/5
[05:03:35] Load:1.3 Mem:85% Services:5/5
[05:04:05] Load:1.3 Mem:85% Services:5/5
[05:04:35] Load:1.5 Mem:85% Services:5/5
[05:05:05] Load:1.3 Mem:85% Services:5/5
[05:05:35] Load:1.7 Mem:86% Services:5/5
[05:06:05] Load:1.2 Mem:85% Services:5/5
[05:06:35] Load:0.8 Mem:85% Services:5/5
[05:07:05] Load:0.6 Mem:85% Services:5/5
[05:07:35] Load:0.7 Mem:85% Services:5/5
[05:08:05] Load:0.8 Mem:85% Services:5/5
[05:08:35] Load:1.1 Mem:86% Services:5/5
[05:09:05] Load:0.7 Mem:85% Services:5/5
[05:09:35] Load:0.4 Mem:85% Services:5/5
[05:10:05] Load:0.5 Mem:86% Services:5/5
[05:10:35] Load:0.3 Mem:85% Services:5/5
[05:11:05] Load:0.3 Mem:85% Services:5/5
[05:11:35] Load:0.6 Mem:85% Services:5/5
[05:12:05] Load:0.5 Mem:85% Services:5/5
[05:12:35] Load:1.1 Mem:85% Services:5/5
[05:13:05] Load:0.8 Mem:86% Services:5/5
[05:13:35] Load:0.6 Mem:85% Services:5/5
[05:14:05] Load:0.3 Mem:85% Services:5/5
[05:14:35] Load:0.4 Mem:85% Services:5/5
[05:15:05] Load:0.3 Mem:85% Services:5/5
[05:15:35] Load:0.3 Mem:85% Services:5/5
[05:16:05] Load:0.8 Mem:85% Services:5/5
[05:16:35] Load:0.7 Mem:85% Services:5/5
[05:17:05] Load:0.7 Mem:85% Services:5/5
[05:17:35] Load:1.4 Mem:85% Services:5/5
[ALERT] WARNING: memory = 96.2
[05:18:05] Load:0.9 Mem:96% Services:5/5
[05:18:35] Load:0.7 Mem:96% Services:5/5
[05:19:06] Load:0.7 Mem:96% Services:5/5
[05:19:36] Load:1.0 Mem:96% Services:5/5
[05:20:06] Load:1.1 Mem:96% Services:5/5
[05:20:36] Load:1.3 Mem:96% Services:5/5
[05:21:06] Load:1.5 Mem:96% Services:5/5
[05:21:36] Load:1.2 Mem:85% Services:5/5
[05:22:06] Load:1.3 Mem:85% Services:5/5
[05:22:36] Load:1.4 Mem:85% Services:5/5
[05:23:06] Load:1.4 Mem:85% Services:5/5
[05:23:36] Load:1.4 Mem:85% Services:5/5
[05:24:06] Load:1.4 Mem:85% Services:5/5
[05:24:36] Load:1.3 Mem:86% Services:5/5
[05:25:06] Load:1.2 Mem:86% Services:5/5
[05:25:36] Load:1.8 Mem:86% Services:5/5
[ALERT] WARNING: cpu_load = 2.27
[05:26:06] Load:2.3 Mem:86% Services:5/5
[05:26:36] Load:2.1 Mem:85% Services:5/5
[05:27:06] Load:1.4 Mem:86% Services:5/5
[05:27:36] Load:0.9 Mem:85% Services:5/5
[05:28:06] Load:1.0 Mem:86% Services:5/5
[05:28:36] Load:0.7 Mem:86% Services:5/5
[05:29:06] Load:0.6 Mem:86% Services:5/5
[05:29:36] Load:1.1 Mem:85% Services:5/5
[05:30:06] Load:0.7 Mem:85% Services:5/5
[05:30:36] Load:0.6 Mem:85% Services:5/5
[05:31:06] Load:0.4 Mem:86% Services:5/5
[05:31:36] Load:0.4 Mem:86% Services:5/5
[05:32:06] Load:0.2 Mem:86% Services:5/5
[05:32:36] Load:0.6 Mem:86% Services:5/5
[05:33:06] Load:1.5 Mem:85% Services:5/5
[05:33:36] Load:1.2 Mem:86% Services:5/5
[05:34:06] Load:0.7 Mem:86% Services:5/5
[05:34:36] Load:0.4 Mem:86% Services:5/5
[05:35:06] Load:0.5 Mem:86% Services:5/5
[05:35:36] Load:1.7 Mem:86% Services:5/5
[05:36:06] Load:1.0 Mem:86% Services:5/5
[05:36:36] Load:0.6 Mem:85% Services:5/5
[05:37:06] Load:0.5 Mem:86% Services:5/5
[05:37:36] Load:1.3 Mem:85% Services:5/5
[05:38:06] Load:0.8 Mem:86% Services:5/5
[05:38:36] Load:0.5 Mem:86% Services:5/5
[05:39:06] Load:0.4 Mem:86% Services:5/5
[05:39:36] Load:0.5 Mem:85% Services:5/5
[05:40:06] Load:0.3 Mem:86% Services:5/5
[05:40:36] Load:0.2 Mem:86% Services:5/5
[05:41:06] Load:0.8 Mem:86% Services:5/5
[05:41:36] Load:1.0 Mem:86% Services:5/5
[05:42:06] Load:0.8 Mem:86% Services:5/5
[05:42:36] Load:0.8 Mem:86% Services:5/5
[05:43:06] Load:1.2 Mem:86% Services:5/5
[05:43:36] Load:1.5 Mem:86% Services:5/5
[05:44:06] Load:1.9 Mem:86% Services:5/5
[05:44:36] Load:1.7 Mem:86% Services:5/5
[05:45:06] Load:1.5 Mem:86% Services:5/5
[05:45:36] Load:1.4 Mem:86% Services:5/5
[05:46:06] Load:1.3 Mem:86% Services:5/5
[05:46:36] Load:1.7 Mem:86% Services:5/5
[05:47:06] Load:1.9 Mem:86% Services:5/5
[05:47:36] Load:1.2 Mem:86% Services:5/5
[05:48:06] Load:0.8 Mem:86% Services:5/5
[05:48:36] Load:0.9 Mem:86% Services:5/5
[05:49:06] Load:0.6 Mem:86% Services:5/5
[05:49:36] Load:0.5 Mem:86% Services:5/5
[05:50:06] Load:0.8 Mem:85% Services:5/5
[05:50:36] Load:0.9 Mem:86% Services:5/5
[05:51:06] Load:1.3 Mem:86% Services:5/5
[05:51:36] Load:0.8 Mem:86% Services:5/5
[05:52:06] Load:0.8 Mem:86% Services:5/5
[05:52:36] Load:0.5 Mem:86% Services:5/5
[05:53:06] Load:1.1 Mem:86% Services:5/5
[05:53:36] Load:0.7 Mem:86% Services:5/5
[05:54:06] Load:0.5 Mem:86% Services:5/5
[05:54:36] Load:0.4 Mem:85% Services:5/5
[05:55:06] Load:0.3 Mem:86% Services:5/5
[05:55:36] Load:0.6 Mem:85% Services:5/5
[05:56:06] Load:0.8 Mem:86% Services:5/5
[05:56:36] Load:0.5 Mem:86% Services:5/5
[05:57:06] Load:1.3 Mem:85% Services:5/5
[05:57:36] Load:1.2 Mem:86% Services:5/5
[05:58:06] Load:1.3 Mem:86% Services:5/5
[05:58:36] Load:0.8 Mem:86% Services:5/5
[05:59:06] Load:0.8 Mem:86% Services:5/5
[05:59:36] Load:0.5 Mem:86% Services:5/5
[06:00:06] Load:0.6 Mem:86% Services:5/5
[06:00:36] Load:0.5 Mem:86% Services:5/5
[06:01:06] Load:0.6 Mem:86% Services:5/5
[06:01:36] Load:0.3 Mem:86% Services:5/5
[06:02:06] Load:0.4 Mem:86% Services:5/5
[06:02:36] Load:0.6 Mem:86% Services:5/5
[06:03:06] Load:0.6 Mem:86% Services:5/5
[06:03:36] Load:1.1 Mem:86% Services:5/5
[06:04:06] Load:1.3 Mem:86% Services:5/5
[06:04:36] Load:1.4 Mem:86% Services:5/5
[06:05:06] Load:1.3 Mem:86% Services:5/5
[06:05:36] Load:1.3 Mem:86% Services:5/5
[06:06:06] Load:1.6 Mem:86% Services:5/5
[06:06:36] Load:1.6 Mem:86% Services:5/5
[ALERT] WARNING: cpu_load = 2.39
[06:07:06] Load:2.4 Mem:86% Services:5/5
[06:07:36] Load:2.0 Mem:86% Services:5/5
[06:08:06] Load:2.1 Mem:86% Services:5/5
[06:08:36] Load:1.4 Mem:86% Services:5/5
[06:09:06] Load:1.0 Mem:86% Services:5/5
[06:09:36] Load:0.7 Mem:86% Services:5/5
[06:10:06] Load:0.8 Mem:86% Services:5/5
[06:10:36] Load:1.4 Mem:86% Services:5/5
[06:11:06] Load:1.0 Mem:86% Services:5/5
[06:11:36] Load:0.7 Mem:86% Services:5/5
[06:12:06] Load:0.5 Mem:86% Services:5/5
[06:12:36] Load:0.3 Mem:86% Services:5/5
[06:13:06] Load:0.5 Mem:86% Services:5/5
[06:13:36] Load:0.9 Mem:86% Services:5/5
[06:14:06] Load:0.5 Mem:86% Services:5/5
[06:14:36] Load:0.3 Mem:86% Services:5/5
[06:15:06] Load:0.3 Mem:86% Services:5/5
[06:15:36] Load:0.4 Mem:86% Services:5/5
[06:16:06] Load:0.5 Mem:86% Services:5/5
[06:16:36] Load:0.9 Mem:86% Services:5/5
[06:17:06] Load:1.0 Mem:86% Services:5/5
[06:17:36] Load:1.2 Mem:86% Services:5/5
[06:18:06] Load:1.0 Mem:86% Services:5/5
[06:18:36] Load:0.9 Mem:86% Services:5/5
[06:19:06] Load:0.5 Mem:86% Services:5/5
[06:19:36] Load:0.4 Mem:86% Services:5/5
[06:20:06] Load:0.3 Mem:86% Services:5/5
[06:20:36] Load:0.5 Mem:86% Services:5/5
[06:21:07] Load:0.3 Mem:86% Services:5/5
[06:21:37] Load:0.2 Mem:86% Services:5/5
[06:22:07] Load:0.1 Mem:86% Services:5/5
[06:22:37] Load:0.3 Mem:86% Services:5/5
[06:23:07] Load:0.2 Mem:86% Services:5/5
[06:23:37] Load:0.3 Mem:86% Services:5/5
[06:24:07] Load:0.8 Mem:86% Services:5/5
[06:24:37] Load:1.4 Mem:86% Services:5/5
[06:25:07] Load:1.4 Mem:86% Services:5/5
[06:25:37] Load:1.2 Mem:86% Services:5/5
[06:26:07] Load:1.1 Mem:86% Services:5/5
[06:26:37] Load:1.1 Mem:85% Services:5/5
[06:27:07] Load:1.3 Mem:86% Services:5/5
[06:27:37] Load:1.3 Mem:86% Services:5/5
[06:28:07] Load:1.3 Mem:86% Services:5/5
[06:28:37] Load:1.7 Mem:86% Services:5/5
[06:29:07] Load:1.5 Mem:86% Services:5/5
[06:29:37] Load:1.1 Mem:86% Services:5/5
[06:30:07] Load:0.9 Mem:86% Services:5/5
[06:30:37] Load:0.6 Mem:86% Services:5/5
[06:31:07] Load:0.7 Mem:86% Services:5/5
[06:31:37] Load:0.9 Mem:86% Services:5/5
[06:32:07] Load:1.2 Mem:86% Services:5/5
[06:32:37] Load:0.7 Mem:86% Services:5/5
[06:33:07] Load:0.4 Mem:86% Services:5/5
[06:33:37] Load:0.4 Mem:85% Services:5/5
[06:34:07] Load:0.4 Mem:86% Services:5/5
[06:34:37] Load:0.4 Mem:85% Services:5/5
[06:35:07] Load:1.1 Mem:86% Services:5/5
[06:35:37] Load:0.7 Mem:86% Services:5/5
[06:36:07] Load:0.6 Mem:86% Services:5/5
[06:36:37] Load:0.7 Mem:86% Services:5/5
[06:37:07] Load:0.8 Mem:86% Services:5/5
[06:37:37] Load:1.1 Mem:86% Services:5/5
[06:38:07] Load:0.7 Mem:86% Services:5/5
[06:38:37] Load:0.6 Mem:86% Services:5/5
[06:39:07] Load:0.4 Mem:86% Services:5/5
[06:39:37] Load:0.2 Mem:86% Services:5/5
[06:40:07] Load:0.2 Mem:86% Services:5/5
[06:40:37] Load:0.5 Mem:86% Services:5/5
[06:41:07] Load:0.6 Mem:86% Services:5/5
[06:41:37] Load:0.3 Mem:86% Services:5/5
[06:42:07] Load:0.2 Mem:86% Services:5/5
[06:42:37] Load:0.3 Mem:86% Services:5/5
[06:43:07] Load:0.4 Mem:86% Services:5/5
[06:43:37] Load:0.2 Mem:86% Services:5/5
[06:44:07] Load:0.1 Mem:86% Services:5/5
[06:44:37] Load:0.1 Mem:86% Services:5/5
[06:45:07] Load:0.9 Mem:86% Services:5/5
[06:45:37] Load:2.0 Mem:86% Services:5/5
[06:46:07] Load:1.6 Mem:86% Services:5/5
[06:46:37] Load:1.5 Mem:86% Services:5/5
[06:47:07] Load:1.3 Mem:86% Services:5/5
[06:47:37] Load:1.4 Mem:86% Services:5/5
[06:48:07] Load:1.6 Mem:89% Services:5/5
[06:48:37] Load:1.6 Mem:88% Services:5/5
[06:49:07] Load:1.7 Mem:88% Services:5/5
[ALERT] WARNING: cpu_load = 2.77
[06:49:37] Load:2.8 Mem:88% Services:5/5
[06:50:07] Load:1.7 Mem:89% Services:5/5
[06:50:37] Load:1.1 Mem:88% Services:5/5
[06:51:07] Load:0.7 Mem:88% Services:5/5
[06:51:37] Load:0.4 Mem:88% Services:5/5
[06:52:07] Load:0.8 Mem:88% Services:5/5
[06:52:37] Load:0.5 Mem:88% Services:5/5
[06:53:07] Load:0.4 Mem:88% Services:5/5
[06:53:37] Load:0.2 Mem:88% Services:5/5
[06:54:07] Load:0.3 Mem:88% Services:5/5
[06:54:37] Load:0.3 Mem:88% Services:5/5
[06:55:07] Load:0.3 Mem:88% Services:5/5
[06:55:37] Load:1.5 Mem:88% Services:5/5
[06:56:07] Load:0.9 Mem:88% Services:5/5
[06:56:37] Load:0.8 Mem:88% Services:5/5
[06:57:07] Load:0.5 Mem:88% Services:5/5
[06:57:37] Load:0.7 Mem:88% Services:5/5
[06:58:07] Load:1.9 Mem:88% Services:5/5
[06:58:37] Load:1.1 Mem:88% Services:5/5
[06:59:07] Load:0.8 Mem:88% Services:5/5
[06:59:37] Load:0.6 Mem:88% Services:5/5
[07:00:07] Load:0.3 Mem:88% Services:5/5
[07:00:37] Load:0.7 Mem:88% Services:5/5
